Clock: clk
Sources: clk 
Generated: no
Virtual: yes
Propagated: no
Period: 14.000000

===========================================================================
report_clock_properties
============================================================================
Clock                   Period          Waveform
----------------------------------------------------
clk                  14.000000    0.000000  7.000000

===========================================================================
report_clock_latency
============================================================================
Clock clk
rise -> rise
    min     max
0.000000 0.000000 source latency
0.308146         network latency _3222_/CLK
        0.327597 network latency _3295_/CLK
---------------
0.308146 0.327597 latency
        0.019451 skew

fall -> fall
    min     max
0.000000 0.000000 source latency
0.290422         network latency _3222_/CLK
        0.306622 network latency _3295_/CLK
---------------
0.290422 0.306622 latency
        0.016200 skew



===========================================================================
report_clock_min_period
============================================================================
clk period_min = 6.38 fmax = 156.80
