Clock: clk
Sources: clk 
Generated: no
Virtual: yes
Propagated: no
Period: 13.000000

===========================================================================
report_clock_properties
============================================================================
Clock                   Period          Waveform
----------------------------------------------------
clk                  13.000000    0.000000  6.500000

===========================================================================
report_clock_latency
============================================================================
Clock clk
rise -> rise
    min     max
0.000000 0.000000 source latency
0.427231         network latency _3221_/CLK
        0.447182 network latency _3256_/CLK
---------------
0.427231 0.447182 latency
        0.019951 skew

fall -> fall
    min     max
0.000000 0.000000 source latency
0.406265         network latency _3221_/CLK
        0.421745 network latency _3256_/CLK
---------------
0.406265 0.421745 latency
        0.015480 skew



===========================================================================
report_clock_min_period
============================================================================
clk period_min = 10.16 fmax = 98.41
