
===========================================================================
 report_power
============================================================================
======================= min_ss_100C_1v60 Corner ===================================

Group                    Internal    Switching      Leakage        Total
                            Power        Power        Power        Power (Watts)
------------------------------------------------------------------------
Sequential           5.311626e-05 3.151864e-05 2.191280e-06 8.682618e-05   2.4%
Combinational        1.696979e-03 1.836717e-03 6.793613e-06 3.540490e-03  96.9%
Clock                1.045787e-05 1.602021e-05 2.309643e-07 2.670904e-05   0.7%
Macro                0.000000e+00 0.000000e+00 0.000000e+00 0.000000e+00   0.0%
Pad                  0.000000e+00 0.000000e+00 0.000000e+00 0.000000e+00   0.0%
------------------------------------------------------------------------
Total                1.760553e-03 1.884256e-03 9.215853e-06 3.654025e-03 100.0%
                            48.2%        51.6%         0.3%

