
===========================================================================
 report_power
============================================================================
======================= nom_tt_025C_1v80 Corner ===================================

Group                    Internal    Switching      Leakage        Total
                            Power        Power        Power        Power (Watts)
------------------------------------------------------------------------
Sequential           1.934446e-03 8.486828e-04 1.267211e-09 2.783130e-03   1.7%
Combinational        9.146044e-02 7.316753e-02 7.098944e-09 1.646280e-01  97.9%
Clock                3.564013e-04 3.850581e-04 1.138696e-09 7.414605e-04   0.4%
Macro                0.000000e+00 0.000000e+00 0.000000e+00 0.000000e+00   0.0%
Pad                  0.000000e+00 0.000000e+00 0.000000e+00 0.000000e+00   0.0%
------------------------------------------------------------------------
Total                9.375128e-02 7.440128e-02 9.504905e-09 1.681526e-01 100.0%
                            55.8%        44.2%         0.0%
Writing metric power__internal__total: 0.09375128149986267
Writing metric power__switching__total: 0.07440128177404404
Writing metric power__leakage__total: 9.504905307267109e-9
Writing metric power__total: 0.1681525856256485

