Clock: clk
Sources: clk 
Generated: no
Virtual: yes
Propagated: no
Period: 40.000000

===========================================================================
report_clock_properties
============================================================================
Clock                   Period          Waveform
----------------------------------------------------
clk                  40.000000    0.000000 20.000000

===========================================================================
report_clock_latency
============================================================================
Clock clk
rise -> rise
    min     max
0.000000 0.000000 source latency
0.729859         network latency _3235_/CLK
        0.750760 network latency _3215_/CLK
---------------
0.729859 0.750760 latency
        0.020900 skew

fall -> fall
    min     max
0.000000 0.000000 source latency
0.703738         network latency _3235_/CLK
        0.720195 network latency _3298_/CLK
---------------
0.703738 0.720195 latency
        0.016458 skew



===========================================================================
report_clock_min_period
============================================================================
clk period_min = 23.01 fmax = 43.46
