
===========================================================================
report_checks -unconstrained
===========================================================================
======================= nom_tt_025C_1v80 Corner ===================================

Startpoint: _3302_ (rising edge-triggered flip-flop clocked by clk)
Endpoint: _3238_ (rising edge-triggered flip-flop clocked by clk)
Path Group: clk
Path Type: max

Fanout         Cap        Slew       Delay        Time   Description
---------------------------------------------------------------------------------------------
                                  0.000000    0.000000   clock clk (rise edge)
                                  0.000000    0.000000   clock source latency
     1    0.028987    0.000000    0.000000    0.000000 ^ clk (in)
                                                         clk (net)
                      0.002441    0.001221    0.001221 ^ clkbuf_0_clk/A (sky130_fd_sc_hd__clkbuf_16)
     8    0.118910    0.132024    0.184483    0.185703 ^ clkbuf_0_clk/X (sky130_fd_sc_hd__clkbuf_16)
                                                         clknet_0_clk (net)
                      0.132103    0.001476    0.187180 ^ clkbuf_3_0__f_clk/A (sky130_fd_sc_hd__clkbuf_16)
    12    0.059191    0.077492    0.187580    0.374760 ^ clkbuf_3_0__f_clk/X (sky130_fd_sc_hd__clkbuf_16)
                                                         clknet_3_0__leaf_clk (net)
                      0.077495    0.000575    0.375335 ^ _3302_/CLK (sky130_fd_sc_hd__dfrtp_4)
    15    0.043109    0.110539    0.550550    0.925885 v _3302_/Q (sky130_fd_sc_hd__dfrtp_4)
                                                         B_reg[12] (net)
                      0.110539    0.000461    0.926346 v _1910_/C (sky130_fd_sc_hd__and3_1)
     3    0.005171    0.048594    0.215591    1.141937 v _1910_/X (sky130_fd_sc_hd__and3_1)
                                                         _1175_ (net)
                      0.048594    0.000009    1.141946 v _2300_/B (sky130_fd_sc_hd__or4_1)
     4    0.008641    0.125066    0.550989    1.692935 v _2300_/X (sky130_fd_sc_hd__or4_1)
                                                         _1553_ (net)
                      0.125066    0.000011    1.692946 v _2304_/A2 (sky130_fd_sc_hd__a21o_1)
     3    0.006700    0.050888    0.221672    1.914618 v _2304_/X (sky130_fd_sc_hd__a21o_1)
                                                         _1557_ (net)
                      0.050888    0.000016    1.914634 v _2308_/C (sky130_fd_sc_hd__and3_1)
     2    0.004286    0.044708    0.184130    2.098764 v _2308_/X (sky130_fd_sc_hd__and3_1)
                                                         _1561_ (net)
                      0.044708    0.000010    2.098774 v _2310_/C (sky130_fd_sc_hd__or3_1)
     3    0.006516    0.088327    0.331234    2.430008 v _2310_/X (sky130_fd_sc_hd__or3_1)
                                                         _1563_ (net)
                      0.088327    0.000016    2.430024 v _2313_/A1 (sky130_fd_sc_hd__a21o_1)
     4    0.009536    0.060628    0.199062    2.629086 v _2313_/X (sky130_fd_sc_hd__a21o_1)
                                                         _1566_ (net)
                      0.060628    0.000028    2.629114 v _2319_/B (sky130_fd_sc_hd__and3_1)
     2    0.004635    0.044609    0.174940    2.804054 v _2319_/X (sky130_fd_sc_hd__and3_1)
                                                         _1572_ (net)
                      0.044609    0.000007    2.804062 v _2321_/C (sky130_fd_sc_hd__or3_1)
     3    0.007175    0.089523    0.336231    3.140293 v _2321_/X (sky130_fd_sc_hd__or3_1)
                                                         _1574_ (net)
                      0.089523    0.000041    3.140334 v _2326_/A1 (sky130_fd_sc_hd__a21o_1)
     4    0.009433    0.060208    0.199183    3.339517 v _2326_/X (sky130_fd_sc_hd__a21o_1)
                                                         _1579_ (net)
                      0.060208    0.000033    3.339550 v _2328_/C (sky130_fd_sc_hd__and3_1)
     2    0.004504    0.044063    0.189380    3.528930 v _2328_/X (sky130_fd_sc_hd__and3_1)
                                                         _1581_ (net)
                      0.044063    0.000015    3.528945 v _2330_/C (sky130_fd_sc_hd__or3_2)
     4    0.012004    0.106648    0.456166    3.985111 v _2330_/X (sky130_fd_sc_hd__or3_2)
                                                         _1583_ (net)
                      0.106648    0.000017    3.985128 v _2334_/A1 (sky130_fd_sc_hd__a21o_1)
     5    0.013573    0.078344    0.221100    4.206229 v _2334_/X (sky130_fd_sc_hd__a21o_1)
                                                         _1587_ (net)
                      0.078344    0.000031    4.206260 v _2338_/B (sky130_fd_sc_hd__and3_1)
     2    0.004827    0.045423    0.183882    4.390141 v _2338_/X (sky130_fd_sc_hd__and3_1)
                                                         _1591_ (net)
                      0.045423    0.000016    4.390158 v _2345_/C (sky130_fd_sc_hd__or3_1)
     3    0.007112    0.091705    0.335953    4.726111 v _2345_/X (sky130_fd_sc_hd__or3_1)
                                                         _1598_ (net)
                      0.091705    0.000015    4.726126 v _2347_/A1 (sky130_fd_sc_hd__a21o_1)
     4    0.009360    0.059982    0.199751    4.925877 v _2347_/X (sky130_fd_sc_hd__a21o_1)
                                                         _1600_ (net)
                      0.059982    0.000045    4.925922 v _2350_/C (sky130_fd_sc_hd__and3_1)
     2    0.004776    0.045191    0.190604    5.116527 v _2350_/X (sky130_fd_sc_hd__and3_1)
                                                         _1603_ (net)
                      0.045191    0.000026    5.116553 v _2352_/C (sky130_fd_sc_hd__or3_1)
     3    0.007552    0.091970    0.339244    5.455796 v _2352_/X (sky130_fd_sc_hd__or3_1)
                                                         _0106_ (net)
                      0.091970    0.000052    5.455848 v _2355_/A2 (sky130_fd_sc_hd__a21o_1)
     4    0.009304    0.059775    0.220944    5.676792 v _2355_/X (sky130_fd_sc_hd__a21o_1)
                                                         _0109_ (net)
                      0.059775    0.000030    5.676822 v _2362_/B (sky130_fd_sc_hd__and3_1)
     2    0.004709    0.044917    0.174910    5.851733 v _2362_/X (sky130_fd_sc_hd__and3_1)
                                                         _0116_ (net)
                      0.044917    0.000021    5.851753 v _2364_/C (sky130_fd_sc_hd__or3_1)
     3    0.006652    0.086365    0.332301    6.184055 v _2364_/X (sky130_fd_sc_hd__or3_1)
                                                         _0118_ (net)
                      0.086365    0.000034    6.184089 v _2366_/A2 (sky130_fd_sc_hd__a21o_1)
     4    0.009268    0.061572    0.218581    6.402670 v _2366_/X (sky130_fd_sc_hd__a21o_1)
                                                         _0120_ (net)
                      0.061572    0.000026    6.402696 v _2370_/B (sky130_fd_sc_hd__and3_1)
     2    0.004193    0.044325    0.173219    6.575915 v _2370_/X (sky130_fd_sc_hd__and3_1)
                                                         _0124_ (net)
                      0.044325    0.000006    6.575921 v _2372_/C (sky130_fd_sc_hd__or3_1)
     3    0.007669    0.094931    0.339982    6.915903 v _2372_/X (sky130_fd_sc_hd__or3_1)
                                                         _0126_ (net)
                      0.094931    0.000004    6.915907 v _2378_/A1 (sky130_fd_sc_hd__a21o_1)
     4    0.008877    0.059961    0.198898    7.114805 v _2378_/X (sky130_fd_sc_hd__a21o_1)
                                                         _0132_ (net)
                      0.059961    0.000019    7.114824 v _2383_/C (sky130_fd_sc_hd__and3_1)
     2    0.004898    0.047374    0.191199    7.306022 v _2383_/X (sky130_fd_sc_hd__and3_1)
                                                         _0137_ (net)
                      0.047374    0.000015    7.306037 v _2385_/C (sky130_fd_sc_hd__or3_1)
     3    0.007003    0.091122    0.335543    7.641580 v _2385_/X (sky130_fd_sc_hd__or3_1)
                                                         _0139_ (net)
                      0.091122    0.000018    7.641598 v _2387_/A1 (sky130_fd_sc_hd__a21o_1)
     4    0.011006    0.066418    0.205474    7.847072 v _2387_/X (sky130_fd_sc_hd__a21o_1)
                                                         _0141_ (net)
                      0.066418    0.000040    7.847112 v _2390_/B (sky130_fd_sc_hd__and3_1)
     3    0.008279    0.060341    0.195296    8.042408 v _2390_/X (sky130_fd_sc_hd__and3_1)
                                                         _0144_ (net)
                      0.060341    0.000040    8.042448 v _2392_/C (sky130_fd_sc_hd__or3_1)
     3    0.006033    0.085672    0.331799    8.374247 v _2392_/X (sky130_fd_sc_hd__or3_1)
                                                         _0146_ (net)
                      0.085672    0.000008    8.374254 v _2397_/A1 (sky130_fd_sc_hd__a21o_1)
     4    0.009576    0.062819    0.198122    8.572377 v _2397_/X (sky130_fd_sc_hd__a21o_1)
                                                         _0151_ (net)
                      0.062819    0.000018    8.572394 v _2406_/B (sky130_fd_sc_hd__and3_1)
     2    0.004471    0.045526    0.175134    8.747528 v _2406_/X (sky130_fd_sc_hd__and3_1)
                                                         _0160_ (net)
                      0.045526    0.000009    8.747538 v _2408_/C (sky130_fd_sc_hd__or3_1)
     3    0.007283    0.092724    0.337283    9.084820 v _2408_/X (sky130_fd_sc_hd__or3_1)
                                                         _0162_ (net)
                      0.092724    0.000011    9.084831 v _2410_/A2 (sky130_fd_sc_hd__a21o_1)
     3    0.006065    0.046809    0.206032    9.290863 v _2410_/X (sky130_fd_sc_hd__a21o_1)
                                                         _0164_ (net)
                      0.046809    0.000020    9.290883 v _2413_/C (sky130_fd_sc_hd__and3_1)
     2    0.004467    0.043885    0.183245    9.474129 v _2413_/X (sky130_fd_sc_hd__and3_1)
                                                         _0167_ (net)
                      0.043885    0.000010    9.474138 v _2415_/C (sky130_fd_sc_hd__or3_1)
     3    0.006216    0.086671    0.328755    9.802893 v _2415_/X (sky130_fd_sc_hd__or3_1)
                                                         _0169_ (net)
                      0.086671    0.000017    9.802910 v _2420_/A1 (sky130_fd_sc_hd__a21o_1)
     4    0.010430    0.066143    0.201596   10.004506 v _2420_/X (sky130_fd_sc_hd__a21o_1)
                                                         _0174_ (net)
                      0.066143    0.000004   10.004510 v _2428_/A1 (sky130_fd_sc_hd__a21bo_1)
     1    0.004302    0.042458    0.177709   10.182219 v _2428_/X (sky130_fd_sc_hd__a21bo_1)
                                                         _0180_ (net)
                      0.042458    0.000003   10.182221 v _2429_/B (sky130_fd_sc_hd__xor2_1)
     1    0.002234    0.064679    0.131765   10.313987 v _2429_/X (sky130_fd_sc_hd__xor2_1)
                                                         _0181_ (net)
                      0.064679    0.000004   10.313990 v _2430_/A1 (sky130_fd_sc_hd__mux2_1)
     1    0.002172    0.053136    0.287858   10.601848 v _2430_/X (sky130_fd_sc_hd__mux2_1)
                                                         _0025_ (net)
                      0.053136    0.000002   10.601850 v _3238_/D (sky130_fd_sc_hd__dfrtp_4)
                                             10.601850   data arrival time

                                 80.000000   80.000000   clock clk (rise edge)
                                  0.000000   80.000000   clock source latency
     1    0.028987    0.000000    0.000000   80.000000 ^ clk (in)
                                                         clk (net)
                      0.002441    0.001222   80.001221 ^ clkbuf_0_clk/A (sky130_fd_sc_hd__clkbuf_16)
     8    0.118910    0.132024    0.184478   80.185699 ^ clkbuf_0_clk/X (sky130_fd_sc_hd__clkbuf_16)
                                                         clknet_0_clk (net)
                      0.132123    0.001982   80.187683 ^ clkbuf_3_3__f_clk/A (sky130_fd_sc_hd__clkbuf_16)
    17    0.060135    0.078352    0.188358   80.376045 ^ clkbuf_3_3__f_clk/X (sky130_fd_sc_hd__clkbuf_16)
                                                         clknet_3_3__leaf_clk (net)
                      0.078352    0.000277   80.376320 ^ _3238_/CLK (sky130_fd_sc_hd__dfrtp_4)
                                 -0.100000   80.276321   clock uncertainty
                                  0.000000   80.276321   clock reconvergence pessimism
                                 -0.110185   80.166130   library setup time
                                             80.166130   data required time
---------------------------------------------------------------------------------------------
                                             80.166130   data required time
                                            -10.601850   data arrival time
---------------------------------------------------------------------------------------------
                                             69.564285   slack (MET)




===========================================================================
report_checks --slack_max -0.01
============================================================================
======================= nom_tt_025C_1v80 Corner ===================================

No paths found.


===========================================================================
 report_check_types -max_slew -max_cap -max_fanout -violators
============================================================================
======================= nom_tt_025C_1v80 Corner ===================================



===========================================================================
report_parasitic_annotation -report_unannotated
============================================================================
Found 7 unannotated drivers.
 clkload0/Y
 clkload1/Y
 clkload2/Y
 clkload3/Y
 clkload4/Y
 clkload5/Y
 clkload6/Y
Found 0 partially unannotated drivers.

===========================================================================
max slew violation count 0
Writing metric design__max_slew_violation__count__corner:nom_tt_025C_1v80: 0
max fanout violation count 0
Writing metric design__max_fanout_violation__count__corner:nom_tt_025C_1v80: 0
max cap violation count 0
Writing metric design__max_cap_violation__count__corner:nom_tt_025C_1v80: 0
============================================================================

===========================================================================
check_setup -verbose -unconstrained_endpoints -multiple_clock -no_clock -no_input_delay -loops -generated_clocks
===========================================================================
Warning: There are 36 input ports missing set_input_delay.
  A_in[0]
  A_in[10]
  A_in[11]
  A_in[12]
  A_in[13]
  A_in[14]
  A_in[15]
  A_in[1]
  A_in[2]
  A_in[3]
  A_in[4]
  A_in[5]
  A_in[6]
  A_in[7]
  A_in[8]
  A_in[9]
  B_in[0]
  B_in[10]
  B_in[11]
  B_in[12]
  B_in[13]
  B_in[14]
  B_in[15]
  B_in[1]
  B_in[2]
  B_in[3]
  B_in[4]
  B_in[5]
  B_in[6]
  B_in[7]
  B_in[8]
  B_in[9]
  Op_Sel[0]
  Op_Sel[1]
  Start
  rst_n
Warning: There are 17 unconstrained endpoints.
  Done
  X_out[0]
  X_out[10]
  X_out[11]
  X_out[12]
  X_out[13]
  X_out[14]
  X_out[15]
  X_out[1]
  X_out[2]
  X_out[3]
  X_out[4]
  X_out[5]
  X_out[6]
  X_out[7]
  X_out[8]
  X_out[9]
