
===========================================================================
 report_power
============================================================================
======================= min_tt_025C_1v80 Corner ===================================

Group                    Internal    Switching      Leakage        Total
                            Power        Power        Power        Power (Watts)
------------------------------------------------------------------------
Sequential           9.659083e-04 5.557057e-04 1.267214e-09 1.521615e-03   1.9%
Combinational        4.163255e-02 3.820639e-02 6.677046e-09 7.983894e-02  97.6%
Clock                1.805770e-04 2.822502e-04 1.081592e-08 4.628381e-04   0.6%
Macro                0.000000e+00 0.000000e+00 0.000000e+00 0.000000e+00   0.0%
Pad                  0.000000e+00 0.000000e+00 0.000000e+00 0.000000e+00   0.0%
------------------------------------------------------------------------
Total                4.277904e-02 3.904435e-02 1.876024e-08 8.182342e-02 100.0%
                            52.3%        47.7%         0.0%

