
===========================================================================
report_checks -unconstrained
===========================================================================
======================= min_tt_025C_1v80 Corner ===================================

Startpoint: _3302_ (rising edge-triggered flip-flop clocked by clk)
Endpoint: _3238_ (rising edge-triggered flip-flop clocked by clk)
Path Group: clk
Path Type: max

Fanout         Cap        Slew       Delay        Time   Description
---------------------------------------------------------------------------------------------
                                  0.000000    0.000000   clock clk (rise edge)
                                  0.000000    0.000000   clock source latency
     2    0.038133    0.000000    0.000000    0.000000 ^ clk (in)
                                                         clk (net)
                      0.001493    0.000747    0.000747 ^ clkbuf_0_clk/A (sky130_fd_sc_hd__clkbuf_16)
    17    0.156767    0.168818    0.208169    0.208915 ^ clkbuf_0_clk/X (sky130_fd_sc_hd__clkbuf_16)
                                                         clknet_0_clk (net)
                      0.169039    0.004962    0.213878 ^ clkbuf_3_0__f_clk/A (sky130_fd_sc_hd__clkbuf_16)
    25    0.087973    0.104984    0.219849    0.433727 ^ clkbuf_3_0__f_clk/X (sky130_fd_sc_hd__clkbuf_16)
                                                         clknet_3_0__leaf_clk (net)
                      0.105015    0.001760    0.435487 ^ _3302_/CLK (sky130_fd_sc_hd__dfrtp_4)
     6    0.022896    0.083480    0.525579    0.961065 v _3302_/Q (sky130_fd_sc_hd__dfrtp_4)
                                                         B_reg[12] (net)
                      0.083500    0.000936    0.962001 v _1910_/C (sky130_fd_sc_hd__and3_1)
     3    0.007376    0.056836    0.214004    1.176005 v _1910_/X (sky130_fd_sc_hd__and3_1)
                                                         _1175_ (net)
                      0.056836    0.000126    1.176131 v _2300_/A (sky130_fd_sc_hd__or4_4)
     4    0.009437    0.093075    0.547527    1.723659 v _2300_/X (sky130_fd_sc_hd__or4_4)
                                                         _1553_ (net)
                      0.093075    0.000067    1.723725 v _2304_/A1 (sky130_fd_sc_hd__a21o_1)
     3    0.008089    0.056027    0.194483    1.918208 v _2304_/X (sky130_fd_sc_hd__a21o_1)
                                                         _1557_ (net)
                      0.056027    0.000098    1.918306 v _2307_/A2 (sky130_fd_sc_hd__a21oi_1)
     3    0.010632    0.257927    0.251049    2.169355 ^ _2307_/Y (sky130_fd_sc_hd__a21oi_1)
                                                         _1560_ (net)
                      0.257927    0.000044    2.169399 ^ _2311_/B (sky130_fd_sc_hd__xor2_1)
     3    0.010079    0.240393    0.267351    2.436749 ^ _2311_/X (sky130_fd_sc_hd__xor2_1)
                                                         _1564_ (net)
                      0.240393    0.000105    2.436855 ^ _2313_/A2 (sky130_fd_sc_hd__a21o_1)
     4    0.010644    0.100515    0.200426    2.637281 ^ _2313_/X (sky130_fd_sc_hd__a21o_1)
                                                         _1566_ (net)
                      0.100515    0.000122    2.637403 ^ _2318_/A1 (sky130_fd_sc_hd__a21oi_1)
     3    0.011295    0.096857    0.117626    2.755029 v _2318_/Y (sky130_fd_sc_hd__a21oi_1)
                                                         _1571_ (net)
                      0.096857    0.000089    2.755118 v _2321_/B (sky130_fd_sc_hd__or3_4)
     3    0.007180    0.070168    0.386559    3.141677 v _2321_/X (sky130_fd_sc_hd__or3_4)
                                                         _1574_ (net)
                      0.070168    0.000042    3.141719 v _2326_/A1 (sky130_fd_sc_hd__a21o_1)
     4    0.009863    0.061920    0.192713    3.334432 v _2326_/X (sky130_fd_sc_hd__a21o_1)
                                                         _1579_ (net)
                      0.061920    0.000101    3.334533 v _2328_/A (sky130_fd_sc_hd__and3_1)
     2    0.006848    0.054371    0.165904    3.500437 v _2328_/X (sky130_fd_sc_hd__and3_1)
                                                         _1581_ (net)
                      0.054371    0.000091    3.500528 v _2330_/A (sky130_fd_sc_hd__or3_4)
     3    0.006956    0.069938    0.389251    3.889779 v _2330_/X (sky130_fd_sc_hd__or3_4)
                                                         _1583_ (net)
                      0.069938    0.000081    3.889860 v _2334_/A1 (sky130_fd_sc_hd__a21o_1)
     4    0.010491    0.064434    0.194849    4.084708 v _2334_/X (sky130_fd_sc_hd__a21o_1)
                                                         _1587_ (net)
                      0.064434    0.000118    4.084826 v rebuffer14/A (sky130_fd_sc_hd__dlymetal6s2s_1)
     2    0.007392    0.056390    0.161674    4.246500 v rebuffer14/X (sky130_fd_sc_hd__dlymetal6s2s_1)
                                                         net67 (net)
                      0.056390    0.000068    4.246568 v _2343_/A1 (sky130_fd_sc_hd__a21bo_1)
     1    0.004315    0.041019    0.173835    4.420403 v _2343_/X (sky130_fd_sc_hd__a21bo_1)
                                                         _1596_ (net)
                      0.041019    0.000064    4.420467 v _2344_/B1 (sky130_fd_sc_hd__a22o_1)
     2    0.006268    0.056040    0.191930    4.612398 v _2344_/X (sky130_fd_sc_hd__a22o_1)
                                                         _1597_ (net)
                      0.056040    0.000083    4.612481 v _2347_/B1 (sky130_fd_sc_hd__a21o_1)
     4    0.010494    0.064406    0.187399    4.799881 v _2347_/X (sky130_fd_sc_hd__a21o_1)
                                                         _1600_ (net)
                      0.064406    0.000135    4.800016 v _2348_/A2 (sky130_fd_sc_hd__a21oi_1)
     3    0.013888    0.312650    0.300261    5.100277 ^ _2348_/Y (sky130_fd_sc_hd__a21oi_1)
                                                         _1601_ (net)
                      0.312650    0.000279    5.100556 ^ _2349_/B (sky130_fd_sc_hd__xnor2_1)
     3    0.012183    0.300038    0.230812    5.331369 ^ _2349_/Y (sky130_fd_sc_hd__xnor2_1)
                                                         _1602_ (net)
                      0.300038    0.000121    5.331490 ^ _2355_/A2 (sky130_fd_sc_hd__a21o_1)
     4    0.010396    0.098782    0.210399    5.541888 ^ _2355_/X (sky130_fd_sc_hd__a21o_1)
                                                         _0109_ (net)
                      0.098782    0.000155    5.542044 ^ _2360_/A1 (sky130_fd_sc_hd__a21oi_1)
     3    0.011459    0.098797    0.117828    5.659872 v _2360_/Y (sky130_fd_sc_hd__a21oi_1)
                                                         _0114_ (net)
                      0.098797    0.000152    5.660024 v _2364_/B (sky130_fd_sc_hd__or3_4)
     2    0.005696    0.067809    0.382754    6.042778 v _2364_/X (sky130_fd_sc_hd__or3_4)
                                                         _0118_ (net)
                      0.067809    0.000085    6.042863 v _2366_/A1 (sky130_fd_sc_hd__a21o_1)
     4    0.009392    0.060176    0.190019    6.232882 v _2366_/X (sky130_fd_sc_hd__a21o_1)
                                                         _0120_ (net)
                      0.060176    0.000064    6.232945 v _2370_/B (sky130_fd_sc_hd__and3_1)
     2    0.006246    0.051606    0.182555    6.415501 v _2370_/X (sky130_fd_sc_hd__and3_1)
                                                         _0124_ (net)
                      0.051606    0.000074    6.415575 v _2372_/C (sky130_fd_sc_hd__or3_4)
     3    0.008482    0.072228    0.336670    6.752245 v _2372_/X (sky130_fd_sc_hd__or3_4)
                                                         _0126_ (net)
                      0.072228    0.000036    6.752281 v _2378_/A1 (sky130_fd_sc_hd__a21o_1)
     3    0.006663    0.049474    0.179437    6.931717 v _2378_/X (sky130_fd_sc_hd__a21o_1)
                                                         _0132_ (net)
                      0.049474    0.000021    6.931739 v _2383_/C (sky130_fd_sc_hd__and3_1)
     2    0.006754    0.053893    0.195539    7.127278 v _2383_/X (sky130_fd_sc_hd__and3_1)
                                                         _0137_ (net)
                      0.053893    0.000068    7.127346 v _2385_/C (sky130_fd_sc_hd__or3_4)
     3    0.008160    0.071724    0.336340    7.463686 v _2385_/X (sky130_fd_sc_hd__or3_4)
                                                         _0139_ (net)
                      0.071724    0.000071    7.463757 v _2387_/A1 (sky130_fd_sc_hd__a21o_1)
     4    0.012247    0.071398    0.201883    7.665640 v _2387_/X (sky130_fd_sc_hd__a21o_1)
                                                         _0141_ (net)
                      0.071398    0.000129    7.665769 v _2390_/A (sky130_fd_sc_hd__and3_1)
     3    0.010261    0.068002    0.184862    7.850631 v _2390_/X (sky130_fd_sc_hd__and3_1)
                                                         _0144_ (net)
                      0.068002    0.000168    7.850799 v _2392_/C (sky130_fd_sc_hd__or3_4)
     3    0.006827    0.069579    0.336983    8.187781 v _2392_/X (sky130_fd_sc_hd__or3_4)
                                                         _0146_ (net)
                      0.069579    0.000060    8.187840 v _2397_/A1 (sky130_fd_sc_hd__a21o_1)
     4    0.010733    0.065328    0.195594    8.383434 v _2397_/X (sky130_fd_sc_hd__a21o_1)
                                                         _0151_ (net)
                      0.065328    0.000076    8.383511 v _2406_/A (sky130_fd_sc_hd__and3_1)
     2    0.006400    0.052297    0.165308    8.548819 v _2406_/X (sky130_fd_sc_hd__and3_1)
                                                         _0160_ (net)
                      0.052297    0.000073    8.548892 v _2408_/C (sky130_fd_sc_hd__or3_4)
     3    0.008165    0.071710    0.335877    8.884768 v _2408_/X (sky130_fd_sc_hd__or3_4)
                                                         _0162_ (net)
                      0.071710    0.000073    8.884842 v _2410_/A1 (sky130_fd_sc_hd__a21o_1)
     3    0.007076    0.051366    0.181068    9.065910 v _2410_/X (sky130_fd_sc_hd__a21o_1)
                                                         _0164_ (net)
                      0.051366    0.000082    9.065991 v _2413_/A (sky130_fd_sc_hd__and3_1)
     2    0.005919    0.050145    0.156889    9.222880 v _2413_/X (sky130_fd_sc_hd__and3_1)
                                                         _0167_ (net)
                      0.050145    0.000048    9.222928 v _2415_/C (sky130_fd_sc_hd__or3_4)
     3    0.006443    0.069083    0.330076    9.553005 v _2415_/X (sky130_fd_sc_hd__or3_4)
                                                         _0169_ (net)
                      0.069083    0.000052    9.553058 v _2420_/A1 (sky130_fd_sc_hd__a21o_1)
     3    0.008480    0.057719    0.186395    9.739452 v _2420_/X (sky130_fd_sc_hd__a21o_1)
                                                         _0174_ (net)
                      0.057719    0.000050    9.739502 v _2428_/A1 (sky130_fd_sc_hd__a21bo_1)
     1    0.004323    0.041037    0.174426    9.913928 v _2428_/X (sky130_fd_sc_hd__a21bo_1)
                                                         _0180_ (net)
                      0.041037    0.000017    9.913944 v _2429_/B (sky130_fd_sc_hd__xor2_1)
     1    0.002503    0.067119    0.132881   10.046825 v _2429_/X (sky130_fd_sc_hd__xor2_1)
                                                         _0181_ (net)
                      0.067119    0.000013   10.046839 v _2430_/A1 (sky130_fd_sc_hd__mux2_4)
     1    0.002291    0.046644    0.256084   10.302923 v _2430_/X (sky130_fd_sc_hd__mux2_4)
                                                         _0025_ (net)
                      0.046644    0.000011   10.302934 v _3238_/D (sky130_fd_sc_hd__dfrtp_4)
                                             10.302934   data arrival time

                                 10.000000   10.000000   clock clk (rise edge)
                                  0.000000   10.000000   clock source latency
     2    0.038133    0.000000    0.000000   10.000000 ^ clk (in)
                                                         clk (net)
                      0.001493    0.000747   10.000747 ^ clkbuf_0_clk/A (sky130_fd_sc_hd__clkbuf_16)
    17    0.156767    0.168818    0.208169   10.208916 ^ clkbuf_0_clk/X (sky130_fd_sc_hd__clkbuf_16)
                                                         clknet_0_clk (net)
                      0.169018    0.004718   10.213634 ^ clkbuf_3_3__f_clk/A (sky130_fd_sc_hd__clkbuf_16)
    35    0.095665    0.111976    0.225381   10.439015 ^ clkbuf_3_3__f_clk/X (sky130_fd_sc_hd__clkbuf_16)
                                                         clknet_3_3__leaf_clk (net)
                      0.111995    0.001494   10.440509 ^ _3238_/CLK (sky130_fd_sc_hd__dfrtp_4)
                                 -0.100000   10.340509   clock uncertainty
                                  0.000000   10.340509   clock reconvergence pessimism
                                 -0.099658   10.240851   library setup time
                                             10.240851   data required time
---------------------------------------------------------------------------------------------
                                             10.240851   data required time
                                            -10.302934   data arrival time
---------------------------------------------------------------------------------------------
                                             -0.062083   slack (VIOLATED)




===========================================================================
report_checks --slack_max -0.01
============================================================================
======================= min_tt_025C_1v80 Corner ===================================

Startpoint: _3302_ (rising edge-triggered flip-flop clocked by clk)
Endpoint: _3238_ (rising edge-triggered flip-flop clocked by clk)
Path Group: clk
Path Type: max

Fanout         Cap        Slew       Delay        Time   Description
---------------------------------------------------------------------------------------------
                                  0.000000    0.000000   clock clk (rise edge)
                                  0.000000    0.000000   clock source latency
     2    0.038133    0.000000    0.000000    0.000000 ^ clk (in)
                                                         clk (net)
                      0.001493    0.000747    0.000747 ^ clkbuf_0_clk/A (sky130_fd_sc_hd__clkbuf_16)
    17    0.156767    0.168818    0.208169    0.208915 ^ clkbuf_0_clk/X (sky130_fd_sc_hd__clkbuf_16)
                                                         clknet_0_clk (net)
                      0.169039    0.004962    0.213878 ^ clkbuf_3_0__f_clk/A (sky130_fd_sc_hd__clkbuf_16)
    25    0.087973    0.104984    0.219849    0.433727 ^ clkbuf_3_0__f_clk/X (sky130_fd_sc_hd__clkbuf_16)
                                                         clknet_3_0__leaf_clk (net)
                      0.105015    0.001760    0.435487 ^ _3302_/CLK (sky130_fd_sc_hd__dfrtp_4)
     6    0.022896    0.083480    0.525579    0.961065 v _3302_/Q (sky130_fd_sc_hd__dfrtp_4)
                                                         B_reg[12] (net)
                      0.083500    0.000936    0.962001 v _1910_/C (sky130_fd_sc_hd__and3_1)
     3    0.007376    0.056836    0.214004    1.176005 v _1910_/X (sky130_fd_sc_hd__and3_1)
                                                         _1175_ (net)
                      0.056836    0.000126    1.176131 v _2300_/A (sky130_fd_sc_hd__or4_4)
     4    0.009437    0.093075    0.547527    1.723659 v _2300_/X (sky130_fd_sc_hd__or4_4)
                                                         _1553_ (net)
                      0.093075    0.000067    1.723725 v _2304_/A1 (sky130_fd_sc_hd__a21o_1)
     3    0.008089    0.056027    0.194483    1.918208 v _2304_/X (sky130_fd_sc_hd__a21o_1)
                                                         _1557_ (net)
                      0.056027    0.000098    1.918306 v _2307_/A2 (sky130_fd_sc_hd__a21oi_1)
     3    0.010632    0.257927    0.251049    2.169355 ^ _2307_/Y (sky130_fd_sc_hd__a21oi_1)
                                                         _1560_ (net)
                      0.257927    0.000044    2.169399 ^ _2311_/B (sky130_fd_sc_hd__xor2_1)
     3    0.010079    0.240393    0.267351    2.436749 ^ _2311_/X (sky130_fd_sc_hd__xor2_1)
                                                         _1564_ (net)
                      0.240393    0.000105    2.436855 ^ _2313_/A2 (sky130_fd_sc_hd__a21o_1)
     4    0.010644    0.100515    0.200426    2.637281 ^ _2313_/X (sky130_fd_sc_hd__a21o_1)
                                                         _1566_ (net)
                      0.100515    0.000122    2.637403 ^ _2318_/A1 (sky130_fd_sc_hd__a21oi_1)
     3    0.011295    0.096857    0.117626    2.755029 v _2318_/Y (sky130_fd_sc_hd__a21oi_1)
                                                         _1571_ (net)
                      0.096857    0.000089    2.755118 v _2321_/B (sky130_fd_sc_hd__or3_4)
     3    0.007180    0.070168    0.386559    3.141677 v _2321_/X (sky130_fd_sc_hd__or3_4)
                                                         _1574_ (net)
                      0.070168    0.000042    3.141719 v _2326_/A1 (sky130_fd_sc_hd__a21o_1)
     4    0.009863    0.061920    0.192713    3.334432 v _2326_/X (sky130_fd_sc_hd__a21o_1)
                                                         _1579_ (net)
                      0.061920    0.000101    3.334533 v _2328_/A (sky130_fd_sc_hd__and3_1)
     2    0.006848    0.054371    0.165904    3.500437 v _2328_/X (sky130_fd_sc_hd__and3_1)
                                                         _1581_ (net)
                      0.054371    0.000091    3.500528 v _2330_/A (sky130_fd_sc_hd__or3_4)
     3    0.006956    0.069938    0.389251    3.889779 v _2330_/X (sky130_fd_sc_hd__or3_4)
                                                         _1583_ (net)
                      0.069938    0.000081    3.889860 v _2334_/A1 (sky130_fd_sc_hd__a21o_1)
     4    0.010491    0.064434    0.194849    4.084708 v _2334_/X (sky130_fd_sc_hd__a21o_1)
                                                         _1587_ (net)
                      0.064434    0.000118    4.084826 v rebuffer14/A (sky130_fd_sc_hd__dlymetal6s2s_1)
     2    0.007392    0.056390    0.161674    4.246500 v rebuffer14/X (sky130_fd_sc_hd__dlymetal6s2s_1)
                                                         net67 (net)
                      0.056390    0.000068    4.246568 v _2343_/A1 (sky130_fd_sc_hd__a21bo_1)
     1    0.004315    0.041019    0.173835    4.420403 v _2343_/X (sky130_fd_sc_hd__a21bo_1)
                                                         _1596_ (net)
                      0.041019    0.000064    4.420467 v _2344_/B1 (sky130_fd_sc_hd__a22o_1)
     2    0.006268    0.056040    0.191930    4.612398 v _2344_/X (sky130_fd_sc_hd__a22o_1)
                                                         _1597_ (net)
                      0.056040    0.000083    4.612481 v _2347_/B1 (sky130_fd_sc_hd__a21o_1)
     4    0.010494    0.064406    0.187399    4.799881 v _2347_/X (sky130_fd_sc_hd__a21o_1)
                                                         _1600_ (net)
                      0.064406    0.000135    4.800016 v _2348_/A2 (sky130_fd_sc_hd__a21oi_1)
     3    0.013888    0.312650    0.300261    5.100277 ^ _2348_/Y (sky130_fd_sc_hd__a21oi_1)
                                                         _1601_ (net)
                      0.312650    0.000279    5.100556 ^ _2349_/B (sky130_fd_sc_hd__xnor2_1)
     3    0.012183    0.300038    0.230812    5.331369 ^ _2349_/Y (sky130_fd_sc_hd__xnor2_1)
                                                         _1602_ (net)
                      0.300038    0.000121    5.331490 ^ _2355_/A2 (sky130_fd_sc_hd__a21o_1)
     4    0.010396    0.098782    0.210399    5.541888 ^ _2355_/X (sky130_fd_sc_hd__a21o_1)
                                                         _0109_ (net)
                      0.098782    0.000155    5.542044 ^ _2360_/A1 (sky130_fd_sc_hd__a21oi_1)
     3    0.011459    0.098797    0.117828    5.659872 v _2360_/Y (sky130_fd_sc_hd__a21oi_1)
                                                         _0114_ (net)
                      0.098797    0.000152    5.660024 v _2364_/B (sky130_fd_sc_hd__or3_4)
     2    0.005696    0.067809    0.382754    6.042778 v _2364_/X (sky130_fd_sc_hd__or3_4)
                                                         _0118_ (net)
                      0.067809    0.000085    6.042863 v _2366_/A1 (sky130_fd_sc_hd__a21o_1)
     4    0.009392    0.060176    0.190019    6.232882 v _2366_/X (sky130_fd_sc_hd__a21o_1)
                                                         _0120_ (net)
                      0.060176    0.000064    6.232945 v _2370_/B (sky130_fd_sc_hd__and3_1)
     2    0.006246    0.051606    0.182555    6.415501 v _2370_/X (sky130_fd_sc_hd__and3_1)
                                                         _0124_ (net)
                      0.051606    0.000074    6.415575 v _2372_/C (sky130_fd_sc_hd__or3_4)
     3    0.008482    0.072228    0.336670    6.752245 v _2372_/X (sky130_fd_sc_hd__or3_4)
                                                         _0126_ (net)
                      0.072228    0.000036    6.752281 v _2378_/A1 (sky130_fd_sc_hd__a21o_1)
     3    0.006663    0.049474    0.179437    6.931717 v _2378_/X (sky130_fd_sc_hd__a21o_1)
                                                         _0132_ (net)
                      0.049474    0.000021    6.931739 v _2383_/C (sky130_fd_sc_hd__and3_1)
     2    0.006754    0.053893    0.195539    7.127278 v _2383_/X (sky130_fd_sc_hd__and3_1)
                                                         _0137_ (net)
                      0.053893    0.000068    7.127346 v _2385_/C (sky130_fd_sc_hd__or3_4)
     3    0.008160    0.071724    0.336340    7.463686 v _2385_/X (sky130_fd_sc_hd__or3_4)
                                                         _0139_ (net)
                      0.071724    0.000071    7.463757 v _2387_/A1 (sky130_fd_sc_hd__a21o_1)
     4    0.012247    0.071398    0.201883    7.665640 v _2387_/X (sky130_fd_sc_hd__a21o_1)
                                                         _0141_ (net)
                      0.071398    0.000129    7.665769 v _2390_/A (sky130_fd_sc_hd__and3_1)
     3    0.010261    0.068002    0.184862    7.850631 v _2390_/X (sky130_fd_sc_hd__and3_1)
                                                         _0144_ (net)
                      0.068002    0.000168    7.850799 v _2392_/C (sky130_fd_sc_hd__or3_4)
     3    0.006827    0.069579    0.336983    8.187781 v _2392_/X (sky130_fd_sc_hd__or3_4)
                                                         _0146_ (net)
                      0.069579    0.000060    8.187840 v _2397_/A1 (sky130_fd_sc_hd__a21o_1)
     4    0.010733    0.065328    0.195594    8.383434 v _2397_/X (sky130_fd_sc_hd__a21o_1)
                                                         _0151_ (net)
                      0.065328    0.000076    8.383511 v _2406_/A (sky130_fd_sc_hd__and3_1)
     2    0.006400    0.052297    0.165308    8.548819 v _2406_/X (sky130_fd_sc_hd__and3_1)
                                                         _0160_ (net)
                      0.052297    0.000073    8.548892 v _2408_/C (sky130_fd_sc_hd__or3_4)
     3    0.008165    0.071710    0.335877    8.884768 v _2408_/X (sky130_fd_sc_hd__or3_4)
                                                         _0162_ (net)
                      0.071710    0.000073    8.884842 v _2410_/A1 (sky130_fd_sc_hd__a21o_1)
     3    0.007076    0.051366    0.181068    9.065910 v _2410_/X (sky130_fd_sc_hd__a21o_1)
                                                         _0164_ (net)
                      0.051366    0.000082    9.065991 v _2413_/A (sky130_fd_sc_hd__and3_1)
     2    0.005919    0.050145    0.156889    9.222880 v _2413_/X (sky130_fd_sc_hd__and3_1)
                                                         _0167_ (net)
                      0.050145    0.000048    9.222928 v _2415_/C (sky130_fd_sc_hd__or3_4)
     3    0.006443    0.069083    0.330076    9.553005 v _2415_/X (sky130_fd_sc_hd__or3_4)
                                                         _0169_ (net)
                      0.069083    0.000052    9.553058 v _2420_/A1 (sky130_fd_sc_hd__a21o_1)
     3    0.008480    0.057719    0.186395    9.739452 v _2420_/X (sky130_fd_sc_hd__a21o_1)
                                                         _0174_ (net)
                      0.057719    0.000050    9.739502 v _2428_/A1 (sky130_fd_sc_hd__a21bo_1)
     1    0.004323    0.041037    0.174426    9.913928 v _2428_/X (sky130_fd_sc_hd__a21bo_1)
                                                         _0180_ (net)
                      0.041037    0.000017    9.913944 v _2429_/B (sky130_fd_sc_hd__xor2_1)
     1    0.002503    0.067119    0.132881   10.046825 v _2429_/X (sky130_fd_sc_hd__xor2_1)
                                                         _0181_ (net)
                      0.067119    0.000013   10.046839 v _2430_/A1 (sky130_fd_sc_hd__mux2_4)
     1    0.002291    0.046644    0.256084   10.302923 v _2430_/X (sky130_fd_sc_hd__mux2_4)
                                                         _0025_ (net)
                      0.046644    0.000011   10.302934 v _3238_/D (sky130_fd_sc_hd__dfrtp_4)
                                             10.302934   data arrival time

                                 10.000000   10.000000   clock clk (rise edge)
                                  0.000000   10.000000   clock source latency
     2    0.038133    0.000000    0.000000   10.000000 ^ clk (in)
                                                         clk (net)
                      0.001493    0.000747   10.000747 ^ clkbuf_0_clk/A (sky130_fd_sc_hd__clkbuf_16)
    17    0.156767    0.168818    0.208169   10.208916 ^ clkbuf_0_clk/X (sky130_fd_sc_hd__clkbuf_16)
                                                         clknet_0_clk (net)
                      0.169018    0.004718   10.213634 ^ clkbuf_3_3__f_clk/A (sky130_fd_sc_hd__clkbuf_16)
    35    0.095665    0.111976    0.225381   10.439015 ^ clkbuf_3_3__f_clk/X (sky130_fd_sc_hd__clkbuf_16)
                                                         clknet_3_3__leaf_clk (net)
                      0.111995    0.001494   10.440509 ^ _3238_/CLK (sky130_fd_sc_hd__dfrtp_4)
                                 -0.100000   10.340509   clock uncertainty
                                  0.000000   10.340509   clock reconvergence pessimism
                                 -0.099658   10.240851   library setup time
                                             10.240851   data required time
---------------------------------------------------------------------------------------------
                                             10.240851   data required time
                                            -10.302934   data arrival time
---------------------------------------------------------------------------------------------
                                             -0.062083   slack (VIOLATED)




===========================================================================
 report_check_types -max_slew -max_cap -max_fanout -violators
============================================================================
======================= min_tt_025C_1v80 Corner ===================================



===========================================================================
report_parasitic_annotation -report_unannotated
============================================================================
Found 7 unannotated drivers.
 clkload0/Y
 clkload1/Y
 clkload2/Y
 clkload3/Y
 clkload4/Y
 clkload5/Y
 clkload6/Y
Found 0 partially unannotated drivers.

===========================================================================
max slew violation count 0
max fanout violation count 0
max cap violation count 0
============================================================================

===========================================================================
check_setup -verbose -unconstrained_endpoints -multiple_clock -no_clock -no_input_delay -loops -generated_clocks
===========================================================================
Warning: There are 36 input ports missing set_input_delay.
  A_in[0]
  A_in[10]
  A_in[11]
  A_in[12]
  A_in[13]
  A_in[14]
  A_in[15]
  A_in[1]
  A_in[2]
  A_in[3]
  A_in[4]
  A_in[5]
  A_in[6]
  A_in[7]
  A_in[8]
  A_in[9]
  B_in[0]
  B_in[10]
  B_in[11]
  B_in[12]
  B_in[13]
  B_in[14]
  B_in[15]
  B_in[1]
  B_in[2]
  B_in[3]
  B_in[4]
  B_in[5]
  B_in[6]
  B_in[7]
  B_in[8]
  B_in[9]
  Op_Sel[0]
  Op_Sel[1]
  Start
  rst_n
Warning: There are 17 unconstrained endpoints.
  Done
  X_out[0]
  X_out[10]
  X_out[11]
  X_out[12]
  X_out[13]
  X_out[14]
  X_out[15]
  X_out[1]
  X_out[2]
  X_out[3]
  X_out[4]
  X_out[5]
  X_out[6]
  X_out[7]
  X_out[8]
  X_out[9]
