
===========================================================================
 report_power
============================================================================
======================= nom_tt_025C_1v80 Corner ===================================

Group                    Internal    Switching      Leakage        Total
                            Power        Power        Power        Power (Watts)
------------------------------------------------------------------------
Sequential           9.424343e-04 5.220246e-04 1.267211e-09 1.464460e-03   1.8%
Combinational        4.055938e-02 3.762598e-02 6.721855e-09 7.818536e-02  97.6%
Clock                1.762366e-04 2.582912e-04 1.144278e-09 4.345289e-04   0.5%
Macro                0.000000e+00 0.000000e+00 0.000000e+00 0.000000e+00   0.0%
Pad                  0.000000e+00 0.000000e+00 0.000000e+00 0.000000e+00   0.0%
------------------------------------------------------------------------
Total                4.167803e-02 3.840626e-02 9.133322e-09 8.008429e-02 100.0%
                            52.0%        48.0%         0.0%
Writing metric power__internal__total: 0.04167802631855011
Writing metric power__switching__total: 0.038406260311603546
Writing metric power__leakage__total: 9.133321654530846e-9
Writing metric power__total: 0.08008429408073425

