
===========================================================================
 report_power
============================================================================
======================= nom_tt_025C_1v80 Corner ===================================

Group                    Internal    Switching      Leakage        Total
                            Power        Power        Power        Power (Watts)
------------------------------------------------------------------------
Sequential           6.894958e-04 3.029704e-04 1.267214e-09 9.924674e-04   2.3%
Combinational        2.080091e-02 2.076754e-02 5.219936e-09 4.156845e-02  97.1%
Clock                1.272943e-04 1.376814e-04 1.138696e-09 2.649769e-04   0.6%
Macro                0.000000e+00 0.000000e+00 0.000000e+00 0.000000e+00   0.0%
Pad                  0.000000e+00 0.000000e+00 0.000000e+00 0.000000e+00   0.0%
------------------------------------------------------------------------
Total                2.161771e-02 2.120819e-02 7.625871e-09 4.282590e-02 100.0%
                            50.5%        49.5%         0.0%
Writing metric power__internal__total: 0.02161770686507225
Writing metric power__switching__total: 0.02120818756520748
Writing metric power__leakage__total: 7.625871489835845e-9
Writing metric power__total: 0.04282590001821518

