
===========================================================================
 report_power
============================================================================
======================= nom_tt_025C_1v80 Corner ===================================

Group                    Internal    Switching      Leakage        Total
                            Power        Power        Power        Power (Watts)
------------------------------------------------------------------------
Sequential           1.154201e-04 6.261892e-05 1.209037e-09 1.780402e-04   1.7%
Combinational        5.456080e-03 4.769601e-03 5.925983e-09 1.022569e-02  98.3%
Clock                0.000000e+00 0.000000e+00 9.979303e-10 9.979303e-10   0.0%
Macro                0.000000e+00 0.000000e+00 0.000000e+00 0.000000e+00   0.0%
Pad                  0.000000e+00 0.000000e+00 0.000000e+00 0.000000e+00   0.0%
------------------------------------------------------------------------
Total                5.571499e-03 4.832220e-03 8.132969e-09 1.040373e-02 100.0%
                            53.6%        46.4%         0.0%
Writing metric power__internal__total: 0.005571499466896057
Writing metric power__switching__total: 0.004832220263779163
Writing metric power__leakage__total: 8.132968964957854e-9
Writing metric power__total: 0.010403728112578392

