Clock: clk
Sources: clk 
Generated: no
Virtual: yes
Propagated: no
Period: 160.000000

===========================================================================
report_clock_properties
============================================================================
Clock                   Period          Waveform
----------------------------------------------------
clk                 160.000000    0.000000 80.000000

===========================================================================
report_clock_latency
============================================================================
Clock clk
rise -> rise
    min     max
0.000000 0.000000 source latency
0.369781         network latency _3222_/CLK
        0.379732 network latency _3256_/CLK
---------------
0.369781 0.379732 latency
        0.009951 skew

fall -> fall
    min     max
0.000000 0.000000 source latency
0.365631         network latency _3319_/CLK
        0.373191 network latency _3255_/CLK
---------------
0.365631 0.373191 latency
        0.007560 skew



===========================================================================
report_clock_min_period
============================================================================
clk period_min = 10.42 fmax = 96.01
