Clock: clk
Sources: clk 
Generated: no
Virtual: yes
Propagated: no
Period: 60.000000

===========================================================================
report_clock_properties
============================================================================
Clock                   Period          Waveform
----------------------------------------------------
clk                  60.000000    0.000000 30.000000

===========================================================================
report_clock_latency
============================================================================
Clock clk
rise -> rise
    min     max
0.000000 0.000000 source latency
0.727529         network latency _3220_/CLK
        0.755388 network latency _3295_/CLK
---------------
0.727529 0.755388 latency
        0.027859 skew

fall -> fall
    min     max
0.000000 0.000000 source latency
0.702272         network latency _3220_/CLK
        0.723983 network latency _3295_/CLK
---------------
0.702272 0.723983 latency
        0.021711 skew



===========================================================================
report_clock_min_period
============================================================================
clk period_min = 23.02 fmax = 43.44
