Clock: clk
Sources: clk 
Generated: no
Virtual: yes
Propagated: no
Period: 100.000000

===========================================================================
report_clock_properties
============================================================================
Clock                   Period          Waveform
----------------------------------------------------
clk                 100.000000    0.000000 50.000000

===========================================================================
report_clock_latency
============================================================================
Clock clk
rise -> rise
    min     max
0.000000 0.000000 source latency
0.745633         network latency _3221_/CLK
        0.776219 network latency _3253_/CLK
---------------
0.745633 0.776219 latency
        0.030587 skew

fall -> fall
    min     max
0.000000 0.000000 source latency
0.716717         network latency _3221_/CLK
        0.740322 network latency _3253_/CLK
---------------
0.716717 0.740322 latency
        0.023604 skew



===========================================================================
report_clock_min_period
============================================================================
clk period_min = 23.10 fmax = 43.30
