
===========================================================================
report_checks -unconstrained
===========================================================================
======================= min_ss_100C_1v60 Corner ===================================

Startpoint: _3302_ (rising edge-triggered flip-flop clocked by clk)
Endpoint: _3228_ (rising edge-triggered flip-flop clocked by clk)
Path Group: clk
Path Type: max

Fanout         Cap        Slew       Delay        Time   Description
---------------------------------------------------------------------------------------------
                                  0.000000    0.000000   clock clk (rise edge)
                                  0.000000    0.000000   clock source latency
     2    0.040812    0.000000    0.000000    0.000000 ^ clk (in)
                                                         clk (net)
                      0.001617    0.000808    0.000808 ^ clkbuf_0_clk/A (sky130_fd_sc_hd__clkbuf_16)
    17    0.157379    0.256866    0.346114    0.346922 ^ clkbuf_0_clk/X (sky130_fd_sc_hd__clkbuf_16)
                                                         clknet_0_clk (net)
                      0.257092    0.004913    0.351836 ^ clkbuf_3_0__f_clk/A (sky130_fd_sc_hd__clkbuf_16)
    25    0.088548    0.160570    0.387094    0.738930 ^ clkbuf_3_0__f_clk/X (sky130_fd_sc_hd__clkbuf_16)
                                                         clknet_3_0__leaf_clk (net)
                      0.160610    0.002494    0.741423 ^ _3302_/CLK (sky130_fd_sc_hd__dfrtp_4)
     6    0.019828    0.152385    1.086313    1.827736 v _3302_/Q (sky130_fd_sc_hd__dfrtp_4)
                                                         B_reg[12] (net)
                      0.152385    0.000091    1.827827 v rebuffer15/A (sky130_fd_sc_hd__dlygate4sd1_1)
     1    0.001714    0.053508    0.499884    2.327711 v rebuffer15/X (sky130_fd_sc_hd__dlygate4sd1_1)
                                                         net68 (net)
                      0.053508    0.000007    2.327719 v rebuffer14/A (sky130_fd_sc_hd__dlygate4sd1_1)
     1    0.002324    0.056859    0.459621    2.787340 v rebuffer14/X (sky130_fd_sc_hd__dlygate4sd1_1)
                                                         net67 (net)
                      0.056859    0.000024    2.787364 v rebuffer13/A (sky130_fd_sc_hd__dlygate4sd1_1)
     1    0.001860    0.053738    0.456098    3.243462 v rebuffer13/X (sky130_fd_sc_hd__dlygate4sd1_1)
                                                         net66 (net)
                      0.053738    0.000016    3.243478 v rebuffer12/A (sky130_fd_sc_hd__dlygate4sd1_1)
     1    0.002044    0.055059    0.456725    3.700203 v rebuffer12/X (sky130_fd_sc_hd__dlygate4sd1_1)
                                                         net65 (net)
                      0.055059    0.000019    3.700222 v rebuffer11/A (sky130_fd_sc_hd__dlygate4sd1_1)
     1    0.001691    0.053460    0.453510    4.153732 v rebuffer11/X (sky130_fd_sc_hd__dlygate4sd1_1)
                                                         net64 (net)
                      0.053460    0.000007    4.153739 v rebuffer10/A (sky130_fd_sc_hd__dlygate4sd1_1)
     1    0.002388    0.057290    0.460282    4.614021 v rebuffer10/X (sky130_fd_sc_hd__dlygate4sd1_1)
                                                         net63 (net)
                      0.057290    0.000025    4.614046 v rebuffer9/A (sky130_fd_sc_hd__dlygate4sd1_1)
     1    0.004015    0.071307    0.479357    5.093403 v rebuffer9/X (sky130_fd_sc_hd__dlygate4sd1_1)
                                                         net62 (net)
                      0.071307    0.000066    5.093469 v rebuffer8/A (sky130_fd_sc_hd__dlygate4sd1_1)
     1    0.003191    0.064265    0.476585    5.570055 v rebuffer8/X (sky130_fd_sc_hd__dlygate4sd1_1)
                                                         net61 (net)
                      0.064265    0.000040    5.570094 v split4/A (sky130_fd_sc_hd__buf_1)
     4    0.022612    0.260184    0.319174    5.889268 v split4/X (sky130_fd_sc_hd__buf_1)
                                                         net57 (net)
                      0.260184    0.000467    5.889735 v _2000_/A (sky130_fd_sc_hd__or2_1)
     2    0.005128    0.119278    0.602825    6.492560 v _2000_/X (sky130_fd_sc_hd__or2_1)
                                                         _1262_ (net)
                      0.119278    0.000058    6.492618 v _2002_/B2 (sky130_fd_sc_hd__a2bb2o_1)
     3    0.008450    0.150333    0.616655    7.109273 v _2002_/X (sky130_fd_sc_hd__a2bb2o_1)
                                                         _1264_ (net)
                      0.150333    0.000082    7.109355 v _2005_/A1 (sky130_fd_sc_hd__a21o_1)
     3    0.009562    0.112986    0.374021    7.483376 v _2005_/X (sky130_fd_sc_hd__a21o_1)
                                                         _1267_ (net)
                      0.112986    0.000068    7.483443 v _2007_/B (sky130_fd_sc_hd__and3_1)
     4    0.010352    0.132778    0.419123    7.902567 v _2007_/X (sky130_fd_sc_hd__and3_1)
                                                         _1269_ (net)
                      0.132778    0.000087    7.902654 v _2011_/A1 (sky130_fd_sc_hd__o21ba_1)
     3    0.010769    0.132234    0.426907    8.329560 v _2011_/X (sky130_fd_sc_hd__o21ba_1)
                                                         _1273_ (net)
                      0.132234    0.000114    8.329674 v _2017_/B (sky130_fd_sc_hd__xnor2_1)
     3    0.008753    0.177906    0.300830    8.630505 v _2017_/Y (sky130_fd_sc_hd__xnor2_1)
                                                         _1279_ (net)
                      0.177906    0.000084    8.630589 v _2019_/B1 (sky130_fd_sc_hd__o2bb2a_1)
     2    0.005707    0.132383    0.708736    9.339325 v _2019_/X (sky130_fd_sc_hd__o2bb2a_1)
                                                         _1281_ (net)
                      0.132383    0.000056    9.339381 v _2020_/A2 (sky130_fd_sc_hd__o21a_1)
     1    0.002339    0.060949    0.326176    9.665557 v _2020_/X (sky130_fd_sc_hd__o21a_1)
                                                         _1282_ (net)
                      0.060949    0.000025    9.665582 v _2024_/B (sky130_fd_sc_hd__or3b_1)
     4    0.009425    0.206243    0.896883   10.562464 v _2024_/X (sky130_fd_sc_hd__or3b_1)
                                                         _1286_ (net)
                      0.206243    0.000081   10.562545 v _2028_/A2 (sky130_fd_sc_hd__a21bo_1)
     3    0.014690    0.152167    0.488948   11.051493 v _2028_/X (sky130_fd_sc_hd__a21bo_1)
                                                         _1290_ (net)
                      0.152167    0.000180   11.051673 v _2031_/B (sky130_fd_sc_hd__xnor2_2)
     3    0.011346    0.156808    0.314851   11.366524 v _2031_/Y (sky130_fd_sc_hd__xnor2_2)
                                                         _1293_ (net)
                      0.156808    0.000067   11.366590 v _2036_/A2 (sky130_fd_sc_hd__a22o_1)
     1    0.005683    0.095922    0.475105   11.841696 v _2036_/X (sky130_fd_sc_hd__a22o_1)
                                                         _1298_ (net)
                      0.095922    0.000076   11.841772 v _2037_/A2 (sky130_fd_sc_hd__a21oi_2)
     3    0.011675    0.274269    0.331522   12.173295 ^ _2037_/Y (sky130_fd_sc_hd__a21oi_2)
                                                         _1299_ (net)
                      0.274269    0.000108   12.173403 ^ _2039_/C1 (sky130_fd_sc_hd__a311o_1)
     3    0.010222    0.205740    0.356832   12.530235 ^ _2039_/X (sky130_fd_sc_hd__a311o_1)
                                                         _1301_ (net)
                      0.205740    0.000104   12.530339 ^ _2044_/A1 (sky130_fd_sc_hd__a21oi_2)
     3    0.009960    0.120554    0.189469   12.719808 v _2044_/Y (sky130_fd_sc_hd__a21oi_2)
                                                         _1306_ (net)
                      0.120554    0.000137   12.719945 v _2047_/C (sky130_fd_sc_hd__or3_1)
     2    0.004759    0.162573    0.767259   13.487204 v _2047_/X (sky130_fd_sc_hd__or3_1)
                                                         _1309_ (net)
                      0.162573    0.000046   13.487250 v _2050_/B1 (sky130_fd_sc_hd__a2bb2o_2)
     2    0.012603    0.125840    0.608129   14.095379 v _2050_/X (sky130_fd_sc_hd__a2bb2o_2)
                                                         _1312_ (net)
                      0.125840    0.000162   14.095540 v _2052_/A2 (sky130_fd_sc_hd__a21oi_4)
     3    0.015313    0.246404    0.326629   14.422169 ^ _2052_/Y (sky130_fd_sc_hd__a21oi_4)
                                                         _1314_ (net)
                      0.246404    0.000121   14.422290 ^ _2056_/B (sky130_fd_sc_hd__xor2_2)
     2    0.009091    0.243362    0.348781   14.771070 ^ _2056_/X (sky130_fd_sc_hd__xor2_2)
                                                         _1318_ (net)
                      0.243362    0.000138   14.771208 ^ _2060_/A2 (sky130_fd_sc_hd__a21boi_2)
     2    0.011760    0.126910    0.217727   14.988935 v _2060_/Y (sky130_fd_sc_hd__a21boi_2)
                                                         _1322_ (net)
                      0.126910    0.000355   14.989290 v _2063_/B (sky130_fd_sc_hd__or2_1)
     1    0.008639    0.152942    0.544810   15.534101 v _2063_/X (sky130_fd_sc_hd__or2_1)
                                                         _1325_ (net)
                      0.152942    0.000046   15.534147 v _2067_/B (sky130_fd_sc_hd__xnor2_2)
     1    0.006322    0.213396    0.258373   15.792520 ^ _2067_/Y (sky130_fd_sc_hd__xnor2_2)
                                                         _1329_ (net)
                      0.213396    0.000082   15.792602 ^ _2068_/A2 (sky130_fd_sc_hd__a21oi_2)
     2    0.007358    0.098984    0.182904   15.975506 v _2068_/Y (sky130_fd_sc_hd__a21oi_2)
                                                         _1330_ (net)
                      0.098984    0.000050   15.975555 v _2069_/B (sky130_fd_sc_hd__or2_1)
     1    0.003008    0.101645    0.469296   16.444851 v _2069_/X (sky130_fd_sc_hd__or2_1)
                                                         _1331_ (net)
                      0.101645    0.000020   16.444870 v _2072_/B1 (sky130_fd_sc_hd__a22o_1)
     2    0.012981    0.153150    0.431507   16.876379 v _2072_/X (sky130_fd_sc_hd__a22o_1)
                                                         _1334_ (net)
                      0.153150    0.000123   16.876501 v _2074_/A2 (sky130_fd_sc_hd__a21oi_4)
     3    0.014166    0.230851    0.329836   17.206337 ^ _2074_/Y (sky130_fd_sc_hd__a21oi_4)
                                                         _1336_ (net)
                      0.230851    0.000391   17.206728 ^ _2077_/B (sky130_fd_sc_hd__xnor2_1)
     2    0.008547    0.384464    0.321092   17.527821 ^ _2077_/Y (sky130_fd_sc_hd__xnor2_1)
                                                         _1339_ (net)
                      0.384464    0.000076   17.527897 ^ _2078_/B (sky130_fd_sc_hd__nor2_1)
     2    0.005874    0.109242    0.204276   17.732172 v _2078_/Y (sky130_fd_sc_hd__nor2_1)
                                                         _1340_ (net)
                      0.109242    0.000018   17.732189 v _2079_/B (sky130_fd_sc_hd__or2_1)
     1    0.005202    0.119518    0.502521   18.234711 v _2079_/X (sky130_fd_sc_hd__or2_1)
                                                         _1341_ (net)
                      0.119518    0.000037   18.234747 v _2082_/A1 (sky130_fd_sc_hd__a21oi_2)
     2    0.008369    0.224754    0.277124   18.511871 ^ _2082_/Y (sky130_fd_sc_hd__a21oi_2)
                                                         _1344_ (net)
                      0.224754    0.000076   18.511948 ^ _2083_/B1 (sky130_fd_sc_hd__a31o_1)
     2    0.010885    0.193913    0.317876   18.829824 ^ _2083_/X (sky130_fd_sc_hd__a31o_1)
                                                         _1345_ (net)
                      0.193913    0.000135   18.829958 ^ _2084_/B (sky130_fd_sc_hd__nor2_1)
     3    0.007700    0.095526    0.156659   18.986618 v _2084_/Y (sky130_fd_sc_hd__nor2_1)
                                                         _1346_ (net)
                      0.095526    0.000068   18.986685 v _2087_/A1 (sky130_fd_sc_hd__o21a_1)
     2    0.005988    0.092975    0.375953   19.362638 v _2087_/X (sky130_fd_sc_hd__o21a_1)
                                                         _1349_ (net)
                      0.092975    0.000069   19.362707 v _2088_/B (sky130_fd_sc_hd__or2_1)
     2    0.006910    0.137774    0.513303   19.876011 v _2088_/X (sky130_fd_sc_hd__or2_1)
                                                         _1350_ (net)
                      0.137774    0.000036   19.876047 v _2091_/B (sky130_fd_sc_hd__xnor2_1)
     1    0.009905    0.195527    0.316682   20.192728 v _2091_/Y (sky130_fd_sc_hd__xnor2_1)
                                                         _1352_ (net)
                      0.195527    0.000417   20.193146 v _2092_/A1 (sky130_fd_sc_hd__mux2_1)
     1    0.002074    0.105241    0.686308   20.879454 v _2092_/X (sky130_fd_sc_hd__mux2_1)
                                                         _0015_ (net)
                      0.105241    0.000018   20.879471 v _3228_/D (sky130_fd_sc_hd__dfrtp_4)
                                             20.879471   data arrival time

                                 20.000000   20.000000   clock clk (rise edge)
                                  0.000000   20.000000   clock source latency
     2    0.040812    0.000000    0.000000   20.000000 ^ clk (in)
                                                         clk (net)
                      0.001617    0.000808   20.000809 ^ clkbuf_0_clk/A (sky130_fd_sc_hd__clkbuf_16)
    17    0.157379    0.256866    0.346114   20.346924 ^ clkbuf_0_clk/X (sky130_fd_sc_hd__clkbuf_16)
                                                         clknet_0_clk (net)
                      0.257036    0.003791   20.350714 ^ clkbuf_3_1__f_clk/A (sky130_fd_sc_hd__clkbuf_16)
    19    0.083894    0.154074    0.382117   20.732832 ^ clkbuf_3_1__f_clk/X (sky130_fd_sc_hd__clkbuf_16)
                                                         clknet_3_1__leaf_clk (net)
                      0.154081    0.001281   20.734112 ^ _3228_/CLK (sky130_fd_sc_hd__dfrtp_4)
                                 -0.100000   20.634111   clock uncertainty
                                  0.000000   20.634111   clock reconvergence pessimism
                                 -0.267107   20.367004   library setup time
                                             20.367004   data required time
---------------------------------------------------------------------------------------------
                                             20.367004   data required time
                                            -20.879471   data arrival time
---------------------------------------------------------------------------------------------
                                             -0.512467   slack (VIOLATED)




===========================================================================
report_checks --slack_max -0.01
============================================================================
======================= min_ss_100C_1v60 Corner ===================================

Startpoint: _3302_ (rising edge-triggered flip-flop clocked by clk)
Endpoint: _3228_ (rising edge-triggered flip-flop clocked by clk)
Path Group: clk
Path Type: max

Fanout         Cap        Slew       Delay        Time   Description
---------------------------------------------------------------------------------------------
                                  0.000000    0.000000   clock clk (rise edge)
                                  0.000000    0.000000   clock source latency
     2    0.040812    0.000000    0.000000    0.000000 ^ clk (in)
                                                         clk (net)
                      0.001617    0.000808    0.000808 ^ clkbuf_0_clk/A (sky130_fd_sc_hd__clkbuf_16)
    17    0.157379    0.256866    0.346114    0.346922 ^ clkbuf_0_clk/X (sky130_fd_sc_hd__clkbuf_16)
                                                         clknet_0_clk (net)
                      0.257092    0.004913    0.351836 ^ clkbuf_3_0__f_clk/A (sky130_fd_sc_hd__clkbuf_16)
    25    0.088548    0.160570    0.387094    0.738930 ^ clkbuf_3_0__f_clk/X (sky130_fd_sc_hd__clkbuf_16)
                                                         clknet_3_0__leaf_clk (net)
                      0.160610    0.002494    0.741423 ^ _3302_/CLK (sky130_fd_sc_hd__dfrtp_4)
     6    0.019828    0.152385    1.086313    1.827736 v _3302_/Q (sky130_fd_sc_hd__dfrtp_4)
                                                         B_reg[12] (net)
                      0.152385    0.000091    1.827827 v rebuffer15/A (sky130_fd_sc_hd__dlygate4sd1_1)
     1    0.001714    0.053508    0.499884    2.327711 v rebuffer15/X (sky130_fd_sc_hd__dlygate4sd1_1)
                                                         net68 (net)
                      0.053508    0.000007    2.327719 v rebuffer14/A (sky130_fd_sc_hd__dlygate4sd1_1)
     1    0.002324    0.056859    0.459621    2.787340 v rebuffer14/X (sky130_fd_sc_hd__dlygate4sd1_1)
                                                         net67 (net)
                      0.056859    0.000024    2.787364 v rebuffer13/A (sky130_fd_sc_hd__dlygate4sd1_1)
     1    0.001860    0.053738    0.456098    3.243462 v rebuffer13/X (sky130_fd_sc_hd__dlygate4sd1_1)
                                                         net66 (net)
                      0.053738    0.000016    3.243478 v rebuffer12/A (sky130_fd_sc_hd__dlygate4sd1_1)
     1    0.002044    0.055059    0.456725    3.700203 v rebuffer12/X (sky130_fd_sc_hd__dlygate4sd1_1)
                                                         net65 (net)
                      0.055059    0.000019    3.700222 v rebuffer11/A (sky130_fd_sc_hd__dlygate4sd1_1)
     1    0.001691    0.053460    0.453510    4.153732 v rebuffer11/X (sky130_fd_sc_hd__dlygate4sd1_1)
                                                         net64 (net)
                      0.053460    0.000007    4.153739 v rebuffer10/A (sky130_fd_sc_hd__dlygate4sd1_1)
     1    0.002388    0.057290    0.460282    4.614021 v rebuffer10/X (sky130_fd_sc_hd__dlygate4sd1_1)
                                                         net63 (net)
                      0.057290    0.000025    4.614046 v rebuffer9/A (sky130_fd_sc_hd__dlygate4sd1_1)
     1    0.004015    0.071307    0.479357    5.093403 v rebuffer9/X (sky130_fd_sc_hd__dlygate4sd1_1)
                                                         net62 (net)
                      0.071307    0.000066    5.093469 v rebuffer8/A (sky130_fd_sc_hd__dlygate4sd1_1)
     1    0.003191    0.064265    0.476585    5.570055 v rebuffer8/X (sky130_fd_sc_hd__dlygate4sd1_1)
                                                         net61 (net)
                      0.064265    0.000040    5.570094 v split4/A (sky130_fd_sc_hd__buf_1)
     4    0.022612    0.260184    0.319174    5.889268 v split4/X (sky130_fd_sc_hd__buf_1)
                                                         net57 (net)
                      0.260184    0.000467    5.889735 v _2000_/A (sky130_fd_sc_hd__or2_1)
     2    0.005128    0.119278    0.602825    6.492560 v _2000_/X (sky130_fd_sc_hd__or2_1)
                                                         _1262_ (net)
                      0.119278    0.000058    6.492618 v _2002_/B2 (sky130_fd_sc_hd__a2bb2o_1)
     3    0.008450    0.150333    0.616655    7.109273 v _2002_/X (sky130_fd_sc_hd__a2bb2o_1)
                                                         _1264_ (net)
                      0.150333    0.000082    7.109355 v _2005_/A1 (sky130_fd_sc_hd__a21o_1)
     3    0.009562    0.112986    0.374021    7.483376 v _2005_/X (sky130_fd_sc_hd__a21o_1)
                                                         _1267_ (net)
                      0.112986    0.000068    7.483443 v _2007_/B (sky130_fd_sc_hd__and3_1)
     4    0.010352    0.132778    0.419123    7.902567 v _2007_/X (sky130_fd_sc_hd__and3_1)
                                                         _1269_ (net)
                      0.132778    0.000087    7.902654 v _2011_/A1 (sky130_fd_sc_hd__o21ba_1)
     3    0.010769    0.132234    0.426907    8.329560 v _2011_/X (sky130_fd_sc_hd__o21ba_1)
                                                         _1273_ (net)
                      0.132234    0.000114    8.329674 v _2017_/B (sky130_fd_sc_hd__xnor2_1)
     3    0.008753    0.177906    0.300830    8.630505 v _2017_/Y (sky130_fd_sc_hd__xnor2_1)
                                                         _1279_ (net)
                      0.177906    0.000084    8.630589 v _2019_/B1 (sky130_fd_sc_hd__o2bb2a_1)
     2    0.005707    0.132383    0.708736    9.339325 v _2019_/X (sky130_fd_sc_hd__o2bb2a_1)
                                                         _1281_ (net)
                      0.132383    0.000056    9.339381 v _2020_/A2 (sky130_fd_sc_hd__o21a_1)
     1    0.002339    0.060949    0.326176    9.665557 v _2020_/X (sky130_fd_sc_hd__o21a_1)
                                                         _1282_ (net)
                      0.060949    0.000025    9.665582 v _2024_/B (sky130_fd_sc_hd__or3b_1)
     4    0.009425    0.206243    0.896883   10.562464 v _2024_/X (sky130_fd_sc_hd__or3b_1)
                                                         _1286_ (net)
                      0.206243    0.000081   10.562545 v _2028_/A2 (sky130_fd_sc_hd__a21bo_1)
     3    0.014690    0.152167    0.488948   11.051493 v _2028_/X (sky130_fd_sc_hd__a21bo_1)
                                                         _1290_ (net)
                      0.152167    0.000180   11.051673 v _2031_/B (sky130_fd_sc_hd__xnor2_2)
     3    0.011346    0.156808    0.314851   11.366524 v _2031_/Y (sky130_fd_sc_hd__xnor2_2)
                                                         _1293_ (net)
                      0.156808    0.000067   11.366590 v _2036_/A2 (sky130_fd_sc_hd__a22o_1)
     1    0.005683    0.095922    0.475105   11.841696 v _2036_/X (sky130_fd_sc_hd__a22o_1)
                                                         _1298_ (net)
                      0.095922    0.000076   11.841772 v _2037_/A2 (sky130_fd_sc_hd__a21oi_2)
     3    0.011675    0.274269    0.331522   12.173295 ^ _2037_/Y (sky130_fd_sc_hd__a21oi_2)
                                                         _1299_ (net)
                      0.274269    0.000108   12.173403 ^ _2039_/C1 (sky130_fd_sc_hd__a311o_1)
     3    0.010222    0.205740    0.356832   12.530235 ^ _2039_/X (sky130_fd_sc_hd__a311o_1)
                                                         _1301_ (net)
                      0.205740    0.000104   12.530339 ^ _2044_/A1 (sky130_fd_sc_hd__a21oi_2)
     3    0.009960    0.120554    0.189469   12.719808 v _2044_/Y (sky130_fd_sc_hd__a21oi_2)
                                                         _1306_ (net)
                      0.120554    0.000137   12.719945 v _2047_/C (sky130_fd_sc_hd__or3_1)
     2    0.004759    0.162573    0.767259   13.487204 v _2047_/X (sky130_fd_sc_hd__or3_1)
                                                         _1309_ (net)
                      0.162573    0.000046   13.487250 v _2050_/B1 (sky130_fd_sc_hd__a2bb2o_2)
     2    0.012603    0.125840    0.608129   14.095379 v _2050_/X (sky130_fd_sc_hd__a2bb2o_2)
                                                         _1312_ (net)
                      0.125840    0.000162   14.095540 v _2052_/A2 (sky130_fd_sc_hd__a21oi_4)
     3    0.015313    0.246404    0.326629   14.422169 ^ _2052_/Y (sky130_fd_sc_hd__a21oi_4)
                                                         _1314_ (net)
                      0.246404    0.000121   14.422290 ^ _2056_/B (sky130_fd_sc_hd__xor2_2)
     2    0.009091    0.243362    0.348781   14.771070 ^ _2056_/X (sky130_fd_sc_hd__xor2_2)
                                                         _1318_ (net)
                      0.243362    0.000138   14.771208 ^ _2060_/A2 (sky130_fd_sc_hd__a21boi_2)
     2    0.011760    0.126910    0.217727   14.988935 v _2060_/Y (sky130_fd_sc_hd__a21boi_2)
                                                         _1322_ (net)
                      0.126910    0.000355   14.989290 v _2063_/B (sky130_fd_sc_hd__or2_1)
     1    0.008639    0.152942    0.544810   15.534101 v _2063_/X (sky130_fd_sc_hd__or2_1)
                                                         _1325_ (net)
                      0.152942    0.000046   15.534147 v _2067_/B (sky130_fd_sc_hd__xnor2_2)
     1    0.006322    0.213396    0.258373   15.792520 ^ _2067_/Y (sky130_fd_sc_hd__xnor2_2)
                                                         _1329_ (net)
                      0.213396    0.000082   15.792602 ^ _2068_/A2 (sky130_fd_sc_hd__a21oi_2)
     2    0.007358    0.098984    0.182904   15.975506 v _2068_/Y (sky130_fd_sc_hd__a21oi_2)
                                                         _1330_ (net)
                      0.098984    0.000050   15.975555 v _2069_/B (sky130_fd_sc_hd__or2_1)
     1    0.003008    0.101645    0.469296   16.444851 v _2069_/X (sky130_fd_sc_hd__or2_1)
                                                         _1331_ (net)
                      0.101645    0.000020   16.444870 v _2072_/B1 (sky130_fd_sc_hd__a22o_1)
     2    0.012981    0.153150    0.431507   16.876379 v _2072_/X (sky130_fd_sc_hd__a22o_1)
                                                         _1334_ (net)
                      0.153150    0.000123   16.876501 v _2074_/A2 (sky130_fd_sc_hd__a21oi_4)
     3    0.014166    0.230851    0.329836   17.206337 ^ _2074_/Y (sky130_fd_sc_hd__a21oi_4)
                                                         _1336_ (net)
                      0.230851    0.000391   17.206728 ^ _2077_/B (sky130_fd_sc_hd__xnor2_1)
     2    0.008547    0.384464    0.321092   17.527821 ^ _2077_/Y (sky130_fd_sc_hd__xnor2_1)
                                                         _1339_ (net)
                      0.384464    0.000076   17.527897 ^ _2078_/B (sky130_fd_sc_hd__nor2_1)
     2    0.005874    0.109242    0.204276   17.732172 v _2078_/Y (sky130_fd_sc_hd__nor2_1)
                                                         _1340_ (net)
                      0.109242    0.000018   17.732189 v _2079_/B (sky130_fd_sc_hd__or2_1)
     1    0.005202    0.119518    0.502521   18.234711 v _2079_/X (sky130_fd_sc_hd__or2_1)
                                                         _1341_ (net)
                      0.119518    0.000037   18.234747 v _2082_/A1 (sky130_fd_sc_hd__a21oi_2)
     2    0.008369    0.224754    0.277124   18.511871 ^ _2082_/Y (sky130_fd_sc_hd__a21oi_2)
                                                         _1344_ (net)
                      0.224754    0.000076   18.511948 ^ _2083_/B1 (sky130_fd_sc_hd__a31o_1)
     2    0.010885    0.193913    0.317876   18.829824 ^ _2083_/X (sky130_fd_sc_hd__a31o_1)
                                                         _1345_ (net)
                      0.193913    0.000135   18.829958 ^ _2084_/B (sky130_fd_sc_hd__nor2_1)
     3    0.007700    0.095526    0.156659   18.986618 v _2084_/Y (sky130_fd_sc_hd__nor2_1)
                                                         _1346_ (net)
                      0.095526    0.000068   18.986685 v _2087_/A1 (sky130_fd_sc_hd__o21a_1)
     2    0.005988    0.092975    0.375953   19.362638 v _2087_/X (sky130_fd_sc_hd__o21a_1)
                                                         _1349_ (net)
                      0.092975    0.000069   19.362707 v _2088_/B (sky130_fd_sc_hd__or2_1)
     2    0.006910    0.137774    0.513303   19.876011 v _2088_/X (sky130_fd_sc_hd__or2_1)
                                                         _1350_ (net)
                      0.137774    0.000036   19.876047 v _2091_/B (sky130_fd_sc_hd__xnor2_1)
     1    0.009905    0.195527    0.316682   20.192728 v _2091_/Y (sky130_fd_sc_hd__xnor2_1)
                                                         _1352_ (net)
                      0.195527    0.000417   20.193146 v _2092_/A1 (sky130_fd_sc_hd__mux2_1)
     1    0.002074    0.105241    0.686308   20.879454 v _2092_/X (sky130_fd_sc_hd__mux2_1)
                                                         _0015_ (net)
                      0.105241    0.000018   20.879471 v _3228_/D (sky130_fd_sc_hd__dfrtp_4)
                                             20.879471   data arrival time

                                 20.000000   20.000000   clock clk (rise edge)
                                  0.000000   20.000000   clock source latency
     2    0.040812    0.000000    0.000000   20.000000 ^ clk (in)
                                                         clk (net)
                      0.001617    0.000808   20.000809 ^ clkbuf_0_clk/A (sky130_fd_sc_hd__clkbuf_16)
    17    0.157379    0.256866    0.346114   20.346924 ^ clkbuf_0_clk/X (sky130_fd_sc_hd__clkbuf_16)
                                                         clknet_0_clk (net)
                      0.257036    0.003791   20.350714 ^ clkbuf_3_1__f_clk/A (sky130_fd_sc_hd__clkbuf_16)
    19    0.083894    0.154074    0.382117   20.732832 ^ clkbuf_3_1__f_clk/X (sky130_fd_sc_hd__clkbuf_16)
                                                         clknet_3_1__leaf_clk (net)
                      0.154081    0.001281   20.734112 ^ _3228_/CLK (sky130_fd_sc_hd__dfrtp_4)
                                 -0.100000   20.634111   clock uncertainty
                                  0.000000   20.634111   clock reconvergence pessimism
                                 -0.267107   20.367004   library setup time
                                             20.367004   data required time
---------------------------------------------------------------------------------------------
                                             20.367004   data required time
                                            -20.879471   data arrival time
---------------------------------------------------------------------------------------------
                                             -0.512467   slack (VIOLATED)




===========================================================================
 report_check_types -max_slew -max_cap -max_fanout -violators
============================================================================
======================= min_ss_100C_1v60 Corner ===================================



===========================================================================
report_parasitic_annotation -report_unannotated
============================================================================
Found 7 unannotated drivers.
 clkload0/Y
 clkload1/Y
 clkload2/Y
 clkload3/Y
 clkload4/Y
 clkload5/Y
 clkload6/Y
Found 0 partially unannotated drivers.

===========================================================================
max slew violation count 0
max fanout violation count 0
max cap violation count 0
============================================================================

===========================================================================
check_setup -verbose -unconstrained_endpoints -multiple_clock -no_clock -no_input_delay -loops -generated_clocks
===========================================================================
Warning: There are 36 input ports missing set_input_delay.
  A_in[0]
  A_in[10]
  A_in[11]
  A_in[12]
  A_in[13]
  A_in[14]
  A_in[15]
  A_in[1]
  A_in[2]
  A_in[3]
  A_in[4]
  A_in[5]
  A_in[6]
  A_in[7]
  A_in[8]
  A_in[9]
  B_in[0]
  B_in[10]
  B_in[11]
  B_in[12]
  B_in[13]
  B_in[14]
  B_in[15]
  B_in[1]
  B_in[2]
  B_in[3]
  B_in[4]
  B_in[5]
  B_in[6]
  B_in[7]
  B_in[8]
  B_in[9]
  Op_Sel[0]
  Op_Sel[1]
  Start
  rst_n
Warning: There are 17 unconstrained endpoints.
  Done
  X_out[0]
  X_out[10]
  X_out[11]
  X_out[12]
  X_out[13]
  X_out[14]
  X_out[15]
  X_out[1]
  X_out[2]
  X_out[3]
  X_out[4]
  X_out[5]
  X_out[6]
  X_out[7]
  X_out[8]
  X_out[9]
