Clock: clk
Sources: clk 
Generated: no
Virtual: yes
Propagated: no
Period: 60.000000

===========================================================================
report_clock_properties
============================================================================
Clock                   Period          Waveform
----------------------------------------------------
clk                  60.000000    0.000000 30.000000

===========================================================================
report_clock_latency
============================================================================
Clock clk
rise -> rise
    min     max
0.000000 0.000000 source latency
0.746297         network latency _3220_/CLK
        0.778181 network latency _3295_/CLK
---------------
0.746297 0.778181 latency
        0.031884 skew

fall -> fall
    min     max
0.000000 0.000000 source latency
0.717311         network latency _3220_/CLK
        0.742620 network latency _3295_/CLK
---------------
0.717311 0.742620 latency
        0.025310 skew



===========================================================================
report_clock_min_period
============================================================================
clk period_min = 23.14 fmax = 43.22
