
===========================================================================
 report_power
============================================================================
======================= nom_tt_025C_1v80 Corner ===================================

Group                    Internal    Switching      Leakage        Total
                            Power        Power        Power        Power (Watts)
------------------------------------------------------------------------
Sequential           9.008914e-04 4.884726e-04 1.209037e-09 1.389365e-03   1.7%
Combinational        4.258427e-02 3.723055e-02 5.925983e-09 7.981483e-02  98.3%
Clock                0.000000e+00 0.000000e+00 9.979303e-10 9.979303e-10   0.0%
Macro                0.000000e+00 0.000000e+00 0.000000e+00 0.000000e+00   0.0%
Pad                  0.000000e+00 0.000000e+00 0.000000e+00 0.000000e+00   0.0%
------------------------------------------------------------------------
Total                4.348518e-02 3.771902e-02 8.132969e-09 8.120421e-02 100.0%
                            53.6%        46.4%         0.0%
Writing metric power__internal__total: 0.04348517581820488
Writing metric power__switching__total: 0.03771902248263359
Writing metric power__leakage__total: 8.132968964957854e-9
Writing metric power__total: 0.08120420575141907

