
===========================================================================
report_checks -unconstrained
===========================================================================
======================= nom_tt_025C_1v80 Corner ===================================

Startpoint: _3302_ (rising edge-triggered flip-flop clocked by clk)
Endpoint: _3238_ (rising edge-triggered flip-flop clocked by clk)
Path Group: clk
Path Type: max

Fanout         Cap        Slew       Delay        Time   Description
---------------------------------------------------------------------------------------------
                                  0.000000    0.000000   clock clk (rise edge)
                                  0.000000    0.000000   clock source latency
     2    0.039855    0.000000    0.000000    0.000000 ^ clk (in)
                                                         clk (net)
                      0.002108    0.001054    0.001054 ^ clkbuf_0_clk/A (sky130_fd_sc_hd__clkbuf_16)
    17    0.165079    0.177052    0.212435    0.213489 ^ clkbuf_0_clk/X (sky130_fd_sc_hd__clkbuf_16)
                                                         clknet_0_clk (net)
                      0.177569    0.007732    0.221221 ^ clkbuf_3_0__f_clk/A (sky130_fd_sc_hd__clkbuf_16)
    25    0.091776    0.108459    0.224589    0.445810 ^ clkbuf_3_0__f_clk/X (sky130_fd_sc_hd__clkbuf_16)
                                                         clknet_3_0__leaf_clk (net)
                      0.108571    0.003138    0.448948 ^ _3302_/CLK (sky130_fd_sc_hd__dfrtp_4)
     6    0.024146    0.085006    0.528839    0.977787 v _3302_/Q (sky130_fd_sc_hd__dfrtp_4)
                                                         B_reg[12] (net)
                      0.085021    0.001555    0.979341 v _1910_/C (sky130_fd_sc_hd__and3_1)
     3    0.007647    0.058164    0.215945    1.195286 v _1910_/X (sky130_fd_sc_hd__and3_1)
                                                         _1175_ (net)
                      0.058165    0.000273    1.195559 v _2300_/A (sky130_fd_sc_hd__or4_4)
     4    0.009637    0.093455    0.548698    1.744257 v _2300_/X (sky130_fd_sc_hd__or4_4)
                                                         _1553_ (net)
                      0.093455    0.000206    1.744463 v _2304_/A1 (sky130_fd_sc_hd__a21o_1)
     3    0.008355    0.057317    0.195767    1.940230 v _2304_/X (sky130_fd_sc_hd__a21o_1)
                                                         _1557_ (net)
                      0.057318    0.000228    1.940457 v _2307_/A2 (sky130_fd_sc_hd__a21oi_1)
     3    0.010742    0.252437    0.253001    2.193458 ^ _2307_/Y (sky130_fd_sc_hd__a21oi_1)
                                                         _1560_ (net)
                      0.252437    0.000166    2.193624 ^ _2311_/B (sky130_fd_sc_hd__xor2_1)
     3    0.010232    0.243271    0.268648    2.462271 ^ _2311_/X (sky130_fd_sc_hd__xor2_1)
                                                         _1564_ (net)
                      0.243272    0.000248    2.462519 ^ _2313_/A2 (sky130_fd_sc_hd__a21o_1)
     4    0.010850    0.102248    0.202194    2.664713 ^ _2313_/X (sky130_fd_sc_hd__a21o_1)
                                                         _1566_ (net)
                      0.102248    0.000276    2.664990 ^ _2318_/A1 (sky130_fd_sc_hd__a21oi_1)
     3    0.011568    0.098679    0.119533    2.784523 v _2318_/Y (sky130_fd_sc_hd__a21oi_1)
                                                         _1571_ (net)
                      0.098679    0.000252    2.784774 v _2321_/B (sky130_fd_sc_hd__or3_4)
     3    0.007423    0.070565    0.387944    3.172718 v _2321_/X (sky130_fd_sc_hd__or3_4)
                                                         _1574_ (net)
                      0.070565    0.000120    3.172838 v _2326_/A1 (sky130_fd_sc_hd__a21o_1)
     4    0.010022    0.062578    0.193371    3.366210 v _2326_/X (sky130_fd_sc_hd__a21o_1)
                                                         _1579_ (net)
                      0.062578    0.000235    3.366445 v _2328_/A (sky130_fd_sc_hd__and3_1)
     2    0.007132    0.055736    0.167473    3.533918 v _2328_/X (sky130_fd_sc_hd__and3_1)
                                                         _1581_ (net)
                      0.055736    0.000210    3.534127 v _2330_/A (sky130_fd_sc_hd__or3_4)
     3    0.007117    0.070199    0.390227    3.924354 v _2330_/X (sky130_fd_sc_hd__or3_4)
                                                         _1583_ (net)
                      0.070199    0.000194    3.924548 v _2334_/A1 (sky130_fd_sc_hd__a21o_1)
     4    0.010945    0.066275    0.196495    4.121043 v _2334_/X (sky130_fd_sc_hd__a21o_1)
                                                         _1587_ (net)
                      0.066275    0.000258    4.121302 v rebuffer14/A (sky130_fd_sc_hd__dlymetal6s2s_1)
     2    0.007515    0.056930    0.162975    4.284277 v rebuffer14/X (sky130_fd_sc_hd__dlymetal6s2s_1)
                                                         net67 (net)
                      0.056930    0.000176    4.284453 v _2343_/A1 (sky130_fd_sc_hd__a21bo_1)
     1    0.004591    0.042174    0.175312    4.459765 v _2343_/X (sky130_fd_sc_hd__a21bo_1)
                                                         _1596_ (net)
                      0.042174    0.000151    4.459916 v _2344_/B1 (sky130_fd_sc_hd__a22o_1)
     2    0.006445    0.056934    0.193170    4.653086 v _2344_/X (sky130_fd_sc_hd__a22o_1)
                                                         _1597_ (net)
                      0.056934    0.000192    4.653278 v _2347_/B1 (sky130_fd_sc_hd__a21o_1)
     4    0.010795    0.065637    0.188775    4.842053 v _2347_/X (sky130_fd_sc_hd__a21o_1)
                                                         _1600_ (net)
                      0.065637    0.000290    4.842343 v _2348_/A2 (sky130_fd_sc_hd__a21oi_1)
     3    0.014399    0.322464    0.307788    5.150131 ^ _2348_/Y (sky130_fd_sc_hd__a21oi_1)
                                                         _1601_ (net)
                      0.322465    0.000529    5.150661 ^ _2349_/B (sky130_fd_sc_hd__xnor2_1)
     3    0.011769    0.124001    0.177578    5.328238 v _2349_/Y (sky130_fd_sc_hd__xnor2_1)
                                                         _1602_ (net)
                      0.124001    0.000269    5.328507 v _2355_/A2 (sky130_fd_sc_hd__a21o_1)
     4    0.010108    0.062966    0.236418    5.564925 v _2355_/X (sky130_fd_sc_hd__a21o_1)
                                                         _0109_ (net)
                      0.062966    0.000332    5.565257 v _2360_/A1 (sky130_fd_sc_hd__a21oi_1)
     3    0.012402    0.284291    0.259659    5.824916 ^ _2360_/Y (sky130_fd_sc_hd__a21oi_1)
                                                         _0114_ (net)
                      0.284292    0.000446    5.825362 ^ _2361_/B (sky130_fd_sc_hd__xnor2_1)
     3    0.015790    0.372714    0.255345    6.080707 ^ _2361_/Y (sky130_fd_sc_hd__xnor2_1)
                                                         _0115_ (net)
                      0.372714    0.000420    6.081126 ^ _2366_/A2 (sky130_fd_sc_hd__a21o_1)
     4    0.010105    0.096757    0.217609    6.298736 ^ _2366_/X (sky130_fd_sc_hd__a21o_1)
                                                         _0120_ (net)
                      0.096757    0.000221    6.298957 ^ _2369_/A1 (sky130_fd_sc_hd__a21oi_1)
     3    0.012486    0.104682    0.122331    6.421288 v _2369_/Y (sky130_fd_sc_hd__a21oi_1)
                                                         _0123_ (net)
                      0.104682    0.000326    6.421614 v _2372_/B (sky130_fd_sc_hd__or3_4)
     3    0.008697    0.072589    0.394012    6.815626 v _2372_/X (sky130_fd_sc_hd__or3_4)
                                                         _0126_ (net)
                      0.072589    0.000127    6.815753 v _2378_/A1 (sky130_fd_sc_hd__a21o_1)
     3    0.006769    0.049991    0.180018    6.995771 v _2378_/X (sky130_fd_sc_hd__a21o_1)
                                                         _0132_ (net)
                      0.049991    0.000087    6.995858 v _2383_/C (sky130_fd_sc_hd__and3_1)
     2    0.007032    0.055218    0.197057    7.192915 v _2383_/X (sky130_fd_sc_hd__and3_1)
                                                         _0137_ (net)
                      0.055218    0.000177    7.193092 v _2385_/C (sky130_fd_sc_hd__or3_4)
     3    0.008411    0.072143    0.337518    7.530610 v _2385_/X (sky130_fd_sc_hd__or3_4)
                                                         _0139_ (net)
                      0.072143    0.000187    7.530797 v _2387_/A1 (sky130_fd_sc_hd__a21o_1)
     4    0.012561    0.072716    0.203069    7.733865 v _2387_/X (sky130_fd_sc_hd__a21o_1)
                                                         _0141_ (net)
                      0.072717    0.000302    7.734167 v _2390_/A (sky130_fd_sc_hd__and3_1)
     3    0.010700    0.069854    0.186962    7.921130 v _2390_/X (sky130_fd_sc_hd__and3_1)
                                                         _0144_ (net)
                      0.069854    0.000385    7.921515 v _2392_/C (sky130_fd_sc_hd__or3_4)
     3    0.007006    0.069873    0.338121    8.259635 v _2392_/X (sky130_fd_sc_hd__or3_4)
                                                         _0146_ (net)
                      0.069873    0.000166    8.259801 v _2397_/A1 (sky130_fd_sc_hd__a21o_1)
     4    0.011037    0.066575    0.196723    8.456524 v _2397_/X (sky130_fd_sc_hd__a21o_1)
                                                         _0151_ (net)
                      0.066575    0.000212    8.456736 v _2406_/A (sky130_fd_sc_hd__and3_1)
     2    0.006659    0.053513    0.167032    8.623768 v _2406_/X (sky130_fd_sc_hd__and3_1)
                                                         _0160_ (net)
                      0.053513    0.000176    8.623943 v _2408_/C (sky130_fd_sc_hd__or3_4)
     3    0.008322    0.071979    0.336669    8.960613 v _2408_/X (sky130_fd_sc_hd__or3_4)
                                                         _0162_ (net)
                      0.071979    0.000196    8.960810 v _2410_/A1 (sky130_fd_sc_hd__a21o_1)
     3    0.007314    0.052498    0.182198    9.143007 v _2410_/X (sky130_fd_sc_hd__a21o_1)
                                                         _0164_ (net)
                      0.052498    0.000183    9.143190 v _2413_/A (sky130_fd_sc_hd__and3_1)
     2    0.006096    0.050968    0.158139    9.301330 v _2413_/X (sky130_fd_sc_hd__and3_1)
                                                         _0167_ (net)
                      0.050968    0.000134    9.301464 v _2415_/C (sky130_fd_sc_hd__or3_4)
     3    0.006554    0.069257    0.330615    9.632078 v _2415_/X (sky130_fd_sc_hd__or3_4)
                                                         _0169_ (net)
                      0.069257    0.000139    9.632218 v _2420_/A1 (sky130_fd_sc_hd__a21o_1)
     3    0.008769    0.058426    0.187697    9.819915 v _2420_/X (sky130_fd_sc_hd__a21o_1)
                                                         _0174_ (net)
                      0.058426    0.000167    9.820082 v _2428_/A1 (sky130_fd_sc_hd__a21bo_1)
     1    0.004342    0.041113    0.174762    9.994844 v _2428_/X (sky130_fd_sc_hd__a21bo_1)
                                                         _0180_ (net)
                      0.041137    0.000084    9.994928 v _2429_/B (sky130_fd_sc_hd__xor2_1)
     1    0.002530    0.067933    0.133058   10.127987 v _2429_/X (sky130_fd_sc_hd__xor2_1)
                                                         _0181_ (net)
                      0.067933    0.000052   10.128038 v _2430_/A1 (sky130_fd_sc_hd__mux2_4)
     1    0.002327    0.046737    0.256513   10.384551 v _2430_/X (sky130_fd_sc_hd__mux2_4)
                                                         _0025_ (net)
                      0.046737    0.000046   10.384598 v _3238_/D (sky130_fd_sc_hd__dfrtp_4)
                                             10.384598   data arrival time

                                 10.000000   10.000000   clock clk (rise edge)
                                  0.000000   10.000000   clock source latency
     2    0.039855    0.000000    0.000000   10.000000 ^ clk (in)
                                                         clk (net)
                      0.002108    0.001054   10.001055 ^ clkbuf_0_clk/A (sky130_fd_sc_hd__clkbuf_16)
    17    0.165079    0.177052    0.212435   10.213489 ^ clkbuf_0_clk/X (sky130_fd_sc_hd__clkbuf_16)
                                                         clknet_0_clk (net)
                      0.177526    0.007415   10.220903 ^ clkbuf_3_3__f_clk/A (sky130_fd_sc_hd__clkbuf_16)
    35    0.100088    0.116330    0.230235   10.451138 ^ clkbuf_3_3__f_clk/X (sky130_fd_sc_hd__clkbuf_16)
                                                         clknet_3_3__leaf_clk (net)
                      0.116410    0.002835   10.453974 ^ _3238_/CLK (sky130_fd_sc_hd__dfrtp_4)
                                 -0.100000   10.353974   clock uncertainty
                                  0.000000   10.353974   clock reconvergence pessimism
                                 -0.098688   10.255286   library setup time
                                             10.255286   data required time
---------------------------------------------------------------------------------------------
                                             10.255286   data required time
                                            -10.384598   data arrival time
---------------------------------------------------------------------------------------------
                                             -0.129312   slack (VIOLATED)




===========================================================================
report_checks --slack_max -0.01
============================================================================
======================= nom_tt_025C_1v80 Corner ===================================

Startpoint: _3302_ (rising edge-triggered flip-flop clocked by clk)
Endpoint: _3238_ (rising edge-triggered flip-flop clocked by clk)
Path Group: clk
Path Type: max

Fanout         Cap        Slew       Delay        Time   Description
---------------------------------------------------------------------------------------------
                                  0.000000    0.000000   clock clk (rise edge)
                                  0.000000    0.000000   clock source latency
     2    0.039855    0.000000    0.000000    0.000000 ^ clk (in)
                                                         clk (net)
                      0.002108    0.001054    0.001054 ^ clkbuf_0_clk/A (sky130_fd_sc_hd__clkbuf_16)
    17    0.165079    0.177052    0.212435    0.213489 ^ clkbuf_0_clk/X (sky130_fd_sc_hd__clkbuf_16)
                                                         clknet_0_clk (net)
                      0.177569    0.007732    0.221221 ^ clkbuf_3_0__f_clk/A (sky130_fd_sc_hd__clkbuf_16)
    25    0.091776    0.108459    0.224589    0.445810 ^ clkbuf_3_0__f_clk/X (sky130_fd_sc_hd__clkbuf_16)
                                                         clknet_3_0__leaf_clk (net)
                      0.108571    0.003138    0.448948 ^ _3302_/CLK (sky130_fd_sc_hd__dfrtp_4)
     6    0.024146    0.085006    0.528839    0.977787 v _3302_/Q (sky130_fd_sc_hd__dfrtp_4)
                                                         B_reg[12] (net)
                      0.085021    0.001555    0.979341 v _1910_/C (sky130_fd_sc_hd__and3_1)
     3    0.007647    0.058164    0.215945    1.195286 v _1910_/X (sky130_fd_sc_hd__and3_1)
                                                         _1175_ (net)
                      0.058165    0.000273    1.195559 v _2300_/A (sky130_fd_sc_hd__or4_4)
     4    0.009637    0.093455    0.548698    1.744257 v _2300_/X (sky130_fd_sc_hd__or4_4)
                                                         _1553_ (net)
                      0.093455    0.000206    1.744463 v _2304_/A1 (sky130_fd_sc_hd__a21o_1)
     3    0.008355    0.057317    0.195767    1.940230 v _2304_/X (sky130_fd_sc_hd__a21o_1)
                                                         _1557_ (net)
                      0.057318    0.000228    1.940457 v _2307_/A2 (sky130_fd_sc_hd__a21oi_1)
     3    0.010742    0.252437    0.253001    2.193458 ^ _2307_/Y (sky130_fd_sc_hd__a21oi_1)
                                                         _1560_ (net)
                      0.252437    0.000166    2.193624 ^ _2311_/B (sky130_fd_sc_hd__xor2_1)
     3    0.010232    0.243271    0.268648    2.462271 ^ _2311_/X (sky130_fd_sc_hd__xor2_1)
                                                         _1564_ (net)
                      0.243272    0.000248    2.462519 ^ _2313_/A2 (sky130_fd_sc_hd__a21o_1)
     4    0.010850    0.102248    0.202194    2.664713 ^ _2313_/X (sky130_fd_sc_hd__a21o_1)
                                                         _1566_ (net)
                      0.102248    0.000276    2.664990 ^ _2318_/A1 (sky130_fd_sc_hd__a21oi_1)
     3    0.011568    0.098679    0.119533    2.784523 v _2318_/Y (sky130_fd_sc_hd__a21oi_1)
                                                         _1571_ (net)
                      0.098679    0.000252    2.784774 v _2321_/B (sky130_fd_sc_hd__or3_4)
     3    0.007423    0.070565    0.387944    3.172718 v _2321_/X (sky130_fd_sc_hd__or3_4)
                                                         _1574_ (net)
                      0.070565    0.000120    3.172838 v _2326_/A1 (sky130_fd_sc_hd__a21o_1)
     4    0.010022    0.062578    0.193371    3.366210 v _2326_/X (sky130_fd_sc_hd__a21o_1)
                                                         _1579_ (net)
                      0.062578    0.000235    3.366445 v _2328_/A (sky130_fd_sc_hd__and3_1)
     2    0.007132    0.055736    0.167473    3.533918 v _2328_/X (sky130_fd_sc_hd__and3_1)
                                                         _1581_ (net)
                      0.055736    0.000210    3.534127 v _2330_/A (sky130_fd_sc_hd__or3_4)
     3    0.007117    0.070199    0.390227    3.924354 v _2330_/X (sky130_fd_sc_hd__or3_4)
                                                         _1583_ (net)
                      0.070199    0.000194    3.924548 v _2334_/A1 (sky130_fd_sc_hd__a21o_1)
     4    0.010945    0.066275    0.196495    4.121043 v _2334_/X (sky130_fd_sc_hd__a21o_1)
                                                         _1587_ (net)
                      0.066275    0.000258    4.121302 v rebuffer14/A (sky130_fd_sc_hd__dlymetal6s2s_1)
     2    0.007515    0.056930    0.162975    4.284277 v rebuffer14/X (sky130_fd_sc_hd__dlymetal6s2s_1)
                                                         net67 (net)
                      0.056930    0.000176    4.284453 v _2343_/A1 (sky130_fd_sc_hd__a21bo_1)
     1    0.004591    0.042174    0.175312    4.459765 v _2343_/X (sky130_fd_sc_hd__a21bo_1)
                                                         _1596_ (net)
                      0.042174    0.000151    4.459916 v _2344_/B1 (sky130_fd_sc_hd__a22o_1)
     2    0.006445    0.056934    0.193170    4.653086 v _2344_/X (sky130_fd_sc_hd__a22o_1)
                                                         _1597_ (net)
                      0.056934    0.000192    4.653278 v _2347_/B1 (sky130_fd_sc_hd__a21o_1)
     4    0.010795    0.065637    0.188775    4.842053 v _2347_/X (sky130_fd_sc_hd__a21o_1)
                                                         _1600_ (net)
                      0.065637    0.000290    4.842343 v _2348_/A2 (sky130_fd_sc_hd__a21oi_1)
     3    0.014399    0.322464    0.307788    5.150131 ^ _2348_/Y (sky130_fd_sc_hd__a21oi_1)
                                                         _1601_ (net)
                      0.322465    0.000529    5.150661 ^ _2349_/B (sky130_fd_sc_hd__xnor2_1)
     3    0.011769    0.124001    0.177578    5.328238 v _2349_/Y (sky130_fd_sc_hd__xnor2_1)
                                                         _1602_ (net)
                      0.124001    0.000269    5.328507 v _2355_/A2 (sky130_fd_sc_hd__a21o_1)
     4    0.010108    0.062966    0.236418    5.564925 v _2355_/X (sky130_fd_sc_hd__a21o_1)
                                                         _0109_ (net)
                      0.062966    0.000332    5.565257 v _2360_/A1 (sky130_fd_sc_hd__a21oi_1)
     3    0.012402    0.284291    0.259659    5.824916 ^ _2360_/Y (sky130_fd_sc_hd__a21oi_1)
                                                         _0114_ (net)
                      0.284292    0.000446    5.825362 ^ _2361_/B (sky130_fd_sc_hd__xnor2_1)
     3    0.015790    0.372714    0.255345    6.080707 ^ _2361_/Y (sky130_fd_sc_hd__xnor2_1)
                                                         _0115_ (net)
                      0.372714    0.000420    6.081126 ^ _2366_/A2 (sky130_fd_sc_hd__a21o_1)
     4    0.010105    0.096757    0.217609    6.298736 ^ _2366_/X (sky130_fd_sc_hd__a21o_1)
                                                         _0120_ (net)
                      0.096757    0.000221    6.298957 ^ _2369_/A1 (sky130_fd_sc_hd__a21oi_1)
     3    0.012486    0.104682    0.122331    6.421288 v _2369_/Y (sky130_fd_sc_hd__a21oi_1)
                                                         _0123_ (net)
                      0.104682    0.000326    6.421614 v _2372_/B (sky130_fd_sc_hd__or3_4)
     3    0.008697    0.072589    0.394012    6.815626 v _2372_/X (sky130_fd_sc_hd__or3_4)
                                                         _0126_ (net)
                      0.072589    0.000127    6.815753 v _2378_/A1 (sky130_fd_sc_hd__a21o_1)
     3    0.006769    0.049991    0.180018    6.995771 v _2378_/X (sky130_fd_sc_hd__a21o_1)
                                                         _0132_ (net)
                      0.049991    0.000087    6.995858 v _2383_/C (sky130_fd_sc_hd__and3_1)
     2    0.007032    0.055218    0.197057    7.192915 v _2383_/X (sky130_fd_sc_hd__and3_1)
                                                         _0137_ (net)
                      0.055218    0.000177    7.193092 v _2385_/C (sky130_fd_sc_hd__or3_4)
     3    0.008411    0.072143    0.337518    7.530610 v _2385_/X (sky130_fd_sc_hd__or3_4)
                                                         _0139_ (net)
                      0.072143    0.000187    7.530797 v _2387_/A1 (sky130_fd_sc_hd__a21o_1)
     4    0.012561    0.072716    0.203069    7.733865 v _2387_/X (sky130_fd_sc_hd__a21o_1)
                                                         _0141_ (net)
                      0.072717    0.000302    7.734167 v _2390_/A (sky130_fd_sc_hd__and3_1)
     3    0.010700    0.069854    0.186962    7.921130 v _2390_/X (sky130_fd_sc_hd__and3_1)
                                                         _0144_ (net)
                      0.069854    0.000385    7.921515 v _2392_/C (sky130_fd_sc_hd__or3_4)
     3    0.007006    0.069873    0.338121    8.259635 v _2392_/X (sky130_fd_sc_hd__or3_4)
                                                         _0146_ (net)
                      0.069873    0.000166    8.259801 v _2397_/A1 (sky130_fd_sc_hd__a21o_1)
     4    0.011037    0.066575    0.196723    8.456524 v _2397_/X (sky130_fd_sc_hd__a21o_1)
                                                         _0151_ (net)
                      0.066575    0.000212    8.456736 v _2406_/A (sky130_fd_sc_hd__and3_1)
     2    0.006659    0.053513    0.167032    8.623768 v _2406_/X (sky130_fd_sc_hd__and3_1)
                                                         _0160_ (net)
                      0.053513    0.000176    8.623943 v _2408_/C (sky130_fd_sc_hd__or3_4)
     3    0.008322    0.071979    0.336669    8.960613 v _2408_/X (sky130_fd_sc_hd__or3_4)
                                                         _0162_ (net)
                      0.071979    0.000196    8.960810 v _2410_/A1 (sky130_fd_sc_hd__a21o_1)
     3    0.007314    0.052498    0.182198    9.143007 v _2410_/X (sky130_fd_sc_hd__a21o_1)
                                                         _0164_ (net)
                      0.052498    0.000183    9.143190 v _2413_/A (sky130_fd_sc_hd__and3_1)
     2    0.006096    0.050968    0.158139    9.301330 v _2413_/X (sky130_fd_sc_hd__and3_1)
                                                         _0167_ (net)
                      0.050968    0.000134    9.301464 v _2415_/C (sky130_fd_sc_hd__or3_4)
     3    0.006554    0.069257    0.330615    9.632078 v _2415_/X (sky130_fd_sc_hd__or3_4)
                                                         _0169_ (net)
                      0.069257    0.000139    9.632218 v _2420_/A1 (sky130_fd_sc_hd__a21o_1)
     3    0.008769    0.058426    0.187697    9.819915 v _2420_/X (sky130_fd_sc_hd__a21o_1)
                                                         _0174_ (net)
                      0.058426    0.000167    9.820082 v _2428_/A1 (sky130_fd_sc_hd__a21bo_1)
     1    0.004342    0.041113    0.174762    9.994844 v _2428_/X (sky130_fd_sc_hd__a21bo_1)
                                                         _0180_ (net)
                      0.041137    0.000084    9.994928 v _2429_/B (sky130_fd_sc_hd__xor2_1)
     1    0.002530    0.067933    0.133058   10.127987 v _2429_/X (sky130_fd_sc_hd__xor2_1)
                                                         _0181_ (net)
                      0.067933    0.000052   10.128038 v _2430_/A1 (sky130_fd_sc_hd__mux2_4)
     1    0.002327    0.046737    0.256513   10.384551 v _2430_/X (sky130_fd_sc_hd__mux2_4)
                                                         _0025_ (net)
                      0.046737    0.000046   10.384598 v _3238_/D (sky130_fd_sc_hd__dfrtp_4)
                                             10.384598   data arrival time

                                 10.000000   10.000000   clock clk (rise edge)
                                  0.000000   10.000000   clock source latency
     2    0.039855    0.000000    0.000000   10.000000 ^ clk (in)
                                                         clk (net)
                      0.002108    0.001054   10.001055 ^ clkbuf_0_clk/A (sky130_fd_sc_hd__clkbuf_16)
    17    0.165079    0.177052    0.212435   10.213489 ^ clkbuf_0_clk/X (sky130_fd_sc_hd__clkbuf_16)
                                                         clknet_0_clk (net)
                      0.177526    0.007415   10.220903 ^ clkbuf_3_3__f_clk/A (sky130_fd_sc_hd__clkbuf_16)
    35    0.100088    0.116330    0.230235   10.451138 ^ clkbuf_3_3__f_clk/X (sky130_fd_sc_hd__clkbuf_16)
                                                         clknet_3_3__leaf_clk (net)
                      0.116410    0.002835   10.453974 ^ _3238_/CLK (sky130_fd_sc_hd__dfrtp_4)
                                 -0.100000   10.353974   clock uncertainty
                                  0.000000   10.353974   clock reconvergence pessimism
                                 -0.098688   10.255286   library setup time
                                             10.255286   data required time
---------------------------------------------------------------------------------------------
                                             10.255286   data required time
                                            -10.384598   data arrival time
---------------------------------------------------------------------------------------------
                                             -0.129312   slack (VIOLATED)




===========================================================================
 report_check_types -max_slew -max_cap -max_fanout -violators
============================================================================
======================= nom_tt_025C_1v80 Corner ===================================



===========================================================================
report_parasitic_annotation -report_unannotated
============================================================================
Found 7 unannotated drivers.
 clkload0/Y
 clkload1/Y
 clkload2/Y
 clkload3/Y
 clkload4/Y
 clkload5/Y
 clkload6/Y
Found 0 partially unannotated drivers.

===========================================================================
max slew violation count 0
max fanout violation count 0
max cap violation count 0
============================================================================

===========================================================================
check_setup -verbose -unconstrained_endpoints -multiple_clock -no_clock -no_input_delay -loops -generated_clocks
===========================================================================
Warning: There are 36 input ports missing set_input_delay.
  A_in[0]
  A_in[10]
  A_in[11]
  A_in[12]
  A_in[13]
  A_in[14]
  A_in[15]
  A_in[1]
  A_in[2]
  A_in[3]
  A_in[4]
  A_in[5]
  A_in[6]
  A_in[7]
  A_in[8]
  A_in[9]
  B_in[0]
  B_in[10]
  B_in[11]
  B_in[12]
  B_in[13]
  B_in[14]
  B_in[15]
  B_in[1]
  B_in[2]
  B_in[3]
  B_in[4]
  B_in[5]
  B_in[6]
  B_in[7]
  B_in[8]
  B_in[9]
  Op_Sel[0]
  Op_Sel[1]
  Start
  rst_n
Warning: There are 17 unconstrained endpoints.
  Done
  X_out[0]
  X_out[10]
  X_out[11]
  X_out[12]
  X_out[13]
  X_out[14]
  X_out[15]
  X_out[1]
  X_out[2]
  X_out[3]
  X_out[4]
  X_out[5]
  X_out[6]
  X_out[7]
  X_out[8]
  X_out[9]
