
===========================================================================
 report_power
============================================================================
======================= nom_ff_n40C_1v95 Corner ===================================

Group                    Internal    Switching      Leakage        Total
                            Power        Power        Power        Power (Watts)
------------------------------------------------------------------------
Sequential           2.144551e-03 9.431524e-04 2.095721e-09 3.087706e-03   1.8%
Combinational        9.541407e-02 7.740285e-02 1.558383e-08 1.728169e-01  98.2%
Clock                0.000000e+00 0.000000e+00 0.000000e+00 0.000000e+00   0.0%
Macro                0.000000e+00 0.000000e+00 0.000000e+00 0.000000e+00   0.0%
Pad                  0.000000e+00 0.000000e+00 0.000000e+00 0.000000e+00   0.0%
------------------------------------------------------------------------
Total                9.755858e-02 7.834602e-02 1.767953e-08 1.759046e-01 100.0%
                            55.5%        44.5%         0.0%

