
===========================================================================
report_checks -unconstrained
===========================================================================
======================= nom_ff_n40C_1v95 Corner ===================================

Startpoint: _3302_ (rising edge-triggered flip-flop clocked by clk)
Endpoint: _3237_ (rising edge-triggered flip-flop clocked by clk)
Path Group: clk
Path Type: max

Fanout         Cap        Slew       Delay        Time   Description
---------------------------------------------------------------------------------------------
                                  0.000000    0.000000   clock clk (rise edge)
                                  0.000000    0.000000   clock source latency
     2    0.039023    0.000000    0.000000    0.000000 ^ clk (in)
                                                         clk (net)
                      0.002154    0.001077    0.001077 ^ clkbuf_0_clk/A (sky130_fd_sc_hd__clkbuf_16)
    17    0.165240    0.137093    0.153050    0.154128 ^ clkbuf_0_clk/X (sky130_fd_sc_hd__clkbuf_16)
                                                         clknet_0_clk (net)
                      0.137803    0.007916    0.162044 ^ clkbuf_3_0__f_clk/A (sky130_fd_sc_hd__clkbuf_16)
    25    0.096212    0.086946    0.153901    0.315945 ^ clkbuf_3_0__f_clk/X (sky130_fd_sc_hd__clkbuf_16)
                                                         clknet_3_0__leaf_clk (net)
                      0.087225    0.003930    0.319875 ^ _3302_/CLK (sky130_fd_sc_hd__dfrtp_4)
    15    0.050425    0.086793    0.361779    0.681654 v _3302_/Q (sky130_fd_sc_hd__dfrtp_4)
                                                         B_reg[12] (net)
                      0.086920    0.002938    0.684592 v _1910_/C (sky130_fd_sc_hd__and3_1)
     3    0.006311    0.037498    0.145591    0.830183 v _1910_/X (sky130_fd_sc_hd__and3_1)
                                                         _1175_ (net)
                      0.037498    0.000101    0.830284 v _2300_/B (sky130_fd_sc_hd__or4_1)
     4    0.009804    0.083890    0.322148    1.152432 v _2300_/X (sky130_fd_sc_hd__or4_1)
                                                         _1553_ (net)
                      0.083890    0.000208    1.152640 v _2304_/A2 (sky130_fd_sc_hd__a21o_1)
     3    0.007691    0.038400    0.144879    1.297519 v _2304_/X (sky130_fd_sc_hd__a21o_1)
                                                         _1557_ (net)
                      0.038400    0.000182    1.297701 v _2307_/A2 (sky130_fd_sc_hd__a21oi_1)
     3    0.010626    0.182430    0.175453    1.473154 ^ _2307_/Y (sky130_fd_sc_hd__a21oi_1)
                                                         _1560_ (net)
                      0.182430    0.000167    1.473321 ^ _2311_/B (sky130_fd_sc_hd__xor2_1)
     3    0.010666    0.181426    0.167697    1.641019 ^ _2311_/X (sky130_fd_sc_hd__xor2_1)
                                                         _1564_ (net)
                      0.181427    0.000292    1.641310 ^ _2313_/A2 (sky130_fd_sc_hd__a21o_1)
     4    0.011498    0.080699    0.123397    1.764707 ^ _2313_/X (sky130_fd_sc_hd__a21o_1)
                                                         _1566_ (net)
                      0.080699    0.000291    1.764998 ^ _2318_/A1 (sky130_fd_sc_hd__a21oi_1)
     3    0.010887    0.062534    0.069205    1.834203 v _2318_/Y (sky130_fd_sc_hd__a21oi_1)
                                                         _1571_ (net)
                      0.062535    0.000223    1.834425 v _2321_/B (sky130_fd_sc_hd__or3_1)
     3    0.007409    0.060258    0.226272    2.060697 v _2321_/X (sky130_fd_sc_hd__or3_1)
                                                         _1574_ (net)
                      0.060258    0.000123    2.060820 v _2326_/A1 (sky130_fd_sc_hd__a21o_1)
     4    0.009917    0.045228    0.128164    2.188984 v _2326_/X (sky130_fd_sc_hd__a21o_1)
                                                         _1579_ (net)
                      0.045228    0.000216    2.189200 v _2328_/C (sky130_fd_sc_hd__and3_1)
     2    0.005377    0.034860    0.125292    2.314492 v _2328_/X (sky130_fd_sc_hd__and3_1)
                                                         _1581_ (net)
                      0.034860    0.000140    2.314631 v _2330_/C (sky130_fd_sc_hd__or3_2)
     4    0.014710    0.077578    0.267270    2.581902 v _2330_/X (sky130_fd_sc_hd__or3_2)
                                                         _1583_ (net)
                      0.077578    0.000333    2.582235 v _2334_/A1 (sky130_fd_sc_hd__a21o_1)
     5    0.016349    0.061990    0.150741    2.732976 v _2334_/X (sky130_fd_sc_hd__a21o_1)
                                                         _1587_ (net)
                      0.061991    0.000345    2.733321 v _2338_/B (sky130_fd_sc_hd__and3_1)
     2    0.005654    0.035632    0.122632    2.855953 v _2338_/X (sky130_fd_sc_hd__and3_1)
                                                         _1591_ (net)
                      0.035633    0.000157    2.856111 v _2345_/C (sky130_fd_sc_hd__or3_1)
     3    0.008732    0.065741    0.200824    3.056934 v _2345_/X (sky130_fd_sc_hd__or3_1)
                                                         _1598_ (net)
                      0.065741    0.000195    3.057129 v _2347_/A1 (sky130_fd_sc_hd__a21o_1)
     4    0.011123    0.047408    0.133699    3.190827 v _2347_/X (sky130_fd_sc_hd__a21o_1)
                                                         _1600_ (net)
                      0.047409    0.000301    3.191128 v _2350_/C (sky130_fd_sc_hd__and3_1)
     2    0.005906    0.036369    0.127886    3.319015 v _2350_/X (sky130_fd_sc_hd__and3_1)
                                                         _1603_ (net)
                      0.036369    0.000138    3.319153 v _2352_/C (sky130_fd_sc_hd__or3_1)
     3    0.009922    0.069773    0.206668    3.525820 v _2352_/X (sky130_fd_sc_hd__or3_1)
                                                         _0106_ (net)
                      0.069773    0.000270    3.526090 v _2355_/A2 (sky130_fd_sc_hd__a21o_1)
     4    0.011439    0.048279    0.151430    3.677520 v _2355_/X (sky130_fd_sc_hd__a21o_1)
                                                         _0109_ (net)
                      0.048281    0.000379    3.677899 v _2362_/B (sky130_fd_sc_hd__and3_1)
     2    0.006750    0.038862    0.120681    3.798581 v _2362_/X (sky130_fd_sc_hd__and3_1)
                                                         _0116_ (net)
                      0.038863    0.000208    3.798789 v _2364_/C (sky130_fd_sc_hd__or3_1)
     3    0.007885    0.062216    0.197609    3.996398 v _2364_/X (sky130_fd_sc_hd__or3_1)
                                                         _0118_ (net)
                      0.062216    0.000226    3.996624 v _2366_/A2 (sky130_fd_sc_hd__a21o_1)
     4    0.010222    0.045606    0.145356    4.141981 v _2366_/X (sky130_fd_sc_hd__a21o_1)
                                                         _0120_ (net)
                      0.045607    0.000300    4.142281 v _2370_/B (sky130_fd_sc_hd__and3_1)
     2    0.006216    0.037259    0.117927    4.260208 v _2370_/X (sky130_fd_sc_hd__and3_1)
                                                         _0124_ (net)
                      0.037259    0.000165    4.260373 v _2372_/C (sky130_fd_sc_hd__or3_1)
     3    0.009088    0.067286    0.202971    4.463343 v _2372_/X (sky130_fd_sc_hd__or3_1)
                                                         _0126_ (net)
                      0.067286    0.000211    4.463554 v _2378_/A1 (sky130_fd_sc_hd__a21o_1)
     4    0.010711    0.046367    0.133206    4.596761 v _2378_/X (sky130_fd_sc_hd__a21o_1)
                                                         _0132_ (net)
                      0.046367    0.000177    4.596938 v _2383_/C (sky130_fd_sc_hd__and3_1)
     2    0.007195    0.040219    0.131751    4.728689 v _2383_/X (sky130_fd_sc_hd__and3_1)
                                                         _0137_ (net)
                      0.040220    0.000262    4.728951 v _2385_/C (sky130_fd_sc_hd__or3_1)
     3    0.008370    0.064206    0.200343    4.929294 v _2385_/X (sky130_fd_sc_hd__or3_1)
                                                         _0139_ (net)
                      0.064206    0.000183    4.929477 v _2387_/A1 (sky130_fd_sc_hd__a21o_1)
     4    0.013089    0.052816    0.137939    5.067416 v _2387_/X (sky130_fd_sc_hd__a21o_1)
                                                         _0141_ (net)
                      0.052816    0.000221    5.067637 v _2390_/B (sky130_fd_sc_hd__and3_1)
     3    0.009908    0.047654    0.132915    5.200552 v _2390_/X (sky130_fd_sc_hd__and3_1)
                                                         _0144_ (net)
                      0.047654    0.000169    5.200720 v _2392_/C (sky130_fd_sc_hd__or3_1)
     3    0.007182    0.059417    0.196660    5.397380 v _2392_/X (sky130_fd_sc_hd__or3_1)
                                                         _0146_ (net)
                      0.059417    0.000147    5.397527 v _2397_/A1 (sky130_fd_sc_hd__a21o_1)
     4    0.011153    0.047484    0.131409    5.528935 v _2397_/X (sky130_fd_sc_hd__a21o_1)
                                                         _0151_ (net)
                      0.047486    0.000328    5.529263 v _2406_/B (sky130_fd_sc_hd__and3_1)
     2    0.005625    0.035559    0.116681    5.645944 v _2406_/X (sky130_fd_sc_hd__and3_1)
                                                         _0160_ (net)
                      0.035559    0.000087    5.646031 v _2408_/C (sky130_fd_sc_hd__or3_1)
     3    0.008061    0.062897    0.197598    5.843629 v _2408_/X (sky130_fd_sc_hd__or3_1)
                                                         _0162_ (net)
                      0.062897    0.000153    5.843781 v _2410_/A2 (sky130_fd_sc_hd__a21o_1)
     3    0.007507    0.037838    0.137022    5.980803 v _2410_/X (sky130_fd_sc_hd__a21o_1)
                                                         _0164_ (net)
                      0.037838    0.000182    5.980986 v _2413_/C (sky130_fd_sc_hd__and3_1)
     2    0.005459    0.035103    0.122776    6.103761 v _2413_/X (sky130_fd_sc_hd__and3_1)
                                                         _0167_ (net)
                      0.035103    0.000086    6.103848 v _2415_/C (sky130_fd_sc_hd__or3_1)
     3    0.007551    0.060824    0.195000    6.298847 v _2415_/X (sky130_fd_sc_hd__or3_1)
                                                         _0169_ (net)
                      0.060824    0.000187    6.299035 v _2420_/A1 (sky130_fd_sc_hd__a21o_1)
     4    0.011822    0.049329    0.133572    6.432607 v _2420_/X (sky130_fd_sc_hd__a21o_1)
                                                         _0174_ (net)
                      0.049330    0.000306    6.432913 v _2423_/A1 (sky130_fd_sc_hd__a21o_1)
     2    0.008354    0.040490    0.119280    6.552192 v _2423_/X (sky130_fd_sc_hd__a21o_1)
                                                         _0177_ (net)
                      0.040491    0.000254    6.552447 v _2426_/B (sky130_fd_sc_hd__xnor2_1)
     1    0.003002    0.038587    0.079718    6.632165 v _2426_/Y (sky130_fd_sc_hd__xnor2_1)
                                                         _0179_ (net)
                      0.038587    0.000067    6.632232 v _2427_/A1 (sky130_fd_sc_hd__mux2_1)
     1    0.002905    0.038319    0.149047    6.781279 v _2427_/X (sky130_fd_sc_hd__mux2_1)
                                                         _0024_ (net)
                      0.038319    0.000087    6.781366 v _3237_/D (sky130_fd_sc_hd__dfrtp_4)
                                              6.781366   data arrival time

                                100.000000  100.000000   clock clk (rise edge)
                                  0.000000  100.000000   clock source latency
     2    0.039023    0.000000    0.000000  100.000000 ^ clk (in)
                                                         clk (net)
                      0.002154    0.001080  100.001076 ^ clkbuf_0_clk/A (sky130_fd_sc_hd__clkbuf_16)
    17    0.165240    0.137093    0.153051  100.154129 ^ clkbuf_0_clk/X (sky130_fd_sc_hd__clkbuf_16)
                                                         clknet_0_clk (net)
                      0.137727    0.007489  100.161613 ^ clkbuf_3_3__f_clk/A (sky130_fd_sc_hd__clkbuf_16)
    35    0.097269    0.087685    0.154436  100.316055 ^ clkbuf_3_3__f_clk/X (sky130_fd_sc_hd__clkbuf_16)
                                                         clknet_3_3__leaf_clk (net)
                      0.087840    0.002480  100.318535 ^ _3237_/CLK (sky130_fd_sc_hd__dfrtp_4)
                                 -0.100000  100.218529   clock uncertainty
                                  0.000000  100.218529   clock reconvergence pessimism
                                 -0.069505  100.149025   library setup time
                                            100.149025   data required time
---------------------------------------------------------------------------------------------
                                            100.149025   data required time
                                             -6.781366   data arrival time
---------------------------------------------------------------------------------------------
                                             93.367661   slack (MET)




===========================================================================
report_checks --slack_max -0.01
============================================================================
======================= nom_ff_n40C_1v95 Corner ===================================

No paths found.


===========================================================================
 report_check_types -max_slew -max_cap -max_fanout -violators
============================================================================
======================= nom_ff_n40C_1v95 Corner ===================================



===========================================================================
report_parasitic_annotation -report_unannotated
============================================================================
Found 7 unannotated drivers.
 clkload0/Y
 clkload1/Y
 clkload2/Y
 clkload3/Y
 clkload4/Y
 clkload5/Y
 clkload6/Y
Found 0 partially unannotated drivers.

===========================================================================
max slew violation count 0
max fanout violation count 0
max cap violation count 0
============================================================================

===========================================================================
check_setup -verbose -unconstrained_endpoints -multiple_clock -no_clock -no_input_delay -loops -generated_clocks
===========================================================================
Warning: There are 36 input ports missing set_input_delay.
  A_in[0]
  A_in[10]
  A_in[11]
  A_in[12]
  A_in[13]
  A_in[14]
  A_in[15]
  A_in[1]
  A_in[2]
  A_in[3]
  A_in[4]
  A_in[5]
  A_in[6]
  A_in[7]
  A_in[8]
  A_in[9]
  B_in[0]
  B_in[10]
  B_in[11]
  B_in[12]
  B_in[13]
  B_in[14]
  B_in[15]
  B_in[1]
  B_in[2]
  B_in[3]
  B_in[4]
  B_in[5]
  B_in[6]
  B_in[7]
  B_in[8]
  B_in[9]
  Op_Sel[0]
  Op_Sel[1]
  Start
  rst_n
Warning: There are 17 unconstrained endpoints.
  Done
  X_out[0]
  X_out[10]
  X_out[11]
  X_out[12]
  X_out[13]
  X_out[14]
  X_out[15]
  X_out[1]
  X_out[2]
  X_out[3]
  X_out[4]
  X_out[5]
  X_out[6]
  X_out[7]
  X_out[8]
  X_out[9]
