
===========================================================================
report_checks -unconstrained
===========================================================================
======================= nom_tt_025C_1v80 Corner ===================================

Startpoint: _3302_ (rising edge-triggered flip-flop clocked by clk)
Endpoint: _3238_ (rising edge-triggered flip-flop clocked by clk)
Path Group: clk
Path Type: max

Fanout         Cap        Slew       Delay        Time   Description
---------------------------------------------------------------------------------------------
                                  0.000000    0.000000   clock clk (rise edge)
                                  0.000000    0.000000   clock source latency
   110    0.355975    0.000000    0.000000    0.000000 ^ clk (in)
                                                         clk (net)
                      0.042760    0.021380    0.021380 ^ _3302_/CLK (sky130_fd_sc_hd__dfrtp_2)
    15    0.058433    0.159605    0.514729    0.536109 v _3302_/Q (sky130_fd_sc_hd__dfrtp_2)
                                                         B_reg[12] (net)
                      0.159605    0.000677    0.536786 v _1910_/C (sky130_fd_sc_hd__and3_2)
     3    0.004883    0.043971    0.263146    0.799932 v _1910_/X (sky130_fd_sc_hd__and3_2)
                                                         _1175_ (net)
                      0.043971    0.000007    0.799939 v _2300_/B (sky130_fd_sc_hd__or4_2)
     4    0.010205    0.132916    0.686634    1.486573 v _2300_/X (sky130_fd_sc_hd__or4_2)
                                                         _1553_ (net)
                      0.132916    0.000035    1.486609 v _2304_/A2 (sky130_fd_sc_hd__a21o_2)
     3    0.011370    0.055362    0.267054    1.753663 v _2304_/X (sky130_fd_sc_hd__a21o_2)
                                                         _1557_ (net)
                      0.055362    0.000032    1.753695 v _2308_/C (sky130_fd_sc_hd__and3_2)
     2    0.006139    0.045910    0.219191    1.972885 v _2308_/X (sky130_fd_sc_hd__and3_2)
                                                         _1561_ (net)
                      0.045910    0.000013    1.972899 v _2310_/C (sky130_fd_sc_hd__or3_2)
     3    0.005780    0.088699    0.421901    2.394799 v _2310_/X (sky130_fd_sc_hd__or3_2)
                                                         _1563_ (net)
                      0.088699    0.000012    2.394812 v _2313_/A1 (sky130_fd_sc_hd__a21o_2)
     4    0.015642    0.063205    0.238054    2.632865 v _2313_/X (sky130_fd_sc_hd__a21o_2)
                                                         _1566_ (net)
                      0.063205    0.000072    2.632937 v _2319_/B (sky130_fd_sc_hd__and3_2)
     2    0.006816    0.047250    0.211046    2.843983 v _2319_/X (sky130_fd_sc_hd__and3_2)
                                                         _1572_ (net)
                      0.047250    0.000016    2.843999 v _2321_/C (sky130_fd_sc_hd__or3_2)
     3    0.006103    0.087670    0.424010    3.268008 v _2321_/X (sky130_fd_sc_hd__or3_2)
                                                         _1574_ (net)
                      0.087670    0.000028    3.268036 v _2326_/A1 (sky130_fd_sc_hd__a21o_2)
     4    0.013626    0.059097    0.233187    3.501223 v _2326_/X (sky130_fd_sc_hd__a21o_2)
                                                         _1579_ (net)
                      0.059097    0.000050    3.501273 v _2328_/C (sky130_fd_sc_hd__and3_2)
     2    0.006533    0.046685    0.222216    3.723489 v _2328_/X (sky130_fd_sc_hd__and3_2)
                                                         _1581_ (net)
                      0.046685    0.000021    3.723511 v _2330_/C (sky130_fd_sc_hd__or3_2)
     4    0.011301    0.108065    0.452865    4.176375 v _2330_/X (sky130_fd_sc_hd__or3_2)
                                                         _1583_ (net)
                      0.108065    0.000026    4.176402 v _2334_/A1 (sky130_fd_sc_hd__a21o_2)
     5    0.014713    0.061395    0.243796    4.420197 v _2334_/X (sky130_fd_sc_hd__a21o_2)
                                                         _1587_ (net)
                      0.061395    0.000030    4.420228 v _2338_/B (sky130_fd_sc_hd__and3_2)
     2    0.006393    0.046369    0.208817    4.629045 v _2338_/X (sky130_fd_sc_hd__and3_2)
                                                         _1591_ (net)
                      0.046369    0.000015    4.629060 v _2345_/C (sky130_fd_sc_hd__or3_2)
     3    0.006599    0.091569    0.426575    5.055635 v _2345_/X (sky130_fd_sc_hd__or3_2)
                                                         _1598_ (net)
                      0.091569    0.000013    5.055648 v _2347_/A1 (sky130_fd_sc_hd__a21o_2)
     4    0.011009    0.054413    0.227517    5.283165 v _2347_/X (sky130_fd_sc_hd__a21o_2)
                                                         _1600_ (net)
                      0.054413    0.000053    5.283217 v _2350_/C (sky130_fd_sc_hd__and3_2)
     2    0.007000    0.047689    0.221670    5.504888 v _2350_/X (sky130_fd_sc_hd__and3_2)
                                                         _1603_ (net)
                      0.047689    0.000039    5.504927 v _2352_/C (sky130_fd_sc_hd__or3_2)
     3    0.006970    0.090185    0.428936    5.933863 v _2352_/X (sky130_fd_sc_hd__or3_2)
                                                         _0106_ (net)
                      0.090185    0.000039    5.933901 v _2355_/A2 (sky130_fd_sc_hd__a21o_2)
     4    0.010375    0.052611    0.247359    6.181261 v _2355_/X (sky130_fd_sc_hd__a21o_2)
                                                         _0109_ (net)
                      0.052611    0.000037    6.181297 v _2362_/B (sky130_fd_sc_hd__and3_2)
     2    0.006916    0.047487    0.206671    6.387968 v _2362_/X (sky130_fd_sc_hd__and3_2)
                                                         _0116_ (net)
                      0.047487    0.000032    6.388000 v _2364_/C (sky130_fd_sc_hd__or3_2)
     3    0.006166    0.087853    0.424415    6.812416 v _2364_/X (sky130_fd_sc_hd__or3_2)
                                                         _0118_ (net)
                      0.087853    0.000029    6.812445 v _2366_/A2 (sky130_fd_sc_hd__a21o_2)
     4    0.012994    0.057785    0.254512    7.066957 v _2366_/X (sky130_fd_sc_hd__a21o_2)
                                                         _0120_ (net)
                      0.057785    0.000032    7.066989 v _2370_/B (sky130_fd_sc_hd__and3_2)
     2    0.006492    0.046589    0.207546    7.274535 v _2370_/X (sky130_fd_sc_hd__and3_2)
                                                         _0124_ (net)
                      0.046589    0.000020    7.274555 v _2372_/C (sky130_fd_sc_hd__or3_2)
     3    0.007184    0.093621    0.429885    7.704440 v _2372_/X (sky130_fd_sc_hd__or3_2)
                                                         _0126_ (net)
                      0.093621    0.000002    7.704442 v _2378_/A1 (sky130_fd_sc_hd__a21o_2)
     4    0.010732    0.053647    0.227457    7.931899 v _2378_/X (sky130_fd_sc_hd__a21o_2)
                                                         _0132_ (net)
                      0.053647    0.000033    7.931932 v _2383_/C (sky130_fd_sc_hd__and3_2)
     2    0.006739    0.048824    0.220452    8.152384 v _2383_/X (sky130_fd_sc_hd__and3_2)
                                                         _0137_ (net)
                      0.048824    0.000018    8.152402 v _2385_/C (sky130_fd_sc_hd__or3_2)
     3    0.006378    0.090806    0.425915    8.578317 v _2385_/X (sky130_fd_sc_hd__or3_2)
                                                         _0139_ (net)
                      0.090806    0.000013    8.578330 v _2387_/A1 (sky130_fd_sc_hd__a21o_2)
     4    0.010457    0.052846    0.225437    8.803767 v _2387_/X (sky130_fd_sc_hd__a21o_2)
                                                         _0141_ (net)
                      0.052846    0.000038    8.803805 v _2390_/B (sky130_fd_sc_hd__and3_2)
     3    0.009777    0.054414    0.216429    9.020234 v _2390_/X (sky130_fd_sc_hd__and3_2)
                                                         _0144_ (net)
                      0.054414    0.000028    9.020261 v _2392_/C (sky130_fd_sc_hd__or3_2)
     3    0.005279    0.087004    0.421212    9.441474 v _2392_/X (sky130_fd_sc_hd__or3_2)
                                                         _0146_ (net)
                      0.087004    0.000002    9.441476 v _2397_/A1 (sky130_fd_sc_hd__a21o_2)
     4    0.013097    0.057987    0.231755    9.673230 v _2397_/X (sky130_fd_sc_hd__a21o_2)
                                                         _0151_ (net)
                      0.057987    0.000030    9.673261 v _2406_/B (sky130_fd_sc_hd__and3_2)
     2    0.006419    0.046442    0.207391    9.880652 v _2406_/X (sky130_fd_sc_hd__and3_2)
                                                         _0160_ (net)
                      0.046442    0.000003    9.880654 v _2408_/C (sky130_fd_sc_hd__or3_2)
     3    0.009681    0.102382    0.443777   10.324432 v _2408_/X (sky130_fd_sc_hd__or3_2)
                                                         _0162_ (net)
                      0.102382    0.000024   10.324456 v _2410_/A2 (sky130_fd_sc_hd__a21o_2)
     3    0.008254    0.046913    0.245131   10.569588 v _2410_/X (sky130_fd_sc_hd__a21o_2)
                                                         _0164_ (net)
                      0.046913    0.000028   10.569615 v _2413_/C (sky130_fd_sc_hd__and3_2)
     2    0.006402    0.046332    0.216407   10.786023 v _2413_/X (sky130_fd_sc_hd__and3_2)
                                                         _0167_ (net)
                      0.046332    0.000013   10.786036 v _2415_/C (sky130_fd_sc_hd__or3_2)
     3    0.005901    0.089119    0.422673   11.208710 v _2415_/X (sky130_fd_sc_hd__or3_2)
                                                         _0169_ (net)
                      0.089119    0.000019   11.208729 v _2420_/A1 (sky130_fd_sc_hd__a21o_2)
     4    0.012405    0.056610    0.231023   11.439752 v _2420_/X (sky130_fd_sc_hd__a21o_2)
                                                         _0174_ (net)
                      0.056610    0.000020   11.439772 v _2428_/A1 (sky130_fd_sc_hd__a21bo_2)
     1    0.008089    0.049040    0.208290   11.648062 v _2428_/X (sky130_fd_sc_hd__a21bo_2)
                                                         _0180_ (net)
                      0.049040    0.000009   11.648070 v _2429_/B (sky130_fd_sc_hd__xor2_2)
     1    0.002401    0.055468    0.133162   11.781232 v _2429_/X (sky130_fd_sc_hd__xor2_2)
                                                         _0181_ (net)
                      0.055468    0.000005   11.781238 v _2430_/A1 (sky130_fd_sc_hd__mux2_1)
     1    0.002267    0.053472    0.285443   12.066681 v _2430_/X (sky130_fd_sc_hd__mux2_1)
                                                         _0025_ (net)
                      0.053472    0.000004   12.066684 v _3238_/D (sky130_fd_sc_hd__dfrtp_2)
                                             12.066684   data arrival time

                                 12.000000   12.000000   clock clk (rise edge)
                                  0.000000   12.000000   clock source latency
   110    0.355975    0.000000    0.000000   12.000000 ^ clk (in)
                                                         clk (net)
                      0.041622    0.020811   12.020810 ^ _3238_/CLK (sky130_fd_sc_hd__dfrtp_2)
                                 -0.100000   11.920811   clock uncertainty
                                  0.000000   11.920811   clock reconvergence pessimism
                                 -0.119994   11.800817   library setup time
                                             11.800817   data required time
---------------------------------------------------------------------------------------------
                                             11.800817   data required time
                                            -12.066684   data arrival time
---------------------------------------------------------------------------------------------
                                             -0.265867   slack (VIOLATED)




===========================================================================
report_checks --slack_max -0.01
============================================================================
======================= nom_tt_025C_1v80 Corner ===================================

Startpoint: _3302_ (rising edge-triggered flip-flop clocked by clk)
Endpoint: _3238_ (rising edge-triggered flip-flop clocked by clk)
Path Group: clk
Path Type: max

Fanout         Cap        Slew       Delay        Time   Description
---------------------------------------------------------------------------------------------
                                  0.000000    0.000000   clock clk (rise edge)
                                  0.000000    0.000000   clock source latency
   110    0.355975    0.000000    0.000000    0.000000 ^ clk (in)
                                                         clk (net)
                      0.042760    0.021380    0.021380 ^ _3302_/CLK (sky130_fd_sc_hd__dfrtp_2)
    15    0.058433    0.159605    0.514729    0.536109 v _3302_/Q (sky130_fd_sc_hd__dfrtp_2)
                                                         B_reg[12] (net)
                      0.159605    0.000677    0.536786 v _1910_/C (sky130_fd_sc_hd__and3_2)
     3    0.004883    0.043971    0.263146    0.799932 v _1910_/X (sky130_fd_sc_hd__and3_2)
                                                         _1175_ (net)
                      0.043971    0.000007    0.799939 v _2300_/B (sky130_fd_sc_hd__or4_2)
     4    0.010205    0.132916    0.686634    1.486573 v _2300_/X (sky130_fd_sc_hd__or4_2)
                                                         _1553_ (net)
                      0.132916    0.000035    1.486609 v _2304_/A2 (sky130_fd_sc_hd__a21o_2)
     3    0.011370    0.055362    0.267054    1.753663 v _2304_/X (sky130_fd_sc_hd__a21o_2)
                                                         _1557_ (net)
                      0.055362    0.000032    1.753695 v _2308_/C (sky130_fd_sc_hd__and3_2)
     2    0.006139    0.045910    0.219191    1.972885 v _2308_/X (sky130_fd_sc_hd__and3_2)
                                                         _1561_ (net)
                      0.045910    0.000013    1.972899 v _2310_/C (sky130_fd_sc_hd__or3_2)
     3    0.005780    0.088699    0.421901    2.394799 v _2310_/X (sky130_fd_sc_hd__or3_2)
                                                         _1563_ (net)
                      0.088699    0.000012    2.394812 v _2313_/A1 (sky130_fd_sc_hd__a21o_2)
     4    0.015642    0.063205    0.238054    2.632865 v _2313_/X (sky130_fd_sc_hd__a21o_2)
                                                         _1566_ (net)
                      0.063205    0.000072    2.632937 v _2319_/B (sky130_fd_sc_hd__and3_2)
     2    0.006816    0.047250    0.211046    2.843983 v _2319_/X (sky130_fd_sc_hd__and3_2)
                                                         _1572_ (net)
                      0.047250    0.000016    2.843999 v _2321_/C (sky130_fd_sc_hd__or3_2)
     3    0.006103    0.087670    0.424010    3.268008 v _2321_/X (sky130_fd_sc_hd__or3_2)
                                                         _1574_ (net)
                      0.087670    0.000028    3.268036 v _2326_/A1 (sky130_fd_sc_hd__a21o_2)
     4    0.013626    0.059097    0.233187    3.501223 v _2326_/X (sky130_fd_sc_hd__a21o_2)
                                                         _1579_ (net)
                      0.059097    0.000050    3.501273 v _2328_/C (sky130_fd_sc_hd__and3_2)
     2    0.006533    0.046685    0.222216    3.723489 v _2328_/X (sky130_fd_sc_hd__and3_2)
                                                         _1581_ (net)
                      0.046685    0.000021    3.723511 v _2330_/C (sky130_fd_sc_hd__or3_2)
     4    0.011301    0.108065    0.452865    4.176375 v _2330_/X (sky130_fd_sc_hd__or3_2)
                                                         _1583_ (net)
                      0.108065    0.000026    4.176402 v _2334_/A1 (sky130_fd_sc_hd__a21o_2)
     5    0.014713    0.061395    0.243796    4.420197 v _2334_/X (sky130_fd_sc_hd__a21o_2)
                                                         _1587_ (net)
                      0.061395    0.000030    4.420228 v _2338_/B (sky130_fd_sc_hd__and3_2)
     2    0.006393    0.046369    0.208817    4.629045 v _2338_/X (sky130_fd_sc_hd__and3_2)
                                                         _1591_ (net)
                      0.046369    0.000015    4.629060 v _2345_/C (sky130_fd_sc_hd__or3_2)
     3    0.006599    0.091569    0.426575    5.055635 v _2345_/X (sky130_fd_sc_hd__or3_2)
                                                         _1598_ (net)
                      0.091569    0.000013    5.055648 v _2347_/A1 (sky130_fd_sc_hd__a21o_2)
     4    0.011009    0.054413    0.227517    5.283165 v _2347_/X (sky130_fd_sc_hd__a21o_2)
                                                         _1600_ (net)
                      0.054413    0.000053    5.283217 v _2350_/C (sky130_fd_sc_hd__and3_2)
     2    0.007000    0.047689    0.221670    5.504888 v _2350_/X (sky130_fd_sc_hd__and3_2)
                                                         _1603_ (net)
                      0.047689    0.000039    5.504927 v _2352_/C (sky130_fd_sc_hd__or3_2)
     3    0.006970    0.090185    0.428936    5.933863 v _2352_/X (sky130_fd_sc_hd__or3_2)
                                                         _0106_ (net)
                      0.090185    0.000039    5.933901 v _2355_/A2 (sky130_fd_sc_hd__a21o_2)
     4    0.010375    0.052611    0.247359    6.181261 v _2355_/X (sky130_fd_sc_hd__a21o_2)
                                                         _0109_ (net)
                      0.052611    0.000037    6.181297 v _2362_/B (sky130_fd_sc_hd__and3_2)
     2    0.006916    0.047487    0.206671    6.387968 v _2362_/X (sky130_fd_sc_hd__and3_2)
                                                         _0116_ (net)
                      0.047487    0.000032    6.388000 v _2364_/C (sky130_fd_sc_hd__or3_2)
     3    0.006166    0.087853    0.424415    6.812416 v _2364_/X (sky130_fd_sc_hd__or3_2)
                                                         _0118_ (net)
                      0.087853    0.000029    6.812445 v _2366_/A2 (sky130_fd_sc_hd__a21o_2)
     4    0.012994    0.057785    0.254512    7.066957 v _2366_/X (sky130_fd_sc_hd__a21o_2)
                                                         _0120_ (net)
                      0.057785    0.000032    7.066989 v _2370_/B (sky130_fd_sc_hd__and3_2)
     2    0.006492    0.046589    0.207546    7.274535 v _2370_/X (sky130_fd_sc_hd__and3_2)
                                                         _0124_ (net)
                      0.046589    0.000020    7.274555 v _2372_/C (sky130_fd_sc_hd__or3_2)
     3    0.007184    0.093621    0.429885    7.704440 v _2372_/X (sky130_fd_sc_hd__or3_2)
                                                         _0126_ (net)
                      0.093621    0.000002    7.704442 v _2378_/A1 (sky130_fd_sc_hd__a21o_2)
     4    0.010732    0.053647    0.227457    7.931899 v _2378_/X (sky130_fd_sc_hd__a21o_2)
                                                         _0132_ (net)
                      0.053647    0.000033    7.931932 v _2383_/C (sky130_fd_sc_hd__and3_2)
     2    0.006739    0.048824    0.220452    8.152384 v _2383_/X (sky130_fd_sc_hd__and3_2)
                                                         _0137_ (net)
                      0.048824    0.000018    8.152402 v _2385_/C (sky130_fd_sc_hd__or3_2)
     3    0.006378    0.090806    0.425915    8.578317 v _2385_/X (sky130_fd_sc_hd__or3_2)
                                                         _0139_ (net)
                      0.090806    0.000013    8.578330 v _2387_/A1 (sky130_fd_sc_hd__a21o_2)
     4    0.010457    0.052846    0.225437    8.803767 v _2387_/X (sky130_fd_sc_hd__a21o_2)
                                                         _0141_ (net)
                      0.052846    0.000038    8.803805 v _2390_/B (sky130_fd_sc_hd__and3_2)
     3    0.009777    0.054414    0.216429    9.020234 v _2390_/X (sky130_fd_sc_hd__and3_2)
                                                         _0144_ (net)
                      0.054414    0.000028    9.020261 v _2392_/C (sky130_fd_sc_hd__or3_2)
     3    0.005279    0.087004    0.421212    9.441474 v _2392_/X (sky130_fd_sc_hd__or3_2)
                                                         _0146_ (net)
                      0.087004    0.000002    9.441476 v _2397_/A1 (sky130_fd_sc_hd__a21o_2)
     4    0.013097    0.057987    0.231755    9.673230 v _2397_/X (sky130_fd_sc_hd__a21o_2)
                                                         _0151_ (net)
                      0.057987    0.000030    9.673261 v _2406_/B (sky130_fd_sc_hd__and3_2)
     2    0.006419    0.046442    0.207391    9.880652 v _2406_/X (sky130_fd_sc_hd__and3_2)
                                                         _0160_ (net)
                      0.046442    0.000003    9.880654 v _2408_/C (sky130_fd_sc_hd__or3_2)
     3    0.009681    0.102382    0.443777   10.324432 v _2408_/X (sky130_fd_sc_hd__or3_2)
                                                         _0162_ (net)
                      0.102382    0.000024   10.324456 v _2410_/A2 (sky130_fd_sc_hd__a21o_2)
     3    0.008254    0.046913    0.245131   10.569588 v _2410_/X (sky130_fd_sc_hd__a21o_2)
                                                         _0164_ (net)
                      0.046913    0.000028   10.569615 v _2413_/C (sky130_fd_sc_hd__and3_2)
     2    0.006402    0.046332    0.216407   10.786023 v _2413_/X (sky130_fd_sc_hd__and3_2)
                                                         _0167_ (net)
                      0.046332    0.000013   10.786036 v _2415_/C (sky130_fd_sc_hd__or3_2)
     3    0.005901    0.089119    0.422673   11.208710 v _2415_/X (sky130_fd_sc_hd__or3_2)
                                                         _0169_ (net)
                      0.089119    0.000019   11.208729 v _2420_/A1 (sky130_fd_sc_hd__a21o_2)
     4    0.012405    0.056610    0.231023   11.439752 v _2420_/X (sky130_fd_sc_hd__a21o_2)
                                                         _0174_ (net)
                      0.056610    0.000020   11.439772 v _2428_/A1 (sky130_fd_sc_hd__a21bo_2)
     1    0.008089    0.049040    0.208290   11.648062 v _2428_/X (sky130_fd_sc_hd__a21bo_2)
                                                         _0180_ (net)
                      0.049040    0.000009   11.648070 v _2429_/B (sky130_fd_sc_hd__xor2_2)
     1    0.002401    0.055468    0.133162   11.781232 v _2429_/X (sky130_fd_sc_hd__xor2_2)
                                                         _0181_ (net)
                      0.055468    0.000005   11.781238 v _2430_/A1 (sky130_fd_sc_hd__mux2_1)
     1    0.002267    0.053472    0.285443   12.066681 v _2430_/X (sky130_fd_sc_hd__mux2_1)
                                                         _0025_ (net)
                      0.053472    0.000004   12.066684 v _3238_/D (sky130_fd_sc_hd__dfrtp_2)
                                             12.066684   data arrival time

                                 12.000000   12.000000   clock clk (rise edge)
                                  0.000000   12.000000   clock source latency
   110    0.355975    0.000000    0.000000   12.000000 ^ clk (in)
                                                         clk (net)
                      0.041622    0.020811   12.020810 ^ _3238_/CLK (sky130_fd_sc_hd__dfrtp_2)
                                 -0.100000   11.920811   clock uncertainty
                                  0.000000   11.920811   clock reconvergence pessimism
                                 -0.119994   11.800817   library setup time
                                             11.800817   data required time
---------------------------------------------------------------------------------------------
                                             11.800817   data required time
                                            -12.066684   data arrival time
---------------------------------------------------------------------------------------------
                                             -0.265867   slack (VIOLATED)




===========================================================================
 report_check_types -max_slew -max_cap -max_fanout -violators
============================================================================
======================= nom_tt_025C_1v80 Corner ===================================



===========================================================================
report_parasitic_annotation -report_unannotated
============================================================================
Found 0 unannotated drivers.
Found 0 partially unannotated drivers.

===========================================================================
max slew violation count 0
Writing metric design__max_slew_violation__count__corner:nom_tt_025C_1v80: 0
max fanout violation count 0
Writing metric design__max_fanout_violation__count__corner:nom_tt_025C_1v80: 0
max cap violation count 0
Writing metric design__max_cap_violation__count__corner:nom_tt_025C_1v80: 0
============================================================================

===========================================================================
check_setup -verbose -unconstrained_endpoints -multiple_clock -no_clock -no_input_delay -loops -generated_clocks
===========================================================================
Warning: There are 36 input ports missing set_input_delay.
  A_in[0]
  A_in[10]
  A_in[11]
  A_in[12]
  A_in[13]
  A_in[14]
  A_in[15]
  A_in[1]
  A_in[2]
  A_in[3]
  A_in[4]
  A_in[5]
  A_in[6]
  A_in[7]
  A_in[8]
  A_in[9]
  B_in[0]
  B_in[10]
  B_in[11]
  B_in[12]
  B_in[13]
  B_in[14]
  B_in[15]
  B_in[1]
  B_in[2]
  B_in[3]
  B_in[4]
  B_in[5]
  B_in[6]
  B_in[7]
  B_in[8]
  B_in[9]
  Op_Sel[0]
  Op_Sel[1]
  Start
  rst_n
Warning: There are 17 unconstrained endpoints.
  Done
  X_out[0]
  X_out[10]
  X_out[11]
  X_out[12]
  X_out[13]
  X_out[14]
  X_out[15]
  X_out[1]
  X_out[2]
  X_out[3]
  X_out[4]
  X_out[5]
  X_out[6]
  X_out[7]
  X_out[8]
  X_out[9]
