
===========================================================================
report_checks -unconstrained
===========================================================================
======================= nom_tt_025C_1v80 Corner ===================================

Startpoint: _3302_ (rising edge-triggered flip-flop clocked by clk)
Endpoint: _3238_ (rising edge-triggered flip-flop clocked by clk)
Path Group: clk
Path Type: max

Fanout         Cap        Slew       Delay        Time   Description
---------------------------------------------------------------------------------------------
                                  0.000000    0.000000   clock clk (rise edge)
                                  0.000000    0.000000   clock source latency
     2    0.030799    0.000000    0.000000    0.000000 ^ clk (in)
                                                         clk (net)
                      0.001910    0.000955    0.000955 ^ clkbuf_0_clk/A (sky130_fd_sc_hd__clkbuf_16)
    17    0.135851    0.148698    0.192932    0.193887 ^ clkbuf_0_clk/X (sky130_fd_sc_hd__clkbuf_16)
                                                         clknet_0_clk (net)
                      0.149300    0.007588    0.201475 ^ clkbuf_3_0__f_clk/A (sky130_fd_sc_hd__clkbuf_16)
    25    0.081749    0.098706    0.208622    0.410096 ^ clkbuf_3_0__f_clk/X (sky130_fd_sc_hd__clkbuf_16)
                                                         clknet_3_0__leaf_clk (net)
                      0.098793    0.002630    0.412726 ^ _3302_/CLK (sky130_fd_sc_hd__dfrtp_4)
     6    0.019976    0.080403    0.518128    0.930854 v _3302_/Q (sky130_fd_sc_hd__dfrtp_4)
                                                         B_reg[12] (net)
                      0.080403    0.001299    0.932154 v _1910_/C (sky130_fd_sc_hd__and3_1)
     3    0.007814    0.058913    0.214704    1.146858 v _1910_/X (sky130_fd_sc_hd__and3_1)
                                                         _1175_ (net)
                      0.058913    0.000164    1.147022 v _2300_/B (sky130_fd_sc_hd__or4_4)
     4    0.009652    0.093496    0.528412    1.675434 v _2300_/X (sky130_fd_sc_hd__or4_4)
                                                         _1553_ (net)
                      0.093496    0.000263    1.675697 v _2304_/A1 (sky130_fd_sc_hd__a21o_1)
     3    0.007598    0.053797    0.192365    1.868063 v _2304_/X (sky130_fd_sc_hd__a21o_1)
                                                         _1557_ (net)
                      0.053797    0.000166    1.868229 v _2307_/A2 (sky130_fd_sc_hd__a21oi_1)
     3    0.011696    0.270760    0.265035    2.133264 ^ _2307_/Y (sky130_fd_sc_hd__a21oi_1)
                                                         _1560_ (net)
                      0.270760    0.000267    2.133531 ^ _2311_/B (sky130_fd_sc_hd__xor2_1)
     3    0.011025    0.257731    0.281518    2.415049 ^ _2311_/X (sky130_fd_sc_hd__xor2_1)
                                                         _1564_ (net)
                      0.257732    0.000328    2.415377 ^ _2313_/A2 (sky130_fd_sc_hd__a21o_1)
     4    0.011503    0.107684    0.209232    2.624608 ^ _2313_/X (sky130_fd_sc_hd__a21o_1)
                                                         _1566_ (net)
                      0.107684    0.000318    2.624927 ^ _2318_/A1 (sky130_fd_sc_hd__a21oi_1)
     3    0.012614    0.105464    0.126754    2.751681 v _2318_/Y (sky130_fd_sc_hd__a21oi_1)
                                                         _1571_ (net)
                      0.105499    0.000243    2.751924 v _2321_/B (sky130_fd_sc_hd__or3_4)
     3    0.008545    0.072363    0.393829    3.145752 v _2321_/X (sky130_fd_sc_hd__or3_4)
                                                         _1574_ (net)
                      0.072363    0.000191    3.145943 v _2326_/A1 (sky130_fd_sc_hd__a21o_1)
     4    0.011476    0.068374    0.199266    3.345209 v _2326_/X (sky130_fd_sc_hd__a21o_1)
                                                         _1579_ (net)
                      0.068374    0.000312    3.345522 v _2327_/A2 (sky130_fd_sc_hd__a21oi_1)
     3    0.012275    0.281828    0.278964    3.624485 ^ _2327_/Y (sky130_fd_sc_hd__a21oi_1)
                                                         _1580_ (net)
                      0.281829    0.000362    3.624847 ^ _2331_/B (sky130_fd_sc_hd__xnor2_1)
     3    0.012056    0.297526    0.226922    3.851769 ^ _2331_/Y (sky130_fd_sc_hd__xnor2_1)
                                                         _1584_ (net)
                      0.297527    0.000339    3.852108 ^ _2334_/A2 (sky130_fd_sc_hd__a21o_1)
     5    0.015760    0.142877    0.241703    4.093811 ^ _2334_/X (sky130_fd_sc_hd__a21o_1)
                                                         _1587_ (net)
                      0.142877    0.000443    4.094254 ^ _2337_/A1 (sky130_fd_sc_hd__a21oi_1)
     3    0.011483    0.102691    0.132226    4.226480 v _2337_/Y (sky130_fd_sc_hd__a21oi_1)
                                                         _1590_ (net)
                      0.102691    0.000266    4.226746 v _2345_/B (sky130_fd_sc_hd__or3_4)
     3    0.008024    0.071527    0.391229    4.617975 v _2345_/X (sky130_fd_sc_hd__or3_4)
                                                         _1598_ (net)
                      0.071527    0.000178    4.618153 v _2347_/A1 (sky130_fd_sc_hd__a21o_1)
     4    0.011080    0.066766    0.197554    4.815706 v _2347_/X (sky130_fd_sc_hd__a21o_1)
                                                         _1600_ (net)
                      0.066766    0.000287    4.815993 v _2348_/A2 (sky130_fd_sc_hd__a21oi_1)
     3    0.012636    0.288794    0.283362    5.099355 ^ _2348_/Y (sky130_fd_sc_hd__a21oi_1)
                                                         _1601_ (net)
                      0.288795    0.000506    5.099861 ^ _2349_/B (sky130_fd_sc_hd__xnor2_1)
     3    0.012445    0.305378    0.230534    5.330395 ^ _2349_/Y (sky130_fd_sc_hd__xnor2_1)
                                                         _1602_ (net)
                      0.305379    0.000410    5.330805 ^ _2355_/A2 (sky130_fd_sc_hd__a21o_1)
     4    0.010621    0.100662    0.212328    5.543133 ^ _2355_/X (sky130_fd_sc_hd__a21o_1)
                                                         _0109_ (net)
                      0.100662    0.000286    5.543420 ^ _2360_/A1 (sky130_fd_sc_hd__a21oi_1)
     3    0.011601    0.099002    0.119095    5.662514 v _2360_/Y (sky130_fd_sc_hd__a21oi_1)
                                                         _0114_ (net)
                      0.099002    0.000385    5.662899 v _2364_/B (sky130_fd_sc_hd__or3_4)
     3    0.007851    0.071265    0.389352    6.052251 v _2364_/X (sky130_fd_sc_hd__or3_4)
                                                         _0118_ (net)
                      0.071265    0.000181    6.052432 v _2366_/A1 (sky130_fd_sc_hd__a21o_1)
     4    0.010471    0.064350    0.195227    6.247659 v _2366_/X (sky130_fd_sc_hd__a21o_1)
                                                         _0120_ (net)
                      0.064350    0.000281    6.247940 v _2370_/A (sky130_fd_sc_hd__and3_1)
     2    0.005529    0.048435    0.160732    6.408672 v _2370_/X (sky130_fd_sc_hd__and3_1)
                                                         _0124_ (net)
                      0.048435    0.000136    6.408808 v _2372_/C (sky130_fd_sc_hd__or3_4)
     3    0.008547    0.072324    0.335994    6.744802 v _2372_/X (sky130_fd_sc_hd__or3_4)
                                                         _0126_ (net)
                      0.072324    0.000125    6.744927 v _2378_/A1 (sky130_fd_sc_hd__a21o_1)
     3    0.009574    0.060846    0.192496    6.937423 v _2378_/X (sky130_fd_sc_hd__a21o_1)
                                                         _0132_ (net)
                      0.060846    0.000237    6.937660 v _2382_/A2 (sky130_fd_sc_hd__a21oi_2)
     3    0.012195    0.173723    0.200895    7.138555 ^ _2382_/Y (sky130_fd_sc_hd__a21oi_2)
                                                         _0136_ (net)
                      0.173723    0.000221    7.138776 ^ _2386_/B (sky130_fd_sc_hd__xnor2_1)
     3    0.011282    0.281973    0.201589    7.340364 ^ _2386_/Y (sky130_fd_sc_hd__xnor2_1)
                                                         _0140_ (net)
                      0.281973    0.000179    7.340544 ^ _2387_/A2 (sky130_fd_sc_hd__a21o_1)
     4    0.009829    0.094051    0.204750    7.545294 ^ _2387_/X (sky130_fd_sc_hd__a21o_1)
                                                         _0141_ (net)
                      0.094051    0.000175    7.545469 ^ rebuffer6/A (sky130_fd_sc_hd__dlymetal6s2s_1)
     1    0.010220    0.124108    0.161963    7.707432 ^ rebuffer6/X (sky130_fd_sc_hd__dlymetal6s2s_1)
                                                         net59 (net)
                      0.124108    0.000309    7.707741 ^ _2389_/A1 (sky130_fd_sc_hd__a21oi_4)
     4    0.019390    0.068249    0.089779    7.797520 v _2389_/Y (sky130_fd_sc_hd__a21oi_4)
                                                         _0143_ (net)
                      0.068251    0.000445    7.797965 v _2392_/B (sky130_fd_sc_hd__or3_4)
     3    0.007679    0.070952    0.377592    8.175557 v _2392_/X (sky130_fd_sc_hd__or3_4)
                                                         _0146_ (net)
                      0.070952    0.000156    8.175714 v _2397_/A1 (sky130_fd_sc_hd__a21o_1)
     4    0.010269    0.063514    0.194420    8.370133 v _2397_/X (sky130_fd_sc_hd__a21o_1)
                                                         _0151_ (net)
                      0.063514    0.000211    8.370345 v _2406_/A (sky130_fd_sc_hd__and3_1)
     2    0.007028    0.055233    0.167388    8.537732 v _2406_/X (sky130_fd_sc_hd__and3_1)
                                                         _0160_ (net)
                      0.055233    0.000200    8.537932 v _2408_/C (sky130_fd_sc_hd__or3_4)
     3    0.008142    0.071709    0.336700    8.874633 v _2408_/X (sky130_fd_sc_hd__or3_4)
                                                         _0162_ (net)
                      0.071709    0.000198    8.874831 v _2410_/A1 (sky130_fd_sc_hd__a21o_1)
     3    0.005846    0.045872    0.175461    9.050292 v _2410_/X (sky130_fd_sc_hd__a21o_1)
                                                         _0164_ (net)
                      0.045872    0.000089    9.050381 v _2413_/C (sky130_fd_sc_hd__and3_1)
     2    0.006180    0.051314    0.191111    9.241492 v _2413_/X (sky130_fd_sc_hd__and3_1)
                                                         _0167_ (net)
                      0.051314    0.000188    9.241680 v _2415_/C (sky130_fd_sc_hd__or3_4)
     3    0.007006    0.070013    0.332077    9.573757 v _2415_/X (sky130_fd_sc_hd__or3_4)
                                                         _0169_ (net)
                      0.070013    0.000141    9.573898 v _2420_/A1 (sky130_fd_sc_hd__a21o_1)
     4    0.012450    0.072263    0.201812    9.775710 v _2420_/X (sky130_fd_sc_hd__a21o_1)
                                                         _0174_ (net)
                      0.072263    0.000169    9.775879 v _2428_/A1 (sky130_fd_sc_hd__a21bo_1)
     1    0.004733    0.042747    0.182123    9.958002 v _2428_/X (sky130_fd_sc_hd__a21bo_1)
                                                         _0180_ (net)
                      0.042747    0.000110    9.958112 v _2429_/B (sky130_fd_sc_hd__xor2_1)
     1    0.002778    0.068585    0.134933   10.093045 v _2429_/X (sky130_fd_sc_hd__xor2_1)
                                                         _0181_ (net)
                      0.068585    0.000061   10.093106 v _2430_/A1 (sky130_fd_sc_hd__mux2_4)
     1    0.003123    0.048331    0.259716   10.352822 v _2430_/X (sky130_fd_sc_hd__mux2_4)
                                                         _0025_ (net)
                      0.048332    0.000078   10.352901 v _3238_/D (sky130_fd_sc_hd__dfrtp_4)
                                             10.352901   data arrival time

                                  5.000000    5.000000   clock clk (rise edge)
                                  0.000000    5.000000   clock source latency
     2    0.030799    0.000000    0.000000    5.000000 ^ clk (in)
                                                         clk (net)
                      0.001910    0.000955    5.000955 ^ clkbuf_0_clk/A (sky130_fd_sc_hd__clkbuf_16)
    17    0.135851    0.148698    0.192932    5.193887 ^ clkbuf_0_clk/X (sky130_fd_sc_hd__clkbuf_16)
                                                         clknet_0_clk (net)
                      0.149213    0.007038    5.200925 ^ clkbuf_3_3__f_clk/A (sky130_fd_sc_hd__clkbuf_16)
    35    0.089401    0.105906    0.214162    5.415087 ^ clkbuf_3_3__f_clk/X (sky130_fd_sc_hd__clkbuf_16)
                                                         clknet_3_3__leaf_clk (net)
                      0.105970    0.002397    5.417483 ^ _3238_/CLK (sky130_fd_sc_hd__dfrtp_4)
                                 -0.100000    5.317483   clock uncertainty
                                  0.000000    5.317483   clock reconvergence pessimism
                                 -0.101771    5.215713   library setup time
                                              5.215713   data required time
---------------------------------------------------------------------------------------------
                                              5.215713   data required time
                                            -10.352901   data arrival time
---------------------------------------------------------------------------------------------
                                             -5.137187   slack (VIOLATED)




===========================================================================
report_checks --slack_max -0.01
============================================================================
======================= nom_tt_025C_1v80 Corner ===================================

Startpoint: _3302_ (rising edge-triggered flip-flop clocked by clk)
Endpoint: _3238_ (rising edge-triggered flip-flop clocked by clk)
Path Group: clk
Path Type: max

Fanout         Cap        Slew       Delay        Time   Description
---------------------------------------------------------------------------------------------
                                  0.000000    0.000000   clock clk (rise edge)
                                  0.000000    0.000000   clock source latency
     2    0.030799    0.000000    0.000000    0.000000 ^ clk (in)
                                                         clk (net)
                      0.001910    0.000955    0.000955 ^ clkbuf_0_clk/A (sky130_fd_sc_hd__clkbuf_16)
    17    0.135851    0.148698    0.192932    0.193887 ^ clkbuf_0_clk/X (sky130_fd_sc_hd__clkbuf_16)
                                                         clknet_0_clk (net)
                      0.149300    0.007588    0.201475 ^ clkbuf_3_0__f_clk/A (sky130_fd_sc_hd__clkbuf_16)
    25    0.081749    0.098706    0.208622    0.410096 ^ clkbuf_3_0__f_clk/X (sky130_fd_sc_hd__clkbuf_16)
                                                         clknet_3_0__leaf_clk (net)
                      0.098793    0.002630    0.412726 ^ _3302_/CLK (sky130_fd_sc_hd__dfrtp_4)
     6    0.019976    0.080403    0.518128    0.930854 v _3302_/Q (sky130_fd_sc_hd__dfrtp_4)
                                                         B_reg[12] (net)
                      0.080403    0.001299    0.932154 v _1910_/C (sky130_fd_sc_hd__and3_1)
     3    0.007814    0.058913    0.214704    1.146858 v _1910_/X (sky130_fd_sc_hd__and3_1)
                                                         _1175_ (net)
                      0.058913    0.000164    1.147022 v _2300_/B (sky130_fd_sc_hd__or4_4)
     4    0.009652    0.093496    0.528412    1.675434 v _2300_/X (sky130_fd_sc_hd__or4_4)
                                                         _1553_ (net)
                      0.093496    0.000263    1.675697 v _2304_/A1 (sky130_fd_sc_hd__a21o_1)
     3    0.007598    0.053797    0.192365    1.868063 v _2304_/X (sky130_fd_sc_hd__a21o_1)
                                                         _1557_ (net)
                      0.053797    0.000166    1.868229 v _2307_/A2 (sky130_fd_sc_hd__a21oi_1)
     3    0.011696    0.270760    0.265035    2.133264 ^ _2307_/Y (sky130_fd_sc_hd__a21oi_1)
                                                         _1560_ (net)
                      0.270760    0.000267    2.133531 ^ _2311_/B (sky130_fd_sc_hd__xor2_1)
     3    0.011025    0.257731    0.281518    2.415049 ^ _2311_/X (sky130_fd_sc_hd__xor2_1)
                                                         _1564_ (net)
                      0.257732    0.000328    2.415377 ^ _2313_/A2 (sky130_fd_sc_hd__a21o_1)
     4    0.011503    0.107684    0.209232    2.624608 ^ _2313_/X (sky130_fd_sc_hd__a21o_1)
                                                         _1566_ (net)
                      0.107684    0.000318    2.624927 ^ _2318_/A1 (sky130_fd_sc_hd__a21oi_1)
     3    0.012614    0.105464    0.126754    2.751681 v _2318_/Y (sky130_fd_sc_hd__a21oi_1)
                                                         _1571_ (net)
                      0.105499    0.000243    2.751924 v _2321_/B (sky130_fd_sc_hd__or3_4)
     3    0.008545    0.072363    0.393829    3.145752 v _2321_/X (sky130_fd_sc_hd__or3_4)
                                                         _1574_ (net)
                      0.072363    0.000191    3.145943 v _2326_/A1 (sky130_fd_sc_hd__a21o_1)
     4    0.011476    0.068374    0.199266    3.345209 v _2326_/X (sky130_fd_sc_hd__a21o_1)
                                                         _1579_ (net)
                      0.068374    0.000312    3.345522 v _2327_/A2 (sky130_fd_sc_hd__a21oi_1)
     3    0.012275    0.281828    0.278964    3.624485 ^ _2327_/Y (sky130_fd_sc_hd__a21oi_1)
                                                         _1580_ (net)
                      0.281829    0.000362    3.624847 ^ _2331_/B (sky130_fd_sc_hd__xnor2_1)
     3    0.012056    0.297526    0.226922    3.851769 ^ _2331_/Y (sky130_fd_sc_hd__xnor2_1)
                                                         _1584_ (net)
                      0.297527    0.000339    3.852108 ^ _2334_/A2 (sky130_fd_sc_hd__a21o_1)
     5    0.015760    0.142877    0.241703    4.093811 ^ _2334_/X (sky130_fd_sc_hd__a21o_1)
                                                         _1587_ (net)
                      0.142877    0.000443    4.094254 ^ _2337_/A1 (sky130_fd_sc_hd__a21oi_1)
     3    0.011483    0.102691    0.132226    4.226480 v _2337_/Y (sky130_fd_sc_hd__a21oi_1)
                                                         _1590_ (net)
                      0.102691    0.000266    4.226746 v _2345_/B (sky130_fd_sc_hd__or3_4)
     3    0.008024    0.071527    0.391229    4.617975 v _2345_/X (sky130_fd_sc_hd__or3_4)
                                                         _1598_ (net)
                      0.071527    0.000178    4.618153 v _2347_/A1 (sky130_fd_sc_hd__a21o_1)
     4    0.011080    0.066766    0.197554    4.815706 v _2347_/X (sky130_fd_sc_hd__a21o_1)
                                                         _1600_ (net)
                      0.066766    0.000287    4.815993 v _2348_/A2 (sky130_fd_sc_hd__a21oi_1)
     3    0.012636    0.288794    0.283362    5.099355 ^ _2348_/Y (sky130_fd_sc_hd__a21oi_1)
                                                         _1601_ (net)
                      0.288795    0.000506    5.099861 ^ _2349_/B (sky130_fd_sc_hd__xnor2_1)
     3    0.012445    0.305378    0.230534    5.330395 ^ _2349_/Y (sky130_fd_sc_hd__xnor2_1)
                                                         _1602_ (net)
                      0.305379    0.000410    5.330805 ^ _2355_/A2 (sky130_fd_sc_hd__a21o_1)
     4    0.010621    0.100662    0.212328    5.543133 ^ _2355_/X (sky130_fd_sc_hd__a21o_1)
                                                         _0109_ (net)
                      0.100662    0.000286    5.543420 ^ _2360_/A1 (sky130_fd_sc_hd__a21oi_1)
     3    0.011601    0.099002    0.119095    5.662514 v _2360_/Y (sky130_fd_sc_hd__a21oi_1)
                                                         _0114_ (net)
                      0.099002    0.000385    5.662899 v _2364_/B (sky130_fd_sc_hd__or3_4)
     3    0.007851    0.071265    0.389352    6.052251 v _2364_/X (sky130_fd_sc_hd__or3_4)
                                                         _0118_ (net)
                      0.071265    0.000181    6.052432 v _2366_/A1 (sky130_fd_sc_hd__a21o_1)
     4    0.010471    0.064350    0.195227    6.247659 v _2366_/X (sky130_fd_sc_hd__a21o_1)
                                                         _0120_ (net)
                      0.064350    0.000281    6.247940 v _2370_/A (sky130_fd_sc_hd__and3_1)
     2    0.005529    0.048435    0.160732    6.408672 v _2370_/X (sky130_fd_sc_hd__and3_1)
                                                         _0124_ (net)
                      0.048435    0.000136    6.408808 v _2372_/C (sky130_fd_sc_hd__or3_4)
     3    0.008547    0.072324    0.335994    6.744802 v _2372_/X (sky130_fd_sc_hd__or3_4)
                                                         _0126_ (net)
                      0.072324    0.000125    6.744927 v _2378_/A1 (sky130_fd_sc_hd__a21o_1)
     3    0.009574    0.060846    0.192496    6.937423 v _2378_/X (sky130_fd_sc_hd__a21o_1)
                                                         _0132_ (net)
                      0.060846    0.000237    6.937660 v _2382_/A2 (sky130_fd_sc_hd__a21oi_2)
     3    0.012195    0.173723    0.200895    7.138555 ^ _2382_/Y (sky130_fd_sc_hd__a21oi_2)
                                                         _0136_ (net)
                      0.173723    0.000221    7.138776 ^ _2386_/B (sky130_fd_sc_hd__xnor2_1)
     3    0.011282    0.281973    0.201589    7.340364 ^ _2386_/Y (sky130_fd_sc_hd__xnor2_1)
                                                         _0140_ (net)
                      0.281973    0.000179    7.340544 ^ _2387_/A2 (sky130_fd_sc_hd__a21o_1)
     4    0.009829    0.094051    0.204750    7.545294 ^ _2387_/X (sky130_fd_sc_hd__a21o_1)
                                                         _0141_ (net)
                      0.094051    0.000175    7.545469 ^ rebuffer6/A (sky130_fd_sc_hd__dlymetal6s2s_1)
     1    0.010220    0.124108    0.161963    7.707432 ^ rebuffer6/X (sky130_fd_sc_hd__dlymetal6s2s_1)
                                                         net59 (net)
                      0.124108    0.000309    7.707741 ^ _2389_/A1 (sky130_fd_sc_hd__a21oi_4)
     4    0.019390    0.068249    0.089779    7.797520 v _2389_/Y (sky130_fd_sc_hd__a21oi_4)
                                                         _0143_ (net)
                      0.068251    0.000445    7.797965 v _2392_/B (sky130_fd_sc_hd__or3_4)
     3    0.007679    0.070952    0.377592    8.175557 v _2392_/X (sky130_fd_sc_hd__or3_4)
                                                         _0146_ (net)
                      0.070952    0.000156    8.175714 v _2397_/A1 (sky130_fd_sc_hd__a21o_1)
     4    0.010269    0.063514    0.194420    8.370133 v _2397_/X (sky130_fd_sc_hd__a21o_1)
                                                         _0151_ (net)
                      0.063514    0.000211    8.370345 v _2406_/A (sky130_fd_sc_hd__and3_1)
     2    0.007028    0.055233    0.167388    8.537732 v _2406_/X (sky130_fd_sc_hd__and3_1)
                                                         _0160_ (net)
                      0.055233    0.000200    8.537932 v _2408_/C (sky130_fd_sc_hd__or3_4)
     3    0.008142    0.071709    0.336700    8.874633 v _2408_/X (sky130_fd_sc_hd__or3_4)
                                                         _0162_ (net)
                      0.071709    0.000198    8.874831 v _2410_/A1 (sky130_fd_sc_hd__a21o_1)
     3    0.005846    0.045872    0.175461    9.050292 v _2410_/X (sky130_fd_sc_hd__a21o_1)
                                                         _0164_ (net)
                      0.045872    0.000089    9.050381 v _2413_/C (sky130_fd_sc_hd__and3_1)
     2    0.006180    0.051314    0.191111    9.241492 v _2413_/X (sky130_fd_sc_hd__and3_1)
                                                         _0167_ (net)
                      0.051314    0.000188    9.241680 v _2415_/C (sky130_fd_sc_hd__or3_4)
     3    0.007006    0.070013    0.332077    9.573757 v _2415_/X (sky130_fd_sc_hd__or3_4)
                                                         _0169_ (net)
                      0.070013    0.000141    9.573898 v _2420_/A1 (sky130_fd_sc_hd__a21o_1)
     4    0.012450    0.072263    0.201812    9.775710 v _2420_/X (sky130_fd_sc_hd__a21o_1)
                                                         _0174_ (net)
                      0.072263    0.000169    9.775879 v _2428_/A1 (sky130_fd_sc_hd__a21bo_1)
     1    0.004733    0.042747    0.182123    9.958002 v _2428_/X (sky130_fd_sc_hd__a21bo_1)
                                                         _0180_ (net)
                      0.042747    0.000110    9.958112 v _2429_/B (sky130_fd_sc_hd__xor2_1)
     1    0.002778    0.068585    0.134933   10.093045 v _2429_/X (sky130_fd_sc_hd__xor2_1)
                                                         _0181_ (net)
                      0.068585    0.000061   10.093106 v _2430_/A1 (sky130_fd_sc_hd__mux2_4)
     1    0.003123    0.048331    0.259716   10.352822 v _2430_/X (sky130_fd_sc_hd__mux2_4)
                                                         _0025_ (net)
                      0.048332    0.000078   10.352901 v _3238_/D (sky130_fd_sc_hd__dfrtp_4)
                                             10.352901   data arrival time

                                  5.000000    5.000000   clock clk (rise edge)
                                  0.000000    5.000000   clock source latency
     2    0.030799    0.000000    0.000000    5.000000 ^ clk (in)
                                                         clk (net)
                      0.001910    0.000955    5.000955 ^ clkbuf_0_clk/A (sky130_fd_sc_hd__clkbuf_16)
    17    0.135851    0.148698    0.192932    5.193887 ^ clkbuf_0_clk/X (sky130_fd_sc_hd__clkbuf_16)
                                                         clknet_0_clk (net)
                      0.149213    0.007038    5.200925 ^ clkbuf_3_3__f_clk/A (sky130_fd_sc_hd__clkbuf_16)
    35    0.089401    0.105906    0.214162    5.415087 ^ clkbuf_3_3__f_clk/X (sky130_fd_sc_hd__clkbuf_16)
                                                         clknet_3_3__leaf_clk (net)
                      0.105970    0.002397    5.417483 ^ _3238_/CLK (sky130_fd_sc_hd__dfrtp_4)
                                 -0.100000    5.317483   clock uncertainty
                                  0.000000    5.317483   clock reconvergence pessimism
                                 -0.101771    5.215713   library setup time
                                              5.215713   data required time
---------------------------------------------------------------------------------------------
                                              5.215713   data required time
                                            -10.352901   data arrival time
---------------------------------------------------------------------------------------------
                                             -5.137187   slack (VIOLATED)




===========================================================================
 report_check_types -max_slew -max_cap -max_fanout -violators
============================================================================
======================= nom_tt_025C_1v80 Corner ===================================



===========================================================================
report_parasitic_annotation -report_unannotated
============================================================================
Found 7 unannotated drivers.
 clkload0/Y
 clkload1/Y
 clkload2/Y
 clkload3/Y
 clkload4/Y
 clkload5/Y
 clkload6/Y
Found 0 partially unannotated drivers.

===========================================================================
max slew violation count 0
Writing metric design__max_slew_violation__count__corner:nom_tt_025C_1v80: 0
max fanout violation count 0
Writing metric design__max_fanout_violation__count__corner:nom_tt_025C_1v80: 0
max cap violation count 0
Writing metric design__max_cap_violation__count__corner:nom_tt_025C_1v80: 0
============================================================================

===========================================================================
check_setup -verbose -unconstrained_endpoints -multiple_clock -no_clock -no_input_delay -loops -generated_clocks
===========================================================================
Warning: There are 36 input ports missing set_input_delay.
  A_in[0]
  A_in[10]
  A_in[11]
  A_in[12]
  A_in[13]
  A_in[14]
  A_in[15]
  A_in[1]
  A_in[2]
  A_in[3]
  A_in[4]
  A_in[5]
  A_in[6]
  A_in[7]
  A_in[8]
  A_in[9]
  B_in[0]
  B_in[10]
  B_in[11]
  B_in[12]
  B_in[13]
  B_in[14]
  B_in[15]
  B_in[1]
  B_in[2]
  B_in[3]
  B_in[4]
  B_in[5]
  B_in[6]
  B_in[7]
  B_in[8]
  B_in[9]
  Op_Sel[0]
  Op_Sel[1]
  Start
  rst_n
Warning: There are 17 unconstrained endpoints.
  Done
  X_out[0]
  X_out[10]
  X_out[11]
  X_out[12]
  X_out[13]
  X_out[14]
  X_out[15]
  X_out[1]
  X_out[2]
  X_out[3]
  X_out[4]
  X_out[5]
  X_out[6]
  X_out[7]
  X_out[8]
  X_out[9]
