
===========================================================================
 report_power
============================================================================
======================= nom_ff_n40C_1v95 Corner ===================================

Group                    Internal    Switching      Leakage        Total
                            Power        Power        Power        Power (Watts)
------------------------------------------------------------------------
Sequential           1.072276e-04 4.715762e-05 2.095721e-09 1.543873e-04   1.8%
Combinational        4.770706e-03 3.870137e-03 1.558383e-08 8.640859e-03  98.2%
Clock                0.000000e+00 0.000000e+00 0.000000e+00 0.000000e+00   0.0%
Macro                0.000000e+00 0.000000e+00 0.000000e+00 0.000000e+00   0.0%
Pad                  0.000000e+00 0.000000e+00 0.000000e+00 0.000000e+00   0.0%
------------------------------------------------------------------------
Total                4.877932e-03 3.917296e-03 1.767953e-08 8.795246e-03 100.0%
                            55.5%        44.5%         0.0%

