
===========================================================================
 report_power
============================================================================
======================= max_tt_025C_1v80 Corner ===================================

Group                    Internal    Switching      Leakage        Total
                            Power        Power        Power        Power (Watts)
------------------------------------------------------------------------
Sequential           9.650130e-05 5.969434e-05 1.267214e-09 1.561969e-04   2.4%
Combinational        2.917020e-03 3.495532e-03 5.217505e-09 6.412558e-03  96.9%
Clock                1.808185e-05 3.032003e-05 1.083552e-08 4.841272e-05   0.7%
Macro                0.000000e+00 0.000000e+00 0.000000e+00 0.000000e+00   0.0%
Pad                  0.000000e+00 0.000000e+00 0.000000e+00 0.000000e+00   0.0%
------------------------------------------------------------------------
Total                3.031603e-03 3.585547e-03 1.732028e-08 6.617167e-03 100.0%
                            45.8%        54.2%         0.0%

