
===========================================================================
 report_power
============================================================================
======================= nom_ss_100C_1v60 Corner ===================================

Group                    Internal    Switching      Leakage        Total
                            Power        Power        Power        Power (Watts)
------------------------------------------------------------------------
Sequential           1.820622e-04 7.741183e-05 2.137260e-06 2.616113e-04   1.7%
Combinational        8.939874e-03 6.404334e-03 8.253381e-06 1.535246e-02  98.3%
Clock                0.000000e+00 0.000000e+00 0.000000e+00 0.000000e+00   0.0%
Macro                0.000000e+00 0.000000e+00 0.000000e+00 0.000000e+00   0.0%
Pad                  0.000000e+00 0.000000e+00 0.000000e+00 0.000000e+00   0.0%
------------------------------------------------------------------------
Total                9.121939e-03 6.481743e-03 1.039063e-05 1.561407e-02 100.0%
                            58.4%        41.5%         0.1%

