
===========================================================================
 report_power
============================================================================
======================= nom_ff_n40C_1v95 Corner ===================================

Group                    Internal    Switching      Leakage        Total
                            Power        Power        Power        Power (Watts)
------------------------------------------------------------------------
Sequential           9.747955e-04 4.287054e-04 2.095721e-09 1.403503e-03   1.8%
Combinational        4.337004e-02 3.518301e-02 1.558383e-08 7.855306e-02  98.2%
Clock                0.000000e+00 0.000000e+00 0.000000e+00 0.000000e+00   0.0%
Macro                0.000000e+00 0.000000e+00 0.000000e+00 0.000000e+00   0.0%
Pad                  0.000000e+00 0.000000e+00 0.000000e+00 0.000000e+00   0.0%
------------------------------------------------------------------------
Total                4.434483e-02 3.561173e-02 1.767953e-08 7.995658e-02 100.0%
                            55.5%        44.5%         0.0%

