
===========================================================================
report_checks -unconstrained
===========================================================================
======================= max_tt_025C_1v80 Corner ===================================

Startpoint: _3302_ (rising edge-triggered flip-flop clocked by clk)
Endpoint: _3237_ (rising edge-triggered flip-flop clocked by clk)
Path Group: clk
Path Type: max

Fanout         Cap        Slew       Delay        Time   Description
---------------------------------------------------------------------------------------------
                                  0.000000    0.000000   clock clk (rise edge)
                                  0.000000    0.000000   clock source latency
     2    0.044026    0.000000    0.000000    0.000000 ^ clk (in)
                                                         clk (net)
                      0.003156    0.001578    0.001578 ^ clkbuf_0_clk/A (sky130_fd_sc_hd__clkbuf_16)
    17    0.169884    0.182033    0.213220    0.214798 ^ clkbuf_0_clk/X (sky130_fd_sc_hd__clkbuf_16)
                                                         clknet_0_clk (net)
                      0.183408    0.012704    0.227502 ^ clkbuf_3_0__f_clk/A (sky130_fd_sc_hd__clkbuf_16)
    25    0.094332    0.111577    0.227007    0.454509 ^ clkbuf_3_0__f_clk/X (sky130_fd_sc_hd__clkbuf_16)
                                                         clknet_3_0__leaf_clk (net)
                      0.112257    0.006604    0.461113 ^ _3302_/CLK (sky130_fd_sc_hd__dfrtp_4)
    15    0.050531    0.123639    0.574066    1.035179 v _3302_/Q (sky130_fd_sc_hd__dfrtp_4)
                                                         B_reg[12] (net)
                      0.123826    0.004252    1.039431 v _1910_/C (sky130_fd_sc_hd__and3_1)
     3    0.006089    0.050997    0.226054    1.265484 v _1910_/X (sky130_fd_sc_hd__and3_1)
                                                         _1175_ (net)
                      0.050997    0.000202    1.265686 v _2300_/B (sky130_fd_sc_hd__or4_1)
     4    0.009969    0.127891    0.561027    1.826713 v _2300_/X (sky130_fd_sc_hd__or4_1)
                                                         _1553_ (net)
                      0.127892    0.000566    1.827279 v _2304_/A2 (sky130_fd_sc_hd__a21o_1)
     3    0.007674    0.054272    0.227018    2.054296 v _2304_/X (sky130_fd_sc_hd__a21o_1)
                                                         _1557_ (net)
                      0.054274    0.000401    2.054697 v _2308_/C (sky130_fd_sc_hd__and3_1)
     2    0.005316    0.047543    0.190499    2.245196 v _2308_/X (sky130_fd_sc_hd__and3_1)
                                                         _1561_ (net)
                      0.047544    0.000311    2.245507 v _2310_/C (sky130_fd_sc_hd__or3_1)
     3    0.006917    0.088077    0.334727    2.580234 v _2310_/X (sky130_fd_sc_hd__or3_1)
                                                         _1563_ (net)
                      0.088077    0.000405    2.580638 v _2313_/A1 (sky130_fd_sc_hd__a21o_1)
     4    0.010442    0.064298    0.201960    2.782598 v _2313_/X (sky130_fd_sc_hd__a21o_1)
                                                         _1566_ (net)
                      0.064300    0.000488    2.783086 v _2319_/B (sky130_fd_sc_hd__and3_1)
     2    0.005903    0.050161    0.182577    2.965663 v _2319_/X (sky130_fd_sc_hd__and3_1)
                                                         _1572_ (net)
                      0.050161    0.000286    2.965950 v _2321_/C (sky130_fd_sc_hd__or3_1)
     3    0.009083    0.099338    0.351791    3.317741 v _2321_/X (sky130_fd_sc_hd__or3_1)
                                                         _1574_ (net)
                      0.099340    0.000584    3.318325 v _2326_/A1 (sky130_fd_sc_hd__a21o_1)
     4    0.011570    0.068881    0.210395    3.528721 v _2326_/X (sky130_fd_sc_hd__a21o_1)
                                                         _1579_ (net)
                      0.068892    0.000878    3.529599 v _2328_/C (sky130_fd_sc_hd__and3_1)
     2    0.004760    0.045152    0.194465    3.724064 v _2328_/X (sky130_fd_sc_hd__and3_1)
                                                         _1581_ (net)
                      0.045153    0.000289    3.724353 v _2330_/C (sky130_fd_sc_hd__or3_2)
     4    0.014422    0.113615    0.465491    4.189843 v _2330_/X (sky130_fd_sc_hd__or3_2)
                                                         _1583_ (net)
                      0.113615    0.001155    4.190999 v _2334_/A1 (sky130_fd_sc_hd__a21o_1)
     5    0.015667    0.085592    0.230874    4.421873 v _2334_/X (sky130_fd_sc_hd__a21o_1)
                                                         _1587_ (net)
                      0.085599    0.000850    4.422722 v _2338_/B (sky130_fd_sc_hd__and3_1)
     2    0.006748    0.054046    0.196314    4.619036 v _2338_/X (sky130_fd_sc_hd__and3_1)
                                                         _1591_ (net)
                      0.054047    0.000369    4.619405 v _2345_/C (sky130_fd_sc_hd__or3_1)
     3    0.008369    0.096482    0.347395    4.966800 v _2345_/X (sky130_fd_sc_hd__or3_1)
                                                         _1598_ (net)
                      0.096482    0.000324    4.967124 v _2347_/A1 (sky130_fd_sc_hd__a21o_1)
     4    0.012138    0.071169    0.211270    5.178394 v _2347_/X (sky130_fd_sc_hd__a21o_1)
                                                         _1600_ (net)
                      0.071180    0.000919    5.179313 v _2350_/C (sky130_fd_sc_hd__and3_1)
     2    0.007193    0.056096    0.207275    5.386588 v _2350_/X (sky130_fd_sc_hd__and3_1)
                                                         _1603_ (net)
                      0.056099    0.000458    5.387046 v _2352_/C (sky130_fd_sc_hd__or3_1)
     3    0.009646    0.101990    0.356614    5.743660 v _2352_/X (sky130_fd_sc_hd__or3_1)
                                                         _0106_ (net)
                      0.101992    0.000609    5.744270 v _2355_/A2 (sky130_fd_sc_hd__a21o_1)
     4    0.011003    0.066573    0.230804    5.975073 v _2355_/X (sky130_fd_sc_hd__a21o_1)
                                                         _0109_ (net)
                      0.066583    0.000811    5.975885 v _2362_/B (sky130_fd_sc_hd__and3_1)
     2    0.006059    0.050869    0.184389    6.160274 v _2362_/X (sky130_fd_sc_hd__and3_1)
                                                         _0116_ (net)
                      0.050871    0.000357    6.160631 v _2364_/C (sky130_fd_sc_hd__or3_1)
     3    0.007620    0.092607    0.340737    6.501368 v _2364_/X (sky130_fd_sc_hd__or3_1)
                                                         _0118_ (net)
                      0.092608    0.000512    6.501880 v _2366_/A2 (sky130_fd_sc_hd__a21o_1)
     4    0.011113    0.066954    0.227604    6.729484 v _2366_/X (sky130_fd_sc_hd__a21o_1)
                                                         _0120_ (net)
                      0.066958    0.000548    6.730031 v _2370_/B (sky130_fd_sc_hd__and3_1)
     2    0.005903    0.050129    0.183860    6.913892 v _2370_/X (sky130_fd_sc_hd__and3_1)
                                                         _0124_ (net)
                      0.050129    0.000297    6.914188 v _2372_/C (sky130_fd_sc_hd__or3_1)
     3    0.009393    0.100824    0.353718    7.267907 v _2372_/X (sky130_fd_sc_hd__or3_1)
                                                         _0126_ (net)
                      0.100824    0.000302    7.268209 v _2378_/A1 (sky130_fd_sc_hd__a21o_1)
     4    0.010921    0.066249    0.208836    7.477044 v _2378_/X (sky130_fd_sc_hd__a21o_1)
                                                         _0132_ (net)
                      0.066254    0.000617    7.477661 v _2383_/C (sky130_fd_sc_hd__and3_1)
     2    0.007653    0.058245    0.207278    7.684939 v _2383_/X (sky130_fd_sc_hd__and3_1)
                                                         _0137_ (net)
                      0.058248    0.000460    7.685399 v _2385_/C (sky130_fd_sc_hd__or3_1)
     3    0.008306    0.096360    0.348283    8.033683 v _2385_/X (sky130_fd_sc_hd__or3_1)
                                                         _0139_ (net)
                      0.096360    0.000421    8.034103 v _2387_/A1 (sky130_fd_sc_hd__a21o_1)
     4    0.012649    0.073150    0.213212    8.247315 v _2387_/X (sky130_fd_sc_hd__a21o_1)
                                                         _0141_ (net)
                      0.073150    0.000386    8.247702 v _2390_/B (sky130_fd_sc_hd__and3_1)
     3    0.010541    0.069170    0.207189    8.454890 v _2390_/X (sky130_fd_sc_hd__and3_1)
                                                         _0144_ (net)
                      0.069176    0.000709    8.455599 v _2392_/C (sky130_fd_sc_hd__or3_1)
     3    0.006906    0.088122    0.341229    8.796828 v _2392_/X (sky130_fd_sc_hd__or3_1)
                                                         _0146_ (net)
                      0.088122    0.000416    8.797244 v _2397_/A1 (sky130_fd_sc_hd__a21o_1)
     4    0.011296    0.067693    0.204993    9.002237 v _2397_/X (sky130_fd_sc_hd__a21o_1)
                                                         _0151_ (net)
                      0.067695    0.000525    9.002763 v _2406_/B (sky130_fd_sc_hd__and3_1)
     2    0.005976    0.050478    0.184490    9.187252 v _2406_/X (sky130_fd_sc_hd__and3_1)
                                                         _0160_ (net)
                      0.050479    0.000338    9.187590 v _2408_/C (sky130_fd_sc_hd__or3_1)
     3    0.008265    0.096196    0.345668    9.533258 v _2408_/X (sky130_fd_sc_hd__or3_1)
                                                         _0162_ (net)
                      0.096196    0.000387    9.533646 v _2410_/A2 (sky130_fd_sc_hd__a21o_1)
     3    0.007221    0.052159    0.212585    9.746230 v _2410_/X (sky130_fd_sc_hd__a21o_1)
                                                         _0164_ (net)
                      0.052161    0.000386    9.746616 v _2413_/C (sky130_fd_sc_hd__and3_1)
     2    0.004982    0.046071    0.187942    9.934558 v _2413_/X (sky130_fd_sc_hd__and3_1)
                                                         _0167_ (net)
                      0.046072    0.000293    9.934852 v _2415_/C (sky130_fd_sc_hd__or3_1)
     3    0.007153    0.089517    0.336241   10.271092 v _2415_/X (sky130_fd_sc_hd__or3_1)
                                                         _0169_ (net)
                      0.089517    0.000353   10.271445 v _2420_/A1 (sky130_fd_sc_hd__a21o_1)
     4    0.011689    0.069290    0.206923   10.478369 v _2420_/X (sky130_fd_sc_hd__a21o_1)
                                                         _0174_ (net)
                      0.069295    0.000646   10.479014 v _2423_/A1 (sky130_fd_sc_hd__a21o_1)
     2    0.008393    0.057695    0.185735   10.664749 v _2423_/X (sky130_fd_sc_hd__a21o_1)
                                                         _0177_ (net)
                      0.057701    0.000599   10.665348 v _2426_/B (sky130_fd_sc_hd__xnor2_1)
     1    0.003224    0.058963    0.124996   10.790344 v _2426_/Y (sky130_fd_sc_hd__xnor2_1)
                                                         _0179_ (net)
                      0.058963    0.000129   10.790473 v _2427_/A1 (sky130_fd_sc_hd__mux2_1)
     1    0.002983    0.056181    0.293357   11.083830 v _2427_/X (sky130_fd_sc_hd__mux2_1)
                                                         _0024_ (net)
                      0.056181    0.000192   11.084022 v _3237_/D (sky130_fd_sc_hd__dfrtp_4)
                                             11.084022   data arrival time

                                140.000000  140.000000   clock clk (rise edge)
                                  0.000000  140.000000   clock source latency
     2    0.044026    0.000000    0.000000  140.000000 ^ clk (in)
                                                         clk (net)
                      0.003156    0.001577  140.001572 ^ clkbuf_0_clk/A (sky130_fd_sc_hd__clkbuf_16)
    17    0.169884    0.182033    0.213220  140.214798 ^ clkbuf_0_clk/X (sky130_fd_sc_hd__clkbuf_16)
                                                         clknet_0_clk (net)
                      0.183344    0.012420  140.227219 ^ clkbuf_3_3__f_clk/A (sky130_fd_sc_hd__clkbuf_16)
    35    0.102686    0.119646    0.232376  140.459595 ^ clkbuf_3_3__f_clk/X (sky130_fd_sc_hd__clkbuf_16)
                                                         clknet_3_3__leaf_clk (net)
                      0.120163    0.005940  140.465530 ^ _3237_/CLK (sky130_fd_sc_hd__dfrtp_4)
                                 -0.100000  140.365540   clock uncertainty
                                  0.000000  140.365540   clock reconvergence pessimism
                                 -0.101932  140.263596   library setup time
                                            140.263596   data required time
---------------------------------------------------------------------------------------------
                                            140.263596   data required time
                                            -11.084022   data arrival time
---------------------------------------------------------------------------------------------
                                            129.179565   slack (MET)




===========================================================================
report_checks --slack_max -0.01
============================================================================
======================= max_tt_025C_1v80 Corner ===================================

No paths found.


===========================================================================
 report_check_types -max_slew -max_cap -max_fanout -violators
============================================================================
======================= max_tt_025C_1v80 Corner ===================================



===========================================================================
report_parasitic_annotation -report_unannotated
============================================================================
Found 7 unannotated drivers.
 clkload0/Y
 clkload1/Y
 clkload2/Y
 clkload3/Y
 clkload4/Y
 clkload5/Y
 clkload6/Y
Found 0 partially unannotated drivers.

===========================================================================
max slew violation count 0
max fanout violation count 0
max cap violation count 0
============================================================================

===========================================================================
check_setup -verbose -unconstrained_endpoints -multiple_clock -no_clock -no_input_delay -loops -generated_clocks
===========================================================================
Warning: There are 36 input ports missing set_input_delay.
  A_in[0]
  A_in[10]
  A_in[11]
  A_in[12]
  A_in[13]
  A_in[14]
  A_in[15]
  A_in[1]
  A_in[2]
  A_in[3]
  A_in[4]
  A_in[5]
  A_in[6]
  A_in[7]
  A_in[8]
  A_in[9]
  B_in[0]
  B_in[10]
  B_in[11]
  B_in[12]
  B_in[13]
  B_in[14]
  B_in[15]
  B_in[1]
  B_in[2]
  B_in[3]
  B_in[4]
  B_in[5]
  B_in[6]
  B_in[7]
  B_in[8]
  B_in[9]
  Op_Sel[0]
  Op_Sel[1]
  Start
  rst_n
Warning: There are 17 unconstrained endpoints.
  Done
  X_out[0]
  X_out[10]
  X_out[11]
  X_out[12]
  X_out[13]
  X_out[14]
  X_out[15]
  X_out[1]
  X_out[2]
  X_out[3]
  X_out[4]
  X_out[5]
  X_out[6]
  X_out[7]
  X_out[8]
  X_out[9]
