Clock: clk
Sources: clk 
Generated: no
Virtual: yes
Propagated: no
Period: 200.000000

===========================================================================
report_clock_properties
============================================================================
Clock                   Period          Waveform
----------------------------------------------------
clk                 200.000000    0.000000100.000000

===========================================================================
report_clock_latency
============================================================================
Clock clk
rise -> rise
    min     max
0.000000 0.000000 source latency
0.403582         network latency _3222_/CLK
        0.423077 network latency _3255_/CLK
---------------
0.403582 0.423077 latency
        0.019496 skew

fall -> fall
    min     max
0.000000 0.000000 source latency
0.389903         network latency _3222_/CLK
        0.405130 network latency _3255_/CLK
---------------
0.389903 0.405130 latency
        0.015227 skew



===========================================================================
report_clock_min_period
============================================================================
clk period_min = 10.73 fmax = 93.16
