Clock: clk
Sources: clk 
Generated: no
Virtual: yes
Propagated: no
Period: 180.000000

===========================================================================
report_clock_properties
============================================================================
Clock                   Period          Waveform
----------------------------------------------------
clk                 180.000000    0.000000 90.000000

===========================================================================
report_clock_latency
============================================================================
Clock clk
rise -> rise
    min     max
0.000000 0.000000 source latency
0.743429         network latency _3222_/CLK
        0.774859 network latency _3256_/CLK
---------------
0.743429 0.774859 latency
        0.031430 skew

fall -> fall
    min     max
0.000000 0.000000 source latency
0.715112         network latency _3222_/CLK
        0.739853 network latency _3296_/CLK
---------------
0.715112 0.739853 latency
        0.024741 skew



===========================================================================
report_clock_min_period
============================================================================
clk period_min = 23.07 fmax = 43.34
