
===========================================================================
 report_power
============================================================================
======================= nom_ss_100C_1v60 Corner ===================================

Group                    Internal    Switching      Leakage        Total
                            Power        Power        Power        Power (Watts)
------------------------------------------------------------------------
Sequential           1.859511e-04 1.149735e-04 2.191280e-06 3.031159e-04   2.3%
Combinational        5.939996e-03 6.609840e-03 6.791982e-06 1.255663e-02  96.9%
Clock                3.630734e-05 5.799804e-05 2.316309e-07 9.453700e-05   0.7%
Macro                0.000000e+00 0.000000e+00 0.000000e+00 0.000000e+00   0.0%
Pad                  0.000000e+00 0.000000e+00 0.000000e+00 0.000000e+00   0.0%
------------------------------------------------------------------------
Total                6.162256e-03 6.782813e-03 9.214888e-06 1.295428e-02 100.0%
                            47.6%        52.4%         0.1%

