
===========================================================================
report_checks -unconstrained
===========================================================================
======================= min_tt_025C_1v80 Corner ===================================

Startpoint: _3302_ (rising edge-triggered flip-flop clocked by clk)
Endpoint: _3238_ (rising edge-triggered flip-flop clocked by clk)
Path Group: clk
Path Type: max

Fanout         Cap        Slew       Delay        Time   Description
---------------------------------------------------------------------------------------------
                                  0.000000    0.000000   clock clk (rise edge)
                                  0.000000    0.000000   clock source latency
     2    0.043087    0.000000    0.000000    0.000000 ^ clk (in)
                                                         clk (net)
                      0.001694    0.000847    0.000847 ^ clkbuf_0_clk/A (sky130_fd_sc_hd__clkbuf_16)
    17    0.159769    0.171722    0.210102    0.210949 ^ clkbuf_0_clk/X (sky130_fd_sc_hd__clkbuf_16)
                                                         clknet_0_clk (net)
                      0.171986    0.005460    0.216409 ^ clkbuf_3_0__f_clk/A (sky130_fd_sc_hd__clkbuf_16)
    25    0.089869    0.106783    0.222228    0.438637 ^ clkbuf_3_0__f_clk/X (sky130_fd_sc_hd__clkbuf_16)
                                                         clknet_3_0__leaf_clk (net)
                      0.106815    0.001813    0.440450 ^ _3302_/CLK (sky130_fd_sc_hd__dfrtp_4)
     6    0.022077    0.082592    0.524871    0.965321 v _3302_/Q (sky130_fd_sc_hd__dfrtp_4)
                                                         B_reg[12] (net)
                      0.082592    0.000808    0.966129 v _1910_/C (sky130_fd_sc_hd__and3_1)
     3    0.006800    0.054139    0.210800    1.176929 v _1910_/X (sky130_fd_sc_hd__and3_1)
                                                         _1175_ (net)
                      0.054139    0.000065    1.176994 v _2300_/A (sky130_fd_sc_hd__or4_4)
     4    0.009330    0.092890    0.546149    1.723143 v _2300_/X (sky130_fd_sc_hd__or4_4)
                                                         _1553_ (net)
                      0.092890    0.000067    1.723210 v _2304_/A1 (sky130_fd_sc_hd__a21o_1)
     3    0.007344    0.052584    0.191031    1.914242 v _2304_/X (sky130_fd_sc_hd__a21o_1)
                                                         _1557_ (net)
                      0.052584    0.000071    1.914313 v _2307_/A2 (sky130_fd_sc_hd__a21oi_1)
     3    0.010814    0.261449    0.252240    2.166553 ^ _2307_/Y (sky130_fd_sc_hd__a21oi_1)
                                                         _1560_ (net)
                      0.261449    0.000049    2.166602 ^ _2311_/B (sky130_fd_sc_hd__xor2_1)
     3    0.010508    0.248279    0.273523    2.440125 ^ _2311_/X (sky130_fd_sc_hd__xor2_1)
                                                         _1564_ (net)
                      0.248279    0.000173    2.440298 ^ _2313_/A2 (sky130_fd_sc_hd__a21o_1)
     4    0.010673    0.100783    0.202361    2.642659 ^ _2313_/X (sky130_fd_sc_hd__a21o_1)
                                                         _1566_ (net)
                      0.100783    0.000088    2.642747 ^ _2318_/A1 (sky130_fd_sc_hd__a21oi_1)
     3    0.012610    0.105177    0.124493    2.767241 v _2318_/Y (sky130_fd_sc_hd__a21oi_1)
                                                         _1571_ (net)
                      0.105177    0.000104    2.767345 v _2321_/B (sky130_fd_sc_hd__or3_4)
     3    0.008396    0.072116    0.393279    3.160624 v _2321_/X (sky130_fd_sc_hd__or3_4)
                                                         _1574_ (net)
                      0.072116    0.000140    3.160764 v _2326_/A1 (sky130_fd_sc_hd__a21o_1)
     4    0.010406    0.064058    0.195454    3.356218 v _2326_/X (sky130_fd_sc_hd__a21o_1)
                                                         _1579_ (net)
                      0.064058    0.000126    3.356344 v _2328_/B (sky130_fd_sc_hd__and3_1)
     2    0.005098    0.046572    0.178725    3.535069 v _2328_/X (sky130_fd_sc_hd__and3_1)
                                                         _1581_ (net)
                      0.046572    0.000052    3.535121 v _2330_/A (sky130_fd_sc_hd__or3_4)
     3    0.006788    0.069648    0.385774    3.920896 v _2330_/X (sky130_fd_sc_hd__or3_4)
                                                         _1583_ (net)
                      0.069648    0.000056    3.920951 v _2334_/A1 (sky130_fd_sc_hd__a21o_1)
     3    0.007275    0.052274    0.181127    4.102078 v _2334_/X (sky130_fd_sc_hd__a21o_1)
                                                         _1587_ (net)
                      0.052274    0.000071    4.102149 v rebuffer4/A (sky130_fd_sc_hd__dlymetal6s2s_1)
     3    0.009194    0.063637    0.163633    4.265782 v rebuffer4/X (sky130_fd_sc_hd__dlymetal6s2s_1)
                                                         net57 (net)
                      0.063637    0.000036    4.265818 v _2343_/A1 (sky130_fd_sc_hd__a21bo_1)
     1    0.003920    0.039474    0.174893    4.440711 v _2343_/X (sky130_fd_sc_hd__a21bo_1)
                                                         _1596_ (net)
                      0.039474    0.000060    4.440771 v _2344_/B1 (sky130_fd_sc_hd__a22o_1)
     2    0.009215    0.068485    0.206875    4.647646 v _2344_/X (sky130_fd_sc_hd__a22o_1)
                                                         _1597_ (net)
                      0.068485    0.000178    4.647824 v _2347_/B1 (sky130_fd_sc_hd__a21o_1)
     3    0.007849    0.054925    0.181040    4.828864 v _2347_/X (sky130_fd_sc_hd__a21o_1)
                                                         _1600_ (net)
                      0.054925    0.000119    4.828982 v _2348_/A2 (sky130_fd_sc_hd__a21oi_1)
     3    0.012764    0.291260    0.280659    5.109642 ^ _2348_/Y (sky130_fd_sc_hd__a21oi_1)
                                                         _1601_ (net)
                      0.291260    0.000179    5.109821 ^ _2349_/B (sky130_fd_sc_hd__xnor2_1)
     3    0.016441    0.385851    0.261045    5.370866 ^ _2349_/Y (sky130_fd_sc_hd__xnor2_1)
                                                         _1602_ (net)
                      0.385851    0.000150    5.371016 ^ _2355_/A2 (sky130_fd_sc_hd__a21o_1)
     3    0.007050    0.073227    0.200471    5.571487 ^ _2355_/X (sky130_fd_sc_hd__a21o_1)
                                                         _0109_ (net)
                      0.073227    0.000068    5.571555 ^ _2360_/A1 (sky130_fd_sc_hd__a21oi_1)
     3    0.011823    0.102413    0.110884    5.682438 v _2360_/Y (sky130_fd_sc_hd__a21oi_1)
                                                         _0114_ (net)
                      0.102413    0.000146    5.682584 v _2364_/B (sky130_fd_sc_hd__or3_4)
     3    0.007161    0.070152    0.388530    6.071114 v _2364_/X (sky130_fd_sc_hd__or3_4)
                                                         _0118_ (net)
                      0.070152    0.000079    6.071194 v _2366_/A1 (sky130_fd_sc_hd__a21o_1)
     4    0.010946    0.066183    0.196586    6.267780 v _2366_/X (sky130_fd_sc_hd__a21o_1)
                                                         _0120_ (net)
                      0.066183    0.000096    6.267876 v _2370_/A (sky130_fd_sc_hd__and3_1)
     2    0.006448    0.052522    0.165923    6.433799 v _2370_/X (sky130_fd_sc_hd__and3_1)
                                                         _0124_ (net)
                      0.052522    0.000079    6.433878 v _2372_/A (sky130_fd_sc_hd__or3_4)
     3    0.008368    0.072197    0.392844    6.826723 v _2372_/X (sky130_fd_sc_hd__or3_4)
                                                         _0126_ (net)
                      0.072197    0.000033    6.826756 v _2378_/A1 (sky130_fd_sc_hd__a21o_1)
     4    0.009283    0.059777    0.191352    7.018108 v _2378_/X (sky130_fd_sc_hd__a21o_1)
                                                         _0132_ (net)
                      0.059777    0.000033    7.018141 v _2383_/A (sky130_fd_sc_hd__and3_1)
     2    0.007098    0.055507    0.166136    7.184278 v _2383_/X (sky130_fd_sc_hd__and3_1)
                                                         _0137_ (net)
                      0.055507    0.000082    7.184360 v _2385_/C (sky130_fd_sc_hd__or3_4)
     3    0.007683    0.070988    0.335420    7.519780 v _2385_/X (sky130_fd_sc_hd__or3_4)
                                                         _0139_ (net)
                      0.070988    0.000090    7.519869 v _2387_/A1 (sky130_fd_sc_hd__a21o_1)
     4    0.012188    0.071151    0.201395    7.721265 v _2387_/X (sky130_fd_sc_hd__a21o_1)
                                                         _0141_ (net)
                      0.071151    0.000060    7.721324 v _2390_/A (sky130_fd_sc_hd__and3_1)
     3    0.011569    0.073375    0.189651    7.910975 v _2390_/X (sky130_fd_sc_hd__and3_1)
                                                         _0144_ (net)
                      0.073375    0.000180    7.911156 v _2392_/C (sky130_fd_sc_hd__or3_4)
     3    0.006832    0.069601    0.338787    8.249942 v _2392_/X (sky130_fd_sc_hd__or3_4)
                                                         _0146_ (net)
                      0.069601    0.000061    8.250004 v _2397_/A1 (sky130_fd_sc_hd__a21o_1)
     4    0.010759    0.065433    0.195699    8.445703 v _2397_/X (sky130_fd_sc_hd__a21o_1)
                                                         _0151_ (net)
                      0.065433    0.000074    8.445776 v _2406_/A (sky130_fd_sc_hd__and3_1)
     2    0.006199    0.051397    0.164407    8.610183 v _2406_/X (sky130_fd_sc_hd__and3_1)
                                                         _0160_ (net)
                      0.051397    0.000071    8.610254 v _2408_/C (sky130_fd_sc_hd__or3_4)
     3    0.008385    0.072053    0.336309    8.946563 v _2408_/X (sky130_fd_sc_hd__or3_4)
                                                         _0162_ (net)
                      0.072053    0.000068    8.946631 v _2410_/A1 (sky130_fd_sc_hd__a21o_1)
     3    0.007087    0.051417    0.181260    9.127892 v _2410_/X (sky130_fd_sc_hd__a21o_1)
                                                         _0164_ (net)
                      0.051417    0.000081    9.127973 v _2413_/A (sky130_fd_sc_hd__and3_1)
     2    0.005991    0.050464    0.157256    9.285229 v _2413_/X (sky130_fd_sc_hd__and3_1)
                                                         _0167_ (net)
                      0.050464    0.000034    9.285263 v _2415_/C (sky130_fd_sc_hd__or3_4)
     3    0.006930    0.069861    0.331639    9.616901 v _2415_/X (sky130_fd_sc_hd__or3_4)
                                                         _0169_ (net)
                      0.069861    0.000068    9.616969 v _2420_/A1 (sky130_fd_sc_hd__a21o_1)
     4    0.011329    0.067712    0.197845    9.814815 v _2420_/X (sky130_fd_sc_hd__a21o_1)
                                                         _0174_ (net)
                      0.067712    0.000055    9.814869 v _2428_/A2 (sky130_fd_sc_hd__a21bo_1)
     1    0.004299    0.040946    0.200751   10.015619 v _2428_/X (sky130_fd_sc_hd__a21bo_1)
                                                         _0180_ (net)
                      0.040946    0.000017   10.015636 v _2429_/B (sky130_fd_sc_hd__xor2_1)
     1    0.002477    0.068386    0.132700   10.148336 v _2429_/X (sky130_fd_sc_hd__xor2_1)
                                                         _0181_ (net)
                      0.068386    0.000013   10.148350 v _2430_/A1 (sky130_fd_sc_hd__mux2_4)
     1    0.002263    0.046579    0.256446   10.404797 v _2430_/X (sky130_fd_sc_hd__mux2_4)
                                                         _0025_ (net)
                      0.046579    0.000011   10.404807 v _3238_/D (sky130_fd_sc_hd__dfrtp_4)
                                             10.404807   data arrival time

                                 13.000000   13.000000   clock clk (rise edge)
                                  0.000000   13.000000   clock source latency
     2    0.043087    0.000000    0.000000   13.000000 ^ clk (in)
                                                         clk (net)
                      0.001694    0.000846   13.000846 ^ clkbuf_0_clk/A (sky130_fd_sc_hd__clkbuf_16)
    17    0.159769    0.171722    0.210102   13.210948 ^ clkbuf_0_clk/X (sky130_fd_sc_hd__clkbuf_16)
                                                         clknet_0_clk (net)
                      0.171953    0.005114   13.216063 ^ clkbuf_3_3__f_clk/A (sky130_fd_sc_hd__clkbuf_16)
    35    0.094110    0.110773    0.225413   13.441476 ^ clkbuf_3_3__f_clk/X (sky130_fd_sc_hd__clkbuf_16)
                                                         clknet_3_3__leaf_clk (net)
                      0.110784    0.001187   13.442662 ^ _3238_/CLK (sky130_fd_sc_hd__dfrtp_4)
                                 -0.100000   13.342663   clock uncertainty
                                  0.000000   13.342663   clock reconvergence pessimism
                                 -0.099907   13.242756   library setup time
                                             13.242756   data required time
---------------------------------------------------------------------------------------------
                                             13.242756   data required time
                                            -10.404807   data arrival time
---------------------------------------------------------------------------------------------
                                              2.837949   slack (MET)




===========================================================================
report_checks --slack_max -0.01
============================================================================
======================= min_tt_025C_1v80 Corner ===================================

No paths found.


===========================================================================
 report_check_types -max_slew -max_cap -max_fanout -violators
============================================================================
======================= min_tt_025C_1v80 Corner ===================================



===========================================================================
report_parasitic_annotation -report_unannotated
============================================================================
Found 7 unannotated drivers.
 clkload0/Y
 clkload1/Y
 clkload2/Y
 clkload3/Y
 clkload4/Y
 clkload5/Y
 clkload6/Y
Found 0 partially unannotated drivers.

===========================================================================
max slew violation count 0
max fanout violation count 0
max cap violation count 0
============================================================================

===========================================================================
check_setup -verbose -unconstrained_endpoints -multiple_clock -no_clock -no_input_delay -loops -generated_clocks
===========================================================================
Warning: There are 36 input ports missing set_input_delay.
  A_in[0]
  A_in[10]
  A_in[11]
  A_in[12]
  A_in[13]
  A_in[14]
  A_in[15]
  A_in[1]
  A_in[2]
  A_in[3]
  A_in[4]
  A_in[5]
  A_in[6]
  A_in[7]
  A_in[8]
  A_in[9]
  B_in[0]
  B_in[10]
  B_in[11]
  B_in[12]
  B_in[13]
  B_in[14]
  B_in[15]
  B_in[1]
  B_in[2]
  B_in[3]
  B_in[4]
  B_in[5]
  B_in[6]
  B_in[7]
  B_in[8]
  B_in[9]
  Op_Sel[0]
  Op_Sel[1]
  Start
  rst_n
Warning: There are 17 unconstrained endpoints.
  Done
  X_out[0]
  X_out[10]
  X_out[11]
  X_out[12]
  X_out[13]
  X_out[14]
  X_out[15]
  X_out[1]
  X_out[2]
  X_out[3]
  X_out[4]
  X_out[5]
  X_out[6]
  X_out[7]
  X_out[8]
  X_out[9]
