Clock: clk
Sources: clk 
Generated: no
Virtual: yes
Propagated: no
Period: 40.000000

===========================================================================
report_clock_properties
============================================================================
Clock                   Period          Waveform
----------------------------------------------------
clk                  40.000000    0.000000 20.000000

===========================================================================
report_clock_latency
============================================================================
Clock clk
rise -> rise
    min     max
0.000000 0.000000 source latency
0.377463         network latency _3246_/CLK
        0.383050 network latency _3295_/CLK
---------------
0.377463 0.383050 latency
        0.005588 skew

fall -> fall
    min     max
0.000000 0.000000 source latency
0.371360         network latency _3246_/CLK
        0.375895 network latency _3295_/CLK
---------------
0.371360 0.375895 latency
        0.004535 skew



===========================================================================
report_clock_min_period
============================================================================
clk period_min = 10.44 fmax = 95.75
