
===========================================================================
report_checks -unconstrained
===========================================================================
======================= nom_ss_100C_1v60 Corner ===================================

Startpoint: _3302_ (rising edge-triggered flip-flop clocked by clk)
Endpoint: _3238_ (rising edge-triggered flip-flop clocked by clk)
Path Group: clk
Path Type: max

Fanout         Cap        Slew       Delay        Time   Description
---------------------------------------------------------------------------------------------
                                  0.000000    0.000000   clock clk (rise edge)
                                  0.000000    0.000000   clock source latency
     2    0.039963    0.000000    0.000000    0.000000 ^ clk (in)
                                                         clk (net)
                      0.002119    0.001060    0.001060 ^ clkbuf_0_clk/A (sky130_fd_sc_hd__clkbuf_16)
    17    0.166042    0.269392    0.353938    0.354997 ^ clkbuf_0_clk/X (sky130_fd_sc_hd__clkbuf_16)
                                                         clknet_0_clk (net)
                      0.269723    0.007788    0.362785 ^ clkbuf_3_0__f_clk/A (sky130_fd_sc_hd__clkbuf_16)
    25    0.092209    0.165556    0.395661    0.758446 ^ clkbuf_3_0__f_clk/X (sky130_fd_sc_hd__clkbuf_16)
                                                         clknet_3_0__leaf_clk (net)
                      0.165624    0.003154    0.761600 ^ _3302_/CLK (sky130_fd_sc_hd__dfrtp_4)
     6    0.024113    0.163212    1.108149    1.869749 v _3302_/Q (sky130_fd_sc_hd__dfrtp_4)
                                                         B_reg[12] (net)
                      0.163212    0.001552    1.871300 v _1910_/C (sky130_fd_sc_hd__and3_1)
     3    0.007589    0.109559    0.449395    2.320695 v _1910_/X (sky130_fd_sc_hd__and3_1)
                                                         _1175_ (net)
                      0.109559    0.000272    2.320968 v _2300_/A (sky130_fd_sc_hd__or4_4)
     4    0.009571    0.172683    1.094601    3.415569 v _2300_/X (sky130_fd_sc_hd__or4_4)
                                                         _1553_ (net)
                      0.172683    0.000205    3.415774 v _2304_/A1 (sky130_fd_sc_hd__a21o_1)
     3    0.008349    0.103290    0.374414    3.790188 v _2304_/X (sky130_fd_sc_hd__a21o_1)
                                                         _1557_ (net)
                      0.103290    0.000209    3.790397 v _2308_/A (sky130_fd_sc_hd__and3_1)
     2    0.005650    0.094208    0.333758    4.124155 v _2308_/X (sky130_fd_sc_hd__and3_1)
                                                         _1561_ (net)
                      0.094208    0.000149    4.124304 v _2310_/C (sky130_fd_sc_hd__or3_4)
     3    0.006481    0.126228    0.668444    4.792747 v _2310_/X (sky130_fd_sc_hd__or3_4)
                                                         _1563_ (net)
                      0.126228    0.000097    4.792844 v _2313_/A1 (sky130_fd_sc_hd__a21o_1)
     4    0.010403    0.119845    0.369848    5.162692 v _2313_/X (sky130_fd_sc_hd__a21o_1)
                                                         _1566_ (net)
                      0.119845    0.000253    5.162945 v _2319_/A (sky130_fd_sc_hd__and3_1)
     2    0.007486    0.108710    0.356671    5.519616 v _2319_/X (sky130_fd_sc_hd__and3_1)
                                                         _1572_ (net)
                      0.108710    0.000230    5.519845 v _2321_/C (sky130_fd_sc_hd__or3_4)
     3    0.007338    0.128572    0.677852    6.197698 v _2321_/X (sky130_fd_sc_hd__or3_4)
                                                         _1574_ (net)
                      0.128572    0.000119    6.197817 v _2326_/A1 (sky130_fd_sc_hd__a21o_1)
     4    0.010041    0.116863    0.368124    6.565941 v _2326_/X (sky130_fd_sc_hd__a21o_1)
                                                         _1579_ (net)
                      0.116863    0.000235    6.566176 v _2328_/A (sky130_fd_sc_hd__and3_1)
     2    0.007198    0.106372    0.352895    6.919071 v _2328_/X (sky130_fd_sc_hd__and3_1)
                                                         _1581_ (net)
                      0.106372    0.000212    6.919283 v _2330_/A (sky130_fd_sc_hd__or3_4)
     3    0.007023    0.127866    0.777935    7.697218 v _2330_/X (sky130_fd_sc_hd__or3_4)
                                                         _1583_ (net)
                      0.127867    0.000192    7.697410 v _2334_/A1 (sky130_fd_sc_hd__a21o_1)
     4    0.010794    0.123218    0.373500    8.070910 v _2334_/X (sky130_fd_sc_hd__a21o_1)
                                                         _1587_ (net)
                      0.123218    0.000254    8.071164 v rebuffer14/A (sky130_fd_sc_hd__dlymetal6s2s_1)
     2    0.007630    0.110595    0.340650    8.411815 v rebuffer14/X (sky130_fd_sc_hd__dlymetal6s2s_1)
                                                         net67 (net)
                      0.110595    0.000179    8.411993 v _2343_/A1 (sky130_fd_sc_hd__a21bo_1)
     1    0.004641    0.077922    0.339694    8.751687 v _2343_/X (sky130_fd_sc_hd__a21bo_1)
                                                         _1596_ (net)
                      0.077922    0.000153    8.751840 v _2344_/B1 (sky130_fd_sc_hd__a22o_1)
     2    0.006540    0.102806    0.365994    9.117834 v _2344_/X (sky130_fd_sc_hd__a22o_1)
                                                         _1597_ (net)
                      0.102806    0.000195    9.118030 v _2347_/B1 (sky130_fd_sc_hd__a21o_1)
     4    0.010747    0.122687    0.353388    9.471417 v _2347_/X (sky130_fd_sc_hd__a21o_1)
                                                         _1600_ (net)
                      0.122687    0.000289    9.471706 v _2350_/B (sky130_fd_sc_hd__and3_1)
     2    0.006189    0.098360    0.388806    9.860513 v _2350_/X (sky130_fd_sc_hd__and3_1)
                                                         _1603_ (net)
                      0.098360    0.000201    9.860713 v _2352_/C (sky130_fd_sc_hd__or3_4)
     3    0.008649    0.131893    0.680775   10.541488 v _2352_/X (sky130_fd_sc_hd__or3_4)
                                                         _0106_ (net)
                      0.131893    0.000247   10.541735 v _2355_/A1 (sky130_fd_sc_hd__a21o_1)
     4    0.010053    0.117015    0.369610   10.911345 v _2355_/X (sky130_fd_sc_hd__a21o_1)
                                                         _0109_ (net)
                      0.117015    0.000330   10.911675 v _2360_/A1 (sky130_fd_sc_hd__a21oi_1)
     3    0.012237    0.454659    0.442407   11.354082 ^ _2360_/Y (sky130_fd_sc_hd__a21oi_1)
                                                         _0114_ (net)
                      0.454659    0.000438   11.354520 ^ _2361_/B (sky130_fd_sc_hd__xnor2_1)
     3    0.015733    0.608733    0.469066   11.823586 ^ _2361_/Y (sky130_fd_sc_hd__xnor2_1)
                                                         _0115_ (net)
                      0.608733    0.000418   11.824004 ^ _2366_/A2 (sky130_fd_sc_hd__a21o_1)
     4    0.009921    0.154212    0.471231   12.295236 ^ _2366_/X (sky130_fd_sc_hd__a21o_1)
                                                         _0120_ (net)
                      0.154212    0.000218   12.295453 ^ _2369_/A1 (sky130_fd_sc_hd__a21oi_1)
     3    0.012474    0.229909    0.266008   12.561460 v _2369_/Y (sky130_fd_sc_hd__a21oi_1)
                                                         _0123_ (net)
                      0.229982    0.000326   12.561787 v _2372_/B (sky130_fd_sc_hd__or3_4)
     3    0.008797    0.132225    0.800600   13.362387 v _2372_/X (sky130_fd_sc_hd__or3_4)
                                                         _0126_ (net)
                      0.132225    0.000129   13.362515 v _2378_/A1 (sky130_fd_sc_hd__a21o_1)
     3    0.006764    0.090942    0.344903   13.707417 v _2378_/X (sky130_fd_sc_hd__a21o_1)
                                                         _0132_ (net)
                      0.090942    0.000087   13.707505 v _2383_/C (sky130_fd_sc_hd__and3_1)
     2    0.007099    0.105561    0.409353   14.116858 v _2383_/X (sky130_fd_sc_hd__and3_1)
                                                         _0137_ (net)
                      0.105561    0.000179   14.117038 v _2385_/C (sky130_fd_sc_hd__or3_4)
     3    0.008414    0.131258    0.682078   14.799116 v _2385_/X (sky130_fd_sc_hd__or3_4)
                                                         _0139_ (net)
                      0.131258    0.000187   14.799304 v _2387_/A1 (sky130_fd_sc_hd__a21o_1)
     4    0.012537    0.137447    0.388184   15.187488 v _2387_/X (sky130_fd_sc_hd__a21o_1)
                                                         _0141_ (net)
                      0.137447    0.000300   15.187787 v _2390_/A (sky130_fd_sc_hd__and3_1)
     3    0.010812    0.136916    0.392109   15.579897 v _2390_/X (sky130_fd_sc_hd__and3_1)
                                                         _0144_ (net)
                      0.136916    0.000389   15.580286 v _2392_/C (sky130_fd_sc_hd__or3_4)
     3    0.006921    0.127426    0.685382   16.265669 v _2392_/X (sky130_fd_sc_hd__or3_4)
                                                         _0146_ (net)
                      0.127426    0.000165   16.265833 v _2397_/A1 (sky130_fd_sc_hd__a21o_1)
     4    0.011059    0.125188    0.375357   16.641190 v _2397_/X (sky130_fd_sc_hd__a21o_1)
                                                         _0151_ (net)
                      0.125188    0.000211   16.641401 v _2406_/A (sky130_fd_sc_hd__and3_1)
     2    0.006726    0.102575    0.353017   16.994419 v _2406_/X (sky130_fd_sc_hd__and3_1)
                                                         _0160_ (net)
                      0.102575    0.000178   16.994596 v _2408_/C (sky130_fd_sc_hd__or3_4)
     3    0.008418    0.131292    0.681075   17.675671 v _2408_/X (sky130_fd_sc_hd__or3_4)
                                                         _0162_ (net)
                      0.131292    0.000199   17.675871 v _2410_/A1 (sky130_fd_sc_hd__a21o_1)
     3    0.007228    0.094473    0.347985   18.023855 v _2410_/X (sky130_fd_sc_hd__a21o_1)
                                                         _0164_ (net)
                      0.094473    0.000179   18.024035 v _2413_/A (sky130_fd_sc_hd__and3_1)
     2    0.006163    0.098153    0.333738   18.357773 v _2413_/X (sky130_fd_sc_hd__and3_1)
                                                         _0167_ (net)
                      0.098153    0.000137   18.357910 v _2415_/C (sky130_fd_sc_hd__or3_4)
     3    0.006469    0.126165    0.669679   19.027590 v _2415_/X (sky130_fd_sc_hd__or3_4)
                                                         _0169_ (net)
                      0.126165    0.000139   19.027727 v _2420_/A1 (sky130_fd_sc_hd__a21o_1)
     3    0.008775    0.106657    0.357499   19.385227 v _2420_/X (sky130_fd_sc_hd__a21o_1)
                                                         _0174_ (net)
                      0.106657    0.000167   19.385393 v _2428_/A1 (sky130_fd_sc_hd__a21bo_1)
     1    0.004415    0.075808    0.335675   19.721067 v _2428_/X (sky130_fd_sc_hd__a21bo_1)
                                                         _0180_ (net)
                      0.075808    0.000085   19.721153 v _2429_/B (sky130_fd_sc_hd__xor2_1)
     1    0.002597    0.120278    0.261860   19.983013 v _2429_/X (sky130_fd_sc_hd__xor2_1)
                                                         _0181_ (net)
                      0.120278    0.000053   19.983067 v _2430_/A1 (sky130_fd_sc_hd__mux2_4)
     1    0.002216    0.076518    0.481995   20.465061 v _2430_/X (sky130_fd_sc_hd__mux2_4)
                                                         _0025_ (net)
                      0.076518    0.000044   20.465105 v _3238_/D (sky130_fd_sc_hd__dfrtp_4)
                                             20.465105   data arrival time

                                 10.000000   10.000000   clock clk (rise edge)
                                  0.000000   10.000000   clock source latency
     2    0.039963    0.000000    0.000000   10.000000 ^ clk (in)
                                                         clk (net)
                      0.002119    0.001060   10.001060 ^ clkbuf_0_clk/A (sky130_fd_sc_hd__clkbuf_16)
    17    0.166042    0.269392    0.353937   10.354997 ^ clkbuf_0_clk/X (sky130_fd_sc_hd__clkbuf_16)
                                                         clknet_0_clk (net)
                      0.269695    0.007464   10.362461 ^ clkbuf_3_3__f_clk/A (sky130_fd_sc_hd__clkbuf_16)
    35    0.100511    0.177152    0.404191   10.766653 ^ clkbuf_3_3__f_clk/X (sky130_fd_sc_hd__clkbuf_16)
                                                         clknet_3_3__leaf_clk (net)
                      0.177200    0.002849   10.769502 ^ _3238_/CLK (sky130_fd_sc_hd__dfrtp_4)
                                 -0.100000   10.669502   clock uncertainty
                                  0.000000   10.669502   clock reconvergence pessimism
                                 -0.249001   10.420501   library setup time
                                             10.420501   data required time
---------------------------------------------------------------------------------------------
                                             10.420501   data required time
                                            -20.465105   data arrival time
---------------------------------------------------------------------------------------------
                                            -10.044604   slack (VIOLATED)




===========================================================================
report_checks --slack_max -0.01
============================================================================
======================= nom_ss_100C_1v60 Corner ===================================

Startpoint: _3302_ (rising edge-triggered flip-flop clocked by clk)
Endpoint: _3238_ (rising edge-triggered flip-flop clocked by clk)
Path Group: clk
Path Type: max

Fanout         Cap        Slew       Delay        Time   Description
---------------------------------------------------------------------------------------------
                                  0.000000    0.000000   clock clk (rise edge)
                                  0.000000    0.000000   clock source latency
     2    0.039963    0.000000    0.000000    0.000000 ^ clk (in)
                                                         clk (net)
                      0.002119    0.001060    0.001060 ^ clkbuf_0_clk/A (sky130_fd_sc_hd__clkbuf_16)
    17    0.166042    0.269392    0.353938    0.354997 ^ clkbuf_0_clk/X (sky130_fd_sc_hd__clkbuf_16)
                                                         clknet_0_clk (net)
                      0.269723    0.007788    0.362785 ^ clkbuf_3_0__f_clk/A (sky130_fd_sc_hd__clkbuf_16)
    25    0.092209    0.165556    0.395661    0.758446 ^ clkbuf_3_0__f_clk/X (sky130_fd_sc_hd__clkbuf_16)
                                                         clknet_3_0__leaf_clk (net)
                      0.165624    0.003154    0.761600 ^ _3302_/CLK (sky130_fd_sc_hd__dfrtp_4)
     6    0.024113    0.163212    1.108149    1.869749 v _3302_/Q (sky130_fd_sc_hd__dfrtp_4)
                                                         B_reg[12] (net)
                      0.163212    0.001552    1.871300 v _1910_/C (sky130_fd_sc_hd__and3_1)
     3    0.007589    0.109559    0.449395    2.320695 v _1910_/X (sky130_fd_sc_hd__and3_1)
                                                         _1175_ (net)
                      0.109559    0.000272    2.320968 v _2300_/A (sky130_fd_sc_hd__or4_4)
     4    0.009571    0.172683    1.094601    3.415569 v _2300_/X (sky130_fd_sc_hd__or4_4)
                                                         _1553_ (net)
                      0.172683    0.000205    3.415774 v _2304_/A1 (sky130_fd_sc_hd__a21o_1)
     3    0.008349    0.103290    0.374414    3.790188 v _2304_/X (sky130_fd_sc_hd__a21o_1)
                                                         _1557_ (net)
                      0.103290    0.000209    3.790397 v _2308_/A (sky130_fd_sc_hd__and3_1)
     2    0.005650    0.094208    0.333758    4.124155 v _2308_/X (sky130_fd_sc_hd__and3_1)
                                                         _1561_ (net)
                      0.094208    0.000149    4.124304 v _2310_/C (sky130_fd_sc_hd__or3_4)
     3    0.006481    0.126228    0.668444    4.792747 v _2310_/X (sky130_fd_sc_hd__or3_4)
                                                         _1563_ (net)
                      0.126228    0.000097    4.792844 v _2313_/A1 (sky130_fd_sc_hd__a21o_1)
     4    0.010403    0.119845    0.369848    5.162692 v _2313_/X (sky130_fd_sc_hd__a21o_1)
                                                         _1566_ (net)
                      0.119845    0.000253    5.162945 v _2319_/A (sky130_fd_sc_hd__and3_1)
     2    0.007486    0.108710    0.356671    5.519616 v _2319_/X (sky130_fd_sc_hd__and3_1)
                                                         _1572_ (net)
                      0.108710    0.000230    5.519845 v _2321_/C (sky130_fd_sc_hd__or3_4)
     3    0.007338    0.128572    0.677852    6.197698 v _2321_/X (sky130_fd_sc_hd__or3_4)
                                                         _1574_ (net)
                      0.128572    0.000119    6.197817 v _2326_/A1 (sky130_fd_sc_hd__a21o_1)
     4    0.010041    0.116863    0.368124    6.565941 v _2326_/X (sky130_fd_sc_hd__a21o_1)
                                                         _1579_ (net)
                      0.116863    0.000235    6.566176 v _2328_/A (sky130_fd_sc_hd__and3_1)
     2    0.007198    0.106372    0.352895    6.919071 v _2328_/X (sky130_fd_sc_hd__and3_1)
                                                         _1581_ (net)
                      0.106372    0.000212    6.919283 v _2330_/A (sky130_fd_sc_hd__or3_4)
     3    0.007023    0.127866    0.777935    7.697218 v _2330_/X (sky130_fd_sc_hd__or3_4)
                                                         _1583_ (net)
                      0.127867    0.000192    7.697410 v _2334_/A1 (sky130_fd_sc_hd__a21o_1)
     4    0.010794    0.123218    0.373500    8.070910 v _2334_/X (sky130_fd_sc_hd__a21o_1)
                                                         _1587_ (net)
                      0.123218    0.000254    8.071164 v rebuffer14/A (sky130_fd_sc_hd__dlymetal6s2s_1)
     2    0.007630    0.110595    0.340650    8.411815 v rebuffer14/X (sky130_fd_sc_hd__dlymetal6s2s_1)
                                                         net67 (net)
                      0.110595    0.000179    8.411993 v _2343_/A1 (sky130_fd_sc_hd__a21bo_1)
     1    0.004641    0.077922    0.339694    8.751687 v _2343_/X (sky130_fd_sc_hd__a21bo_1)
                                                         _1596_ (net)
                      0.077922    0.000153    8.751840 v _2344_/B1 (sky130_fd_sc_hd__a22o_1)
     2    0.006540    0.102806    0.365994    9.117834 v _2344_/X (sky130_fd_sc_hd__a22o_1)
                                                         _1597_ (net)
                      0.102806    0.000195    9.118030 v _2347_/B1 (sky130_fd_sc_hd__a21o_1)
     4    0.010747    0.122687    0.353388    9.471417 v _2347_/X (sky130_fd_sc_hd__a21o_1)
                                                         _1600_ (net)
                      0.122687    0.000289    9.471706 v _2350_/B (sky130_fd_sc_hd__and3_1)
     2    0.006189    0.098360    0.388806    9.860513 v _2350_/X (sky130_fd_sc_hd__and3_1)
                                                         _1603_ (net)
                      0.098360    0.000201    9.860713 v _2352_/C (sky130_fd_sc_hd__or3_4)
     3    0.008649    0.131893    0.680775   10.541488 v _2352_/X (sky130_fd_sc_hd__or3_4)
                                                         _0106_ (net)
                      0.131893    0.000247   10.541735 v _2355_/A1 (sky130_fd_sc_hd__a21o_1)
     4    0.010053    0.117015    0.369610   10.911345 v _2355_/X (sky130_fd_sc_hd__a21o_1)
                                                         _0109_ (net)
                      0.117015    0.000330   10.911675 v _2360_/A1 (sky130_fd_sc_hd__a21oi_1)
     3    0.012237    0.454659    0.442407   11.354082 ^ _2360_/Y (sky130_fd_sc_hd__a21oi_1)
                                                         _0114_ (net)
                      0.454659    0.000438   11.354520 ^ _2361_/B (sky130_fd_sc_hd__xnor2_1)
     3    0.015733    0.608733    0.469066   11.823586 ^ _2361_/Y (sky130_fd_sc_hd__xnor2_1)
                                                         _0115_ (net)
                      0.608733    0.000418   11.824004 ^ _2366_/A2 (sky130_fd_sc_hd__a21o_1)
     4    0.009921    0.154212    0.471231   12.295236 ^ _2366_/X (sky130_fd_sc_hd__a21o_1)
                                                         _0120_ (net)
                      0.154212    0.000218   12.295453 ^ _2369_/A1 (sky130_fd_sc_hd__a21oi_1)
     3    0.012474    0.229909    0.266008   12.561460 v _2369_/Y (sky130_fd_sc_hd__a21oi_1)
                                                         _0123_ (net)
                      0.229982    0.000326   12.561787 v _2372_/B (sky130_fd_sc_hd__or3_4)
     3    0.008797    0.132225    0.800600   13.362387 v _2372_/X (sky130_fd_sc_hd__or3_4)
                                                         _0126_ (net)
                      0.132225    0.000129   13.362515 v _2378_/A1 (sky130_fd_sc_hd__a21o_1)
     3    0.006764    0.090942    0.344903   13.707417 v _2378_/X (sky130_fd_sc_hd__a21o_1)
                                                         _0132_ (net)
                      0.090942    0.000087   13.707505 v _2383_/C (sky130_fd_sc_hd__and3_1)
     2    0.007099    0.105561    0.409353   14.116858 v _2383_/X (sky130_fd_sc_hd__and3_1)
                                                         _0137_ (net)
                      0.105561    0.000179   14.117038 v _2385_/C (sky130_fd_sc_hd__or3_4)
     3    0.008414    0.131258    0.682078   14.799116 v _2385_/X (sky130_fd_sc_hd__or3_4)
                                                         _0139_ (net)
                      0.131258    0.000187   14.799304 v _2387_/A1 (sky130_fd_sc_hd__a21o_1)
     4    0.012537    0.137447    0.388184   15.187488 v _2387_/X (sky130_fd_sc_hd__a21o_1)
                                                         _0141_ (net)
                      0.137447    0.000300   15.187787 v _2390_/A (sky130_fd_sc_hd__and3_1)
     3    0.010812    0.136916    0.392109   15.579897 v _2390_/X (sky130_fd_sc_hd__and3_1)
                                                         _0144_ (net)
                      0.136916    0.000389   15.580286 v _2392_/C (sky130_fd_sc_hd__or3_4)
     3    0.006921    0.127426    0.685382   16.265669 v _2392_/X (sky130_fd_sc_hd__or3_4)
                                                         _0146_ (net)
                      0.127426    0.000165   16.265833 v _2397_/A1 (sky130_fd_sc_hd__a21o_1)
     4    0.011059    0.125188    0.375357   16.641190 v _2397_/X (sky130_fd_sc_hd__a21o_1)
                                                         _0151_ (net)
                      0.125188    0.000211   16.641401 v _2406_/A (sky130_fd_sc_hd__and3_1)
     2    0.006726    0.102575    0.353017   16.994419 v _2406_/X (sky130_fd_sc_hd__and3_1)
                                                         _0160_ (net)
                      0.102575    0.000178   16.994596 v _2408_/C (sky130_fd_sc_hd__or3_4)
     3    0.008418    0.131292    0.681075   17.675671 v _2408_/X (sky130_fd_sc_hd__or3_4)
                                                         _0162_ (net)
                      0.131292    0.000199   17.675871 v _2410_/A1 (sky130_fd_sc_hd__a21o_1)
     3    0.007228    0.094473    0.347985   18.023855 v _2410_/X (sky130_fd_sc_hd__a21o_1)
                                                         _0164_ (net)
                      0.094473    0.000179   18.024035 v _2413_/A (sky130_fd_sc_hd__and3_1)
     2    0.006163    0.098153    0.333738   18.357773 v _2413_/X (sky130_fd_sc_hd__and3_1)
                                                         _0167_ (net)
                      0.098153    0.000137   18.357910 v _2415_/C (sky130_fd_sc_hd__or3_4)
     3    0.006469    0.126165    0.669679   19.027590 v _2415_/X (sky130_fd_sc_hd__or3_4)
                                                         _0169_ (net)
                      0.126165    0.000139   19.027727 v _2420_/A1 (sky130_fd_sc_hd__a21o_1)
     3    0.008775    0.106657    0.357499   19.385227 v _2420_/X (sky130_fd_sc_hd__a21o_1)
                                                         _0174_ (net)
                      0.106657    0.000167   19.385393 v _2428_/A1 (sky130_fd_sc_hd__a21bo_1)
     1    0.004415    0.075808    0.335675   19.721067 v _2428_/X (sky130_fd_sc_hd__a21bo_1)
                                                         _0180_ (net)
                      0.075808    0.000085   19.721153 v _2429_/B (sky130_fd_sc_hd__xor2_1)
     1    0.002597    0.120278    0.261860   19.983013 v _2429_/X (sky130_fd_sc_hd__xor2_1)
                                                         _0181_ (net)
                      0.120278    0.000053   19.983067 v _2430_/A1 (sky130_fd_sc_hd__mux2_4)
     1    0.002216    0.076518    0.481995   20.465061 v _2430_/X (sky130_fd_sc_hd__mux2_4)
                                                         _0025_ (net)
                      0.076518    0.000044   20.465105 v _3238_/D (sky130_fd_sc_hd__dfrtp_4)
                                             20.465105   data arrival time

                                 10.000000   10.000000   clock clk (rise edge)
                                  0.000000   10.000000   clock source latency
     2    0.039963    0.000000    0.000000   10.000000 ^ clk (in)
                                                         clk (net)
                      0.002119    0.001060   10.001060 ^ clkbuf_0_clk/A (sky130_fd_sc_hd__clkbuf_16)
    17    0.166042    0.269392    0.353937   10.354997 ^ clkbuf_0_clk/X (sky130_fd_sc_hd__clkbuf_16)
                                                         clknet_0_clk (net)
                      0.269695    0.007464   10.362461 ^ clkbuf_3_3__f_clk/A (sky130_fd_sc_hd__clkbuf_16)
    35    0.100511    0.177152    0.404191   10.766653 ^ clkbuf_3_3__f_clk/X (sky130_fd_sc_hd__clkbuf_16)
                                                         clknet_3_3__leaf_clk (net)
                      0.177200    0.002849   10.769502 ^ _3238_/CLK (sky130_fd_sc_hd__dfrtp_4)
                                 -0.100000   10.669502   clock uncertainty
                                  0.000000   10.669502   clock reconvergence pessimism
                                 -0.249001   10.420501   library setup time
                                             10.420501   data required time
---------------------------------------------------------------------------------------------
                                             10.420501   data required time
                                            -20.465105   data arrival time
---------------------------------------------------------------------------------------------
                                            -10.044604   slack (VIOLATED)




===========================================================================
 report_check_types -max_slew -max_cap -max_fanout -violators
============================================================================
======================= nom_ss_100C_1v60 Corner ===================================



===========================================================================
report_parasitic_annotation -report_unannotated
============================================================================
Found 7 unannotated drivers.
 clkload0/Y
 clkload1/Y
 clkload2/Y
 clkload3/Y
 clkload4/Y
 clkload5/Y
 clkload6/Y
Found 0 partially unannotated drivers.

===========================================================================
max slew violation count 0
max fanout violation count 0
max cap violation count 0
============================================================================

===========================================================================
check_setup -verbose -unconstrained_endpoints -multiple_clock -no_clock -no_input_delay -loops -generated_clocks
===========================================================================
Warning: There are 36 input ports missing set_input_delay.
  A_in[0]
  A_in[10]
  A_in[11]
  A_in[12]
  A_in[13]
  A_in[14]
  A_in[15]
  A_in[1]
  A_in[2]
  A_in[3]
  A_in[4]
  A_in[5]
  A_in[6]
  A_in[7]
  A_in[8]
  A_in[9]
  B_in[0]
  B_in[10]
  B_in[11]
  B_in[12]
  B_in[13]
  B_in[14]
  B_in[15]
  B_in[1]
  B_in[2]
  B_in[3]
  B_in[4]
  B_in[5]
  B_in[6]
  B_in[7]
  B_in[8]
  B_in[9]
  Op_Sel[0]
  Op_Sel[1]
  Start
  rst_n
Warning: There are 17 unconstrained endpoints.
  Done
  X_out[0]
  X_out[10]
  X_out[11]
  X_out[12]
  X_out[13]
  X_out[14]
  X_out[15]
  X_out[1]
  X_out[2]
  X_out[3]
  X_out[4]
  X_out[5]
  X_out[6]
  X_out[7]
  X_out[8]
  X_out[9]
