
===========================================================================
 report_power
============================================================================
======================= min_ff_n40C_1v95 Corner ===================================

Group                    Internal    Switching      Leakage        Total
                            Power        Power        Power        Power (Watts)
------------------------------------------------------------------------
Sequential           1.118042e-03 6.517416e-04 2.360098e-09 1.769786e-03   1.9%
Combinational        4.570971e-02 4.520969e-02 1.302119e-08 9.091942e-02  97.5%
Clock                2.059278e-04 3.303870e-04 1.325613e-08 5.363281e-04   0.6%
Macro                0.000000e+00 0.000000e+00 0.000000e+00 0.000000e+00   0.0%
Pad                  0.000000e+00 0.000000e+00 0.000000e+00 0.000000e+00   0.0%
------------------------------------------------------------------------
Total                4.703368e-02 4.619183e-02 2.863741e-08 9.322554e-02 100.0%
                            50.5%        49.5%         0.0%

