Clock: clk
Sources: clk 
Generated: no
Virtual: yes
Propagated: no
Period: 80.000000

===========================================================================
report_clock_properties
============================================================================
Clock                   Period          Waveform
----------------------------------------------------
clk                  80.000000    0.000000 40.000000

===========================================================================
report_clock_latency
============================================================================
Clock clk
rise -> rise
    min     max
0.000000 0.000000 source latency
0.726786         network latency _3222_/CLK
        0.752462 network latency _3256_/CLK
---------------
0.726786 0.752462 latency
        0.025676 skew

fall -> fall
    min     max
0.000000 0.000000 source latency
0.701636         network latency _3222_/CLK
        0.721137 network latency _3256_/CLK
---------------
0.701636 0.721137 latency
        0.019501 skew



===========================================================================
report_clock_min_period
============================================================================
clk period_min = 23.00 fmax = 43.47
