
===========================================================================
 report_power
============================================================================
======================= nom_ff_n40C_1v95 Corner ===================================

Group                    Internal    Switching      Leakage        Total
                            Power        Power        Power        Power (Watts)
------------------------------------------------------------------------
Sequential           8.935627e-05 3.929802e-05 2.095721e-09 1.286564e-04   1.8%
Combinational        3.975587e-03 3.225117e-03 1.558383e-08 7.200720e-03  98.2%
Clock                0.000000e+00 0.000000e+00 0.000000e+00 0.000000e+00   0.0%
Macro                0.000000e+00 0.000000e+00 0.000000e+00 0.000000e+00   0.0%
Pad                  0.000000e+00 0.000000e+00 0.000000e+00 0.000000e+00   0.0%
------------------------------------------------------------------------
Total                4.064944e-03 3.264415e-03 1.767953e-08 7.329377e-03 100.0%
                            55.5%        44.5%         0.0%

