
===========================================================================
 report_power
============================================================================
======================= nom_tt_025C_1v80 Corner ===================================

Group                    Internal    Switching      Leakage        Total
                            Power        Power        Power        Power (Watts)
------------------------------------------------------------------------
Sequential           6.896666e-05 3.877884e-05 1.267211e-09 1.077468e-04   2.4%
Combinational        2.085110e-03 2.359946e-03 5.219130e-09 4.445061e-03  97.0%
Clock                1.290299e-05 1.899160e-05 1.144395e-09 3.189574e-05   0.7%
Macro                0.000000e+00 0.000000e+00 0.000000e+00 0.000000e+00   0.0%
Pad                  0.000000e+00 0.000000e+00 0.000000e+00 0.000000e+00   0.0%
------------------------------------------------------------------------
Total                2.166978e-03 2.417716e-03 7.630691e-09 4.584702e-03 100.0%
                            47.3%        52.7%         0.0%
Writing metric power__internal__total: 0.0021669778507202864
Writing metric power__switching__total: 0.002417716197669506
Writing metric power__leakage__total: 7.630690745941138e-9
Writing metric power__total: 0.004584701731801033

