
===========================================================================
report_checks -unconstrained
===========================================================================
======================= nom_tt_025C_1v80 Corner ===================================

Startpoint: _3302_ (rising edge-triggered flip-flop clocked by clk)
Endpoint: _3238_ (rising edge-triggered flip-flop clocked by clk)
Path Group: clk
Path Type: max

Fanout         Cap        Slew       Delay        Time   Description
---------------------------------------------------------------------------------------------
                                  0.000000    0.000000   clock clk (rise edge)
                                  0.000000    0.000000   clock source latency
   110    0.356200    0.000000    0.000000    0.000000 ^ clk (in)
                                                         clk (net)
                      0.042232    0.021116    0.021116 ^ _3302_/CLK (sky130_fd_sc_hd__dfrtp_2)
    15    0.058432    0.159601    0.514533    0.535649 v _3302_/Q (sky130_fd_sc_hd__dfrtp_2)
                                                         B_reg[12] (net)
                      0.159602    0.000676    0.536325 v _1910_/C (sky130_fd_sc_hd__and3_2)
     3    0.004878    0.043958    0.263126    0.799451 v _1910_/X (sky130_fd_sc_hd__and3_2)
                                                         _1175_ (net)
                      0.043958    0.000007    0.799458 v _2300_/B (sky130_fd_sc_hd__or4_2)
     4    0.010190    0.132855    0.686536    1.485994 v _2300_/X (sky130_fd_sc_hd__or4_2)
                                                         _1553_ (net)
                      0.132855    0.000035    1.486028 v _2304_/A2 (sky130_fd_sc_hd__a21o_2)
     3    0.011365    0.055347    0.267015    1.753043 v _2304_/X (sky130_fd_sc_hd__a21o_2)
                                                         _1557_ (net)
                      0.055347    0.000031    1.753075 v _2308_/C (sky130_fd_sc_hd__and3_2)
     2    0.006128    0.045888    0.219147    1.972222 v _2308_/X (sky130_fd_sc_hd__and3_2)
                                                         _1561_ (net)
                      0.045888    0.000014    1.972236 v _2310_/C (sky130_fd_sc_hd__or3_2)
     3    0.005764    0.088641    0.421805    2.394040 v _2310_/X (sky130_fd_sc_hd__or3_2)
                                                         _1563_ (net)
                      0.088641    0.000011    2.394052 v _2313_/A1 (sky130_fd_sc_hd__a21o_2)
     4    0.015649    0.063220    0.238046    2.632097 v _2313_/X (sky130_fd_sc_hd__a21o_2)
                                                         _1566_ (net)
                      0.063220    0.000073    2.632170 v _2319_/B (sky130_fd_sc_hd__and3_2)
     2    0.006809    0.047236    0.211030    2.843200 v _2319_/X (sky130_fd_sc_hd__and3_2)
                                                         _1572_ (net)
                      0.047236    0.000016    2.843216 v _2321_/C (sky130_fd_sc_hd__or3_2)
     3    0.006088    0.087625    0.423920    3.267136 v _2321_/X (sky130_fd_sc_hd__or3_2)
                                                         _1574_ (net)
                      0.087625    0.000027    3.267163 v _2326_/A1 (sky130_fd_sc_hd__a21o_2)
     4    0.013618    0.059080    0.233151    3.500314 v _2326_/X (sky130_fd_sc_hd__a21o_2)
                                                         _1579_ (net)
                      0.059080    0.000050    3.500364 v _2328_/C (sky130_fd_sc_hd__and3_2)
     2    0.006529    0.046676    0.222193    3.722557 v _2328_/X (sky130_fd_sc_hd__and3_2)
                                                         _1581_ (net)
                      0.046676    0.000021    3.722578 v _2330_/C (sky130_fd_sc_hd__or3_2)
     4    0.011303    0.108070    0.452870    4.175448 v _2330_/X (sky130_fd_sc_hd__or3_2)
                                                         _1583_ (net)
                      0.108070    0.000027    4.175476 v _2334_/A1 (sky130_fd_sc_hd__a21o_2)
     5    0.014706    0.061380    0.243782    4.419258 v _2334_/X (sky130_fd_sc_hd__a21o_2)
                                                         _1587_ (net)
                      0.061380    0.000030    4.419288 v _2338_/B (sky130_fd_sc_hd__and3_2)
     2    0.006377    0.046335    0.208755    4.628043 v _2338_/X (sky130_fd_sc_hd__and3_2)
                                                         _1591_ (net)
                      0.046335    0.000015    4.628058 v _2345_/C (sky130_fd_sc_hd__or3_2)
     3    0.006592    0.091545    0.426529    5.054587 v _2345_/X (sky130_fd_sc_hd__or3_2)
                                                         _1598_ (net)
                      0.091545    0.000012    5.054600 v _2347_/A1 (sky130_fd_sc_hd__a21o_2)
     4    0.011020    0.054443    0.227541    5.282140 v _2347_/X (sky130_fd_sc_hd__a21o_2)
                                                         _1600_ (net)
                      0.054443    0.000053    5.282194 v _2350_/C (sky130_fd_sc_hd__and3_2)
     2    0.006984    0.047653    0.221628    5.503821 v _2350_/X (sky130_fd_sc_hd__and3_2)
                                                         _1603_ (net)
                      0.047653    0.000039    5.503860 v _2352_/C (sky130_fd_sc_hd__or3_2)
     3    0.006972    0.090191    0.428939    5.932799 v _2352_/X (sky130_fd_sc_hd__or3_2)
                                                         _0106_ (net)
                      0.090191    0.000039    5.932838 v _2355_/A2 (sky130_fd_sc_hd__a21o_2)
     4    0.010371    0.052600    0.247348    6.180186 v _2355_/X (sky130_fd_sc_hd__a21o_2)
                                                         _0109_ (net)
                      0.052600    0.000037    6.180223 v _2362_/B (sky130_fd_sc_hd__and3_2)
     2    0.006914    0.047483    0.206660    6.386884 v _2362_/X (sky130_fd_sc_hd__and3_2)
                                                         _0116_ (net)
                      0.047483    0.000032    6.386917 v _2364_/C (sky130_fd_sc_hd__or3_2)
     3    0.006185    0.087907    0.424519    6.811435 v _2364_/X (sky130_fd_sc_hd__or3_2)
                                                         _0118_ (net)
                      0.087907    0.000029    6.811464 v _2366_/A2 (sky130_fd_sc_hd__a21o_2)
     4    0.013006    0.057809    0.254560    7.066025 v _2366_/X (sky130_fd_sc_hd__a21o_2)
                                                         _0120_ (net)
                      0.057809    0.000033    7.066058 v _2370_/B (sky130_fd_sc_hd__and3_2)
     2    0.006470    0.046545    0.207484    7.273541 v _2370_/X (sky130_fd_sc_hd__and3_2)
                                                         _0124_ (net)
                      0.046545    0.000020    7.273561 v _2372_/C (sky130_fd_sc_hd__or3_2)
     3    0.007188    0.093636    0.429900    7.703461 v _2372_/X (sky130_fd_sc_hd__or3_2)
                                                         _0126_ (net)
                      0.093636    0.000002    7.703463 v _2378_/A1 (sky130_fd_sc_hd__a21o_2)
     4    0.010739    0.053667    0.227486    7.930949 v _2378_/X (sky130_fd_sc_hd__a21o_2)
                                                         _0132_ (net)
                      0.053667    0.000033    7.930982 v _2383_/C (sky130_fd_sc_hd__and3_2)
     2    0.006744    0.047142    0.220472    8.151453 v _2383_/X (sky130_fd_sc_hd__and3_2)
                                                         _0137_ (net)
                      0.047142    0.000018    8.151471 v _2385_/C (sky130_fd_sc_hd__or3_2)
     3    0.006387    0.090827    0.425571    8.577042 v _2385_/X (sky130_fd_sc_hd__or3_2)
                                                         _0139_ (net)
                      0.090827    0.000013    8.577055 v _2387_/A1 (sky130_fd_sc_hd__a21o_2)
     4    0.010452    0.052834    0.225431    8.802486 v _2387_/X (sky130_fd_sc_hd__a21o_2)
                                                         _0141_ (net)
                      0.052834    0.000037    8.802524 v _2390_/B (sky130_fd_sc_hd__and3_2)
     3    0.009787    0.054441    0.216457    9.018980 v _2390_/X (sky130_fd_sc_hd__and3_2)
                                                         _0144_ (net)
                      0.054441    0.000028    9.019008 v _2392_/C (sky130_fd_sc_hd__or3_2)
     3    0.005264    0.086951    0.421137    9.440145 v _2392_/X (sky130_fd_sc_hd__or3_2)
                                                         _0146_ (net)
                      0.086951    0.000002    9.440146 v _2397_/A1 (sky130_fd_sc_hd__a21o_2)
     4    0.013090    0.057973    0.231719    9.671865 v _2397_/X (sky130_fd_sc_hd__a21o_2)
                                                         _0151_ (net)
                      0.057973    0.000029    9.671895 v _2406_/B (sky130_fd_sc_hd__and3_2)
     2    0.006417    0.046438    0.207378    9.879272 v _2406_/X (sky130_fd_sc_hd__and3_2)
                                                         _0160_ (net)
                      0.046438    0.000003    9.879275 v _2408_/C (sky130_fd_sc_hd__or3_2)
     3    0.009677    0.102367    0.443753   10.323029 v _2408_/X (sky130_fd_sc_hd__or3_2)
                                                         _0162_ (net)
                      0.102367    0.000023   10.323052 v _2410_/A2 (sky130_fd_sc_hd__a21o_2)
     3    0.008246    0.046893    0.245100   10.568152 v _2410_/X (sky130_fd_sc_hd__a21o_2)
                                                         _0164_ (net)
                      0.046893    0.000028   10.568179 v _2413_/C (sky130_fd_sc_hd__and3_2)
     2    0.006389    0.046306    0.216355   10.784534 v _2413_/X (sky130_fd_sc_hd__and3_2)
                                                         _0167_ (net)
                      0.046306    0.000013   10.784548 v _2415_/C (sky130_fd_sc_hd__or3_2)
     3    0.005881    0.089050    0.422557   11.207105 v _2415_/X (sky130_fd_sc_hd__or3_2)
                                                         _0169_ (net)
                      0.089050    0.000018   11.207123 v _2420_/A1 (sky130_fd_sc_hd__a21o_2)
     4    0.012400    0.056596    0.230978   11.438101 v _2420_/X (sky130_fd_sc_hd__a21o_2)
                                                         _0174_ (net)
                      0.056596    0.000020   11.438120 v _2428_/A1 (sky130_fd_sc_hd__a21bo_2)
     1    0.008092    0.049048    0.208296   11.646416 v _2428_/X (sky130_fd_sc_hd__a21bo_2)
                                                         _0180_ (net)
                      0.049048    0.000009   11.646424 v _2429_/B (sky130_fd_sc_hd__xor2_2)
     1    0.002424    0.055561    0.133257   11.779681 v _2429_/X (sky130_fd_sc_hd__xor2_2)
                                                         _0181_ (net)
                      0.055561    0.000005   11.779687 v _2430_/A1 (sky130_fd_sc_hd__mux2_1)
     1    0.002264    0.053457    0.285453   12.065140 v _2430_/X (sky130_fd_sc_hd__mux2_1)
                                                         _0025_ (net)
                      0.053457    0.000003   12.065142 v _3238_/D (sky130_fd_sc_hd__dfrtp_2)
                                             12.065142   data arrival time

                                200.000000  200.000000   clock clk (rise edge)
                                  0.000000  200.000000   clock source latency
   110    0.356200    0.000000    0.000000  200.000000 ^ clk (in)
                                                         clk (net)
                      0.041705    0.020847  200.020844 ^ _3238_/CLK (sky130_fd_sc_hd__dfrtp_2)
                                 -0.100000  199.920837   clock uncertainty
                                  0.000000  199.920837   clock reconvergence pessimism
                                 -0.119968  199.800873   library setup time
                                            199.800873   data required time
---------------------------------------------------------------------------------------------
                                            199.800873   data required time
                                            -12.065142   data arrival time
---------------------------------------------------------------------------------------------
                                            187.735733   slack (MET)




===========================================================================
report_checks --slack_max -0.01
============================================================================
======================= nom_tt_025C_1v80 Corner ===================================

No paths found.


===========================================================================
 report_check_types -max_slew -max_cap -max_fanout -violators
============================================================================
======================= nom_tt_025C_1v80 Corner ===================================



===========================================================================
report_parasitic_annotation -report_unannotated
============================================================================
Found 0 unannotated drivers.
Found 0 partially unannotated drivers.

===========================================================================
max slew violation count 0
Writing metric design__max_slew_violation__count__corner:nom_tt_025C_1v80: 0
max fanout violation count 0
Writing metric design__max_fanout_violation__count__corner:nom_tt_025C_1v80: 0
max cap violation count 0
Writing metric design__max_cap_violation__count__corner:nom_tt_025C_1v80: 0
============================================================================

===========================================================================
check_setup -verbose -unconstrained_endpoints -multiple_clock -no_clock -no_input_delay -loops -generated_clocks
===========================================================================
Warning: There are 36 input ports missing set_input_delay.
  A_in[0]
  A_in[10]
  A_in[11]
  A_in[12]
  A_in[13]
  A_in[14]
  A_in[15]
  A_in[1]
  A_in[2]
  A_in[3]
  A_in[4]
  A_in[5]
  A_in[6]
  A_in[7]
  A_in[8]
  A_in[9]
  B_in[0]
  B_in[10]
  B_in[11]
  B_in[12]
  B_in[13]
  B_in[14]
  B_in[15]
  B_in[1]
  B_in[2]
  B_in[3]
  B_in[4]
  B_in[5]
  B_in[6]
  B_in[7]
  B_in[8]
  B_in[9]
  Op_Sel[0]
  Op_Sel[1]
  Start
  rst_n
Warning: There are 17 unconstrained endpoints.
  Done
  X_out[0]
  X_out[10]
  X_out[11]
  X_out[12]
  X_out[13]
  X_out[14]
  X_out[15]
  X_out[1]
  X_out[2]
  X_out[3]
  X_out[4]
  X_out[5]
  X_out[6]
  X_out[7]
  X_out[8]
  X_out[9]
