┏━━━━━━━━━━━━━━━━━━━━━━┳━━━━━━━━━━┳━━━━━━━━━━┳━━━━━━━━━━┳━━━━━━━━━━┳━━━━━━━━━━━┳━━━━━━━━━━┳━━━━━━━━━━━┳━━━━━━━━━━┳━━━━━━━━━━━┳━━━━━━━━━━┳━━━━━━━━━━━┳━━━━━━━━━━┓
┃                      ┃ Hold     ┃ Reg to   ┃          ┃          ┃ of which  ┃ Setup    ┃           ┃          ┃           ┃ of which ┃           ┃          ┃
┃                      ┃ Worst    ┃ Reg      ┃          ┃ Hold Vio ┃ reg to    ┃ Worst    ┃ Reg to    ┃ Setup    ┃ Setup Vio ┃ reg to   ┃ Max Cap   ┃ Max Slew ┃
┃ Corner/Group         ┃ Slack    ┃ Paths    ┃ Hold TNS ┃ Count    ┃ reg       ┃ Slack    ┃ Reg Paths ┃ TNS      ┃ Count     ┃ reg      ┃ Violatio… ┃ Violati… ┃
┡━━━━━━━━━━━━━━━━━━━━━━╇━━━━━━━━━━╇━━━━━━━━━━╇━━━━━━━━━━╇━━━━━━━━━━╇━━━━━━━━━━━╇━━━━━━━━━━╇━━━━━━━━━━━╇━━━━━━━━━━╇━━━━━━━━━━━╇━━━━━━━━━━╇━━━━━━━━━━━╇━━━━━━━━━━┩
│ Overall              │ 0.1261   │ 0.1261   │ 0.0000   │ 0        │ 0         │ -5.2070  │ -5.2070   │ -62.3800 │ 93        │ 93       │ 0         │ 0        │
│ nom_tt_025C_1v80     │ 0.2591   │ 0.2591   │ 0.0000   │ 0        │ 0         │ 4.8569   │ 4.8569    │ 0.0000   │ 0         │ 0        │ 0         │ 0        │
│ nom_ss_100C_1v60     │ 0.6321   │ 0.6321   │ 0.0000   │ 0        │ 0         │ -5.1096  │ -5.1096   │ -58.6791 │ 31        │ 31       │ 0         │ 0        │
│ nom_ff_n40C_1v95     │ 0.1270   │ 0.1270   │ 0.0000   │ 0        │ 0         │ 8.6457   │ 8.6457    │ 0.0000   │ 0         │ 0        │ 0         │ 0        │
│ min_tt_025C_1v80     │ 0.2579   │ 0.2579   │ 0.0000   │ 0        │ 0         │ 4.9335   │ 4.9335    │ 0.0000   │ 0         │ 0        │ 0         │ 0        │
│ min_ss_100C_1v60     │ 0.6299   │ 0.6299   │ 0.0000   │ 0        │ 0         │ -5.0092  │ -5.0092   │ -55.1808 │ 31        │ 31       │ 0         │ 0        │
│ min_ff_n40C_1v95     │ 0.1261   │ 0.1261   │ 0.0000   │ 0        │ 0         │ 8.7007   │ 8.7007    │ 0.0000   │ 0         │ 0        │ 0         │ 0        │
│ max_tt_025C_1v80     │ 0.2601   │ 0.2601   │ 0.0000   │ 0        │ 0         │ 4.7776   │ 4.7776    │ 0.0000   │ 0         │ 0        │ 0         │ 0        │
│ max_ss_100C_1v60     │ 0.6337   │ 0.6337   │ 0.0000   │ 0        │ 0         │ -5.2070  │ -5.2070   │ -62.3800 │ 31        │ 31       │ 0         │ 0        │
│ max_ff_n40C_1v95     │ 0.1277   │ 0.1277   │ 0.0000   │ 0        │ 0         │ 8.5886   │ 8.5886    │ 0.0000   │ 0         │ 0        │ 0         │ 0        │
└──────────────────────┴──────────┴──────────┴──────────┴──────────┴───────────┴──────────┴───────────┴──────────┴───────────┴──────────┴───────────┴──────────┘
