
===========================================================================
 report_power
============================================================================
======================= min_tt_025C_1v80 Corner ===================================

Group                    Internal    Switching      Leakage        Total
                            Power        Power        Power        Power (Watts)
------------------------------------------------------------------------
Sequential           5.368005e-05 3.095541e-05 1.267211e-09 8.463673e-05   2.4%
Combinational        1.620086e-03 1.829736e-03 5.219130e-09 3.449828e-03  96.9%
Clock                1.003462e-05 1.569728e-05 1.086140e-08 2.574277e-05   0.7%
Macro                0.000000e+00 0.000000e+00 0.000000e+00 0.000000e+00   0.0%
Pad                  0.000000e+00 0.000000e+00 0.000000e+00 0.000000e+00   0.0%
------------------------------------------------------------------------
Total                1.683800e-03 1.876389e-03 1.734778e-08 3.560207e-03 100.0%
                            47.3%        52.7%         0.0%

