
===========================================================================
report_checks -unconstrained
===========================================================================
======================= nom_tt_025C_1v80 Corner ===================================

Startpoint: _3302_ (rising edge-triggered flip-flop clocked by clk)
Endpoint: _3238_ (rising edge-triggered flip-flop clocked by clk)
Path Group: clk
Path Type: max

Fanout         Cap        Slew       Delay        Time   Description
---------------------------------------------------------------------------------------------
                                  0.000000    0.000000   clock clk (rise edge)
                                  0.000000    0.000000   clock source latency
     2    0.030799    0.000000    0.000000    0.000000 ^ clk (in)
                                                         clk (net)
                      0.001915    0.000958    0.000958 ^ clkbuf_0_clk/A (sky130_fd_sc_hd__clkbuf_16)
    17    0.135422    0.148287    0.192685    0.193643 ^ clkbuf_0_clk/X (sky130_fd_sc_hd__clkbuf_16)
                                                         clknet_0_clk (net)
                      0.148879    0.007513    0.201156 ^ clkbuf_3_0__f_clk/A (sky130_fd_sc_hd__clkbuf_16)
    25    0.082411    0.099323    0.208827    0.409983 ^ clkbuf_3_0__f_clk/X (sky130_fd_sc_hd__clkbuf_16)
                                                         clknet_3_0__leaf_clk (net)
                      0.099582    0.003652    0.413635 ^ _3302_/CLK (sky130_fd_sc_hd__dfrtp_4)
    15    0.046751    0.116961    0.563928    0.977563 v _3302_/Q (sky130_fd_sc_hd__dfrtp_4)
                                                         B_reg[12] (net)
                      0.117017    0.002364    0.979927 v _1910_/C (sky130_fd_sc_hd__and3_1)
     3    0.006430    0.052502    0.224668    1.204595 v _1910_/X (sky130_fd_sc_hd__and3_1)
                                                         _1175_ (net)
                      0.052502    0.000112    1.204708 v _2300_/B (sky130_fd_sc_hd__or4_1)
     4    0.009632    0.126398    0.559341    1.764049 v _2300_/X (sky130_fd_sc_hd__or4_1)
                                                         _1553_ (net)
                      0.126398    0.000267    1.764315 v _2304_/A2 (sky130_fd_sc_hd__a21o_1)
     3    0.007598    0.053823    0.226254    1.990569 v _2304_/X (sky130_fd_sc_hd__a21o_1)
                                                         _1557_ (net)
                      0.053823    0.000166    1.990735 v _2307_/A2 (sky130_fd_sc_hd__a21oi_1)
     3    0.011122    0.259741    0.256938    2.247674 ^ _2307_/Y (sky130_fd_sc_hd__a21oi_1)
                                                         _1560_ (net)
                      0.259741    0.000256    2.247930 ^ _2311_/B (sky130_fd_sc_hd__xor2_1)
     3    0.010833    0.254217    0.277580    2.525510 ^ _2311_/X (sky130_fd_sc_hd__xor2_1)
                                                         _1564_ (net)
                      0.254217    0.000314    2.525824 ^ _2313_/A2 (sky130_fd_sc_hd__a21o_1)
     4    0.011254    0.105623    0.206996    2.732820 ^ _2313_/X (sky130_fd_sc_hd__a21o_1)
                                                         _1566_ (net)
                      0.105623    0.000310    2.733130 ^ _2318_/A1 (sky130_fd_sc_hd__a21oi_1)
     3    0.011964    0.101317    0.122685    2.855814 v _2318_/Y (sky130_fd_sc_hd__a21oi_1)
                                                         _1571_ (net)
                      0.101317    0.000224    2.856039 v _2321_/B (sky130_fd_sc_hd__or3_1)
     3    0.008440    0.096522    0.401705    3.257744 v _2321_/X (sky130_fd_sc_hd__or3_1)
                                                         _1574_ (net)
                      0.096522    0.000182    3.257926 v _2326_/A1 (sky130_fd_sc_hd__a21o_1)
     4    0.010921    0.066166    0.207225    3.465151 v _2326_/X (sky130_fd_sc_hd__a21o_1)
                                                         _1579_ (net)
                      0.066166    0.000296    3.465448 v _2328_/C (sky130_fd_sc_hd__and3_1)
     2    0.005477    0.048215    0.196777    3.662225 v _2328_/X (sky130_fd_sc_hd__and3_1)
                                                         _1581_ (net)
                      0.048215    0.000155    3.662380 v _2330_/C (sky130_fd_sc_hd__or3_2)
     4    0.013092    0.110648    0.461755    4.124135 v _2330_/X (sky130_fd_sc_hd__or3_2)
                                                         _1583_ (net)
                      0.110648    0.000374    4.124509 v _2334_/A1 (sky130_fd_sc_hd__a21o_1)
     5    0.014620    0.081078    0.226315    4.350825 v _2334_/X (sky130_fd_sc_hd__a21o_1)
                                                         _1587_ (net)
                      0.081078    0.000298    4.351123 v _2338_/B (sky130_fd_sc_hd__and3_1)
     2    0.005529    0.048472    0.188462    4.539585 v _2338_/X (sky130_fd_sc_hd__and3_1)
                                                         _1591_ (net)
                      0.048472    0.000159    4.539743 v _2345_/C (sky130_fd_sc_hd__or3_1)
     3    0.008124    0.095644    0.344265    4.884008 v _2345_/X (sky130_fd_sc_hd__or3_1)
                                                         _1598_ (net)
                      0.095644    0.000187    4.884195 v _2347_/A1 (sky130_fd_sc_hd__a21o_1)
     4    0.011085    0.066782    0.207508    5.091703 v _2347_/X (sky130_fd_sc_hd__a21o_1)
                                                         _1600_ (net)
                      0.066782    0.000268    5.091971 v _2350_/C (sky130_fd_sc_hd__and3_1)
     2    0.006295    0.051869    0.201029    5.293000 v _2350_/X (sky130_fd_sc_hd__and3_1)
                                                         _1603_ (net)
                      0.051869    0.000225    5.293226 v _2352_/C (sky130_fd_sc_hd__or3_1)
     3    0.008240    0.096129    0.345847    5.639072 v _2352_/X (sky130_fd_sc_hd__or3_1)
                                                         _0106_ (net)
                      0.096129    0.000247    5.639319 v _2355_/A2 (sky130_fd_sc_hd__a21o_1)
     4    0.010101    0.062851    0.225523    5.864842 v _2355_/X (sky130_fd_sc_hd__a21o_1)
                                                         _0109_ (net)
                      0.062851    0.000222    5.865065 v _2362_/B (sky130_fd_sc_hd__and3_1)
     2    0.005530    0.048451    0.180233    6.045298 v _2362_/X (sky130_fd_sc_hd__and3_1)
                                                         _0116_ (net)
                      0.048451    0.000160    6.045458 v _2364_/C (sky130_fd_sc_hd__or3_1)
     3    0.007993    0.094817    0.343246    6.388704 v _2364_/X (sky130_fd_sc_hd__or3_1)
                                                         _0118_ (net)
                      0.094817    0.000195    6.388900 v _2366_/A2 (sky130_fd_sc_hd__a21o_1)
     4    0.011079    0.066749    0.228520    6.617420 v _2366_/X (sky130_fd_sc_hd__a21o_1)
                                                         _0120_ (net)
                      0.066749    0.000286    6.617705 v _2370_/B (sky130_fd_sc_hd__and3_1)
     2    0.005252    0.047228    0.180671    6.798376 v _2370_/X (sky130_fd_sc_hd__and3_1)
                                                         _0124_ (net)
                      0.047228    0.000118    6.798494 v _2372_/C (sky130_fd_sc_hd__or3_1)
     3    0.008914    0.098412    0.350058    7.148552 v _2372_/X (sky130_fd_sc_hd__or3_1)
                                                         _0126_ (net)
                      0.098412    0.000135    7.148688 v _2378_/A1 (sky130_fd_sc_hd__a21o_1)
     4    0.010403    0.064085    0.206240    7.354928 v _2378_/X (sky130_fd_sc_hd__a21o_1)
                                                         _0132_ (net)
                      0.064085    0.000147    7.355075 v _2383_/C (sky130_fd_sc_hd__and3_1)
     2    0.005703    0.049187    0.196958    7.552034 v _2383_/X (sky130_fd_sc_hd__and3_1)
                                                         _0137_ (net)
                      0.049187    0.000138    7.552172 v _2385_/C (sky130_fd_sc_hd__or3_1)
     3    0.008021    0.095022    0.343587    7.895758 v _2385_/X (sky130_fd_sc_hd__or3_1)
                                                         _0139_ (net)
                      0.095022    0.000243    7.896001 v _2387_/A1 (sky130_fd_sc_hd__a21o_1)
     4    0.011535    0.068570    0.208878    8.104879 v _2387_/X (sky130_fd_sc_hd__a21o_1)
                                                         _0141_ (net)
                      0.068570    0.000194    8.105073 v _2390_/B (sky130_fd_sc_hd__and3_1)
     3    0.009159    0.063555    0.200168    8.305242 v _2390_/X (sky130_fd_sc_hd__and3_1)
                                                         _0144_ (net)
                      0.063555    0.000227    8.305469 v _2392_/C (sky130_fd_sc_hd__or3_1)
     3    0.007574    0.092203    0.344587    8.650056 v _2392_/X (sky130_fd_sc_hd__or3_1)
                                                         _0146_ (net)
                      0.092203    0.000132    8.650188 v _2397_/A1 (sky130_fd_sc_hd__a21o_1)
     4    0.011194    0.067195    0.206469    8.856657 v _2397_/X (sky130_fd_sc_hd__a21o_1)
                                                         _0151_ (net)
                      0.067195    0.000269    8.856926 v _2406_/B (sky130_fd_sc_hd__and3_1)
     2    0.005498    0.048297    0.182045    9.038972 v _2406_/X (sky130_fd_sc_hd__and3_1)
                                                         _0160_ (net)
                      0.048297    0.000120    9.039091 v _2408_/C (sky130_fd_sc_hd__or3_1)
     3    0.008231    0.095990    0.345066    9.384158 v _2408_/X (sky130_fd_sc_hd__or3_1)
                                                         _0162_ (net)
                      0.095990    0.000136    9.384294 v _2410_/A2 (sky130_fd_sc_hd__a21o_1)
     3    0.007187    0.051936    0.212451    9.596745 v _2410_/X (sky130_fd_sc_hd__a21o_1)
                                                         _0164_ (net)
                      0.051936    0.000247    9.596992 v _2413_/C (sky130_fd_sc_hd__and3_1)
     2    0.005283    0.047351    0.189391    9.786383 v _2413_/X (sky130_fd_sc_hd__and3_1)
                                                         _0167_ (net)
                      0.047351    0.000107    9.786489 v _2415_/C (sky130_fd_sc_hd__or3_1)
     3    0.007479    0.091560    0.339043   10.125532 v _2415_/X (sky130_fd_sc_hd__or3_1)
                                                         _0169_ (net)
                      0.091560    0.000248   10.125779 v _2420_/A1 (sky130_fd_sc_hd__a21o_1)
     4    0.012092    0.070789    0.209458   10.335238 v _2420_/X (sky130_fd_sc_hd__a21o_1)
                                                         _0174_ (net)
                      0.070789    0.000164   10.335402 v _2428_/A1 (sky130_fd_sc_hd__a21bo_1)
     1    0.004811    0.043033    0.181895   10.517297 v _2428_/X (sky130_fd_sc_hd__a21bo_1)
                                                         _0180_ (net)
                      0.043064    0.000115   10.517411 v _2429_/B (sky130_fd_sc_hd__xor2_1)
     1    0.002419    0.066645    0.133038   10.650450 v _2429_/X (sky130_fd_sc_hd__xor2_1)
                                                         _0181_ (net)
                      0.066645    0.000052   10.650502 v _2430_/A1 (sky130_fd_sc_hd__mux2_1)
     1    0.002554    0.053626    0.292135   10.942637 v _2430_/X (sky130_fd_sc_hd__mux2_1)
                                                         _0025_ (net)
                      0.053626    0.000055   10.942693 v _3238_/D (sky130_fd_sc_hd__dfrtp_4)
                                             10.942693   data arrival time

                                120.000000  120.000000   clock clk (rise edge)
                                  0.000000  120.000000   clock source latency
     2    0.030799    0.000000    0.000000  120.000000 ^ clk (in)
                                                         clk (net)
                      0.001915    0.000952  120.000954 ^ clkbuf_0_clk/A (sky130_fd_sc_hd__clkbuf_16)
    17    0.135422    0.148287    0.192685  120.193634 ^ clkbuf_0_clk/X (sky130_fd_sc_hd__clkbuf_16)
                                                         clknet_0_clk (net)
                      0.148794    0.006978  120.200615 ^ clkbuf_3_3__f_clk/A (sky130_fd_sc_hd__clkbuf_16)
    35    0.089375    0.105872    0.214087  120.414703 ^ clkbuf_3_3__f_clk/X (sky130_fd_sc_hd__clkbuf_16)
                                                         clknet_3_3__leaf_clk (net)
                      0.105926    0.002217  120.416916 ^ _3238_/CLK (sky130_fd_sc_hd__dfrtp_4)
                                 -0.100000  120.316917   clock uncertainty
                                  0.000000  120.316917   clock reconvergence pessimism
                                 -0.104083  120.212837   library setup time
                                            120.212837   data required time
---------------------------------------------------------------------------------------------
                                            120.212837   data required time
                                            -10.942693   data arrival time
---------------------------------------------------------------------------------------------
                                            109.270142   slack (MET)




===========================================================================
report_checks --slack_max -0.01
============================================================================
======================= nom_tt_025C_1v80 Corner ===================================

No paths found.


===========================================================================
 report_check_types -max_slew -max_cap -max_fanout -violators
============================================================================
======================= nom_tt_025C_1v80 Corner ===================================



===========================================================================
report_parasitic_annotation -report_unannotated
============================================================================
Found 7 unannotated drivers.
 clkload0/Y
 clkload1/Y
 clkload2/Y
 clkload3/Y
 clkload4/Y
 clkload5/Y
 clkload6/Y
Found 0 partially unannotated drivers.

===========================================================================
max slew violation count 0
Writing metric design__max_slew_violation__count__corner:nom_tt_025C_1v80: 0
max fanout violation count 0
Writing metric design__max_fanout_violation__count__corner:nom_tt_025C_1v80: 0
max cap violation count 0
Writing metric design__max_cap_violation__count__corner:nom_tt_025C_1v80: 0
============================================================================

===========================================================================
check_setup -verbose -unconstrained_endpoints -multiple_clock -no_clock -no_input_delay -loops -generated_clocks
===========================================================================
Warning: There are 36 input ports missing set_input_delay.
  A_in[0]
  A_in[10]
  A_in[11]
  A_in[12]
  A_in[13]
  A_in[14]
  A_in[15]
  A_in[1]
  A_in[2]
  A_in[3]
  A_in[4]
  A_in[5]
  A_in[6]
  A_in[7]
  A_in[8]
  A_in[9]
  B_in[0]
  B_in[10]
  B_in[11]
  B_in[12]
  B_in[13]
  B_in[14]
  B_in[15]
  B_in[1]
  B_in[2]
  B_in[3]
  B_in[4]
  B_in[5]
  B_in[6]
  B_in[7]
  B_in[8]
  B_in[9]
  Op_Sel[0]
  Op_Sel[1]
  Start
  rst_n
Warning: There are 17 unconstrained endpoints.
  Done
  X_out[0]
  X_out[10]
  X_out[11]
  X_out[12]
  X_out[13]
  X_out[14]
  X_out[15]
  X_out[1]
  X_out[2]
  X_out[3]
  X_out[4]
  X_out[5]
  X_out[6]
  X_out[7]
  X_out[8]
  X_out[9]
