
===========================================================================
 report_power
============================================================================
======================= nom_tt_025C_1v80 Corner ===================================

Group                    Internal    Switching      Leakage        Total
                            Power        Power        Power        Power (Watts)
------------------------------------------------------------------------
Sequential           5.364058e-05 3.015947e-05 1.267211e-09 8.380131e-05   2.4%
Combinational        1.621751e-03 1.835143e-03 5.219130e-09 3.456900e-03  97.0%
Clock                1.003561e-05 1.477055e-05 1.144395e-09 2.480730e-05   0.7%
Macro                0.000000e+00 0.000000e+00 0.000000e+00 0.000000e+00   0.0%
Pad                  0.000000e+00 0.000000e+00 0.000000e+00 0.000000e+00   0.0%
------------------------------------------------------------------------
Total                1.685426e-03 1.880073e-03 7.630691e-09 3.565507e-03 100.0%
                            47.3%        52.7%         0.0%
Writing metric power__internal__total: 0.0016854264540597796
Writing metric power__switching__total: 0.0018800731049850583
Writing metric power__leakage__total: 7.630690745941138e-9
Writing metric power__total: 0.0035655072424560785

