
===========================================================================
 report_power
============================================================================
======================= max_ff_n40C_1v95 Corner ===================================

Group                    Internal    Switching      Leakage        Total
                            Power        Power        Power        Power (Watts)
------------------------------------------------------------------------
Sequential           9.327030e-04 5.721176e-04 2.369300e-09 1.504823e-03   1.9%
Combinational        3.593164e-02 3.948753e-02 1.298011e-08 7.541919e-02  97.5%
Clock                1.721427e-04 2.947102e-04 1.330571e-08 4.668662e-04   0.6%
Macro                0.000000e+00 0.000000e+00 0.000000e+00 0.000000e+00   0.0%
Pad                  0.000000e+00 0.000000e+00 0.000000e+00 0.000000e+00   0.0%
------------------------------------------------------------------------
Total                3.703647e-02 4.035436e-02 2.865513e-08 7.739086e-02 100.0%
                            47.9%        52.1%         0.0%

