
===========================================================================
report_checks -unconstrained
===========================================================================
======================= max_tt_025C_1v80 Corner ===================================

Startpoint: _3302_ (rising edge-triggered flip-flop clocked by clk)
Endpoint: _3237_ (rising edge-triggered flip-flop clocked by clk)
Path Group: clk
Path Type: max

Fanout         Cap        Slew       Delay        Time   Description
---------------------------------------------------------------------------------------------
                                  0.000000    0.000000   clock clk (rise edge)
                                  0.000000    0.000000   clock source latency
     2    0.042136    0.000000    0.000000    0.000000 ^ clk (in)
                                                         clk (net)
                      0.003033    0.001516    0.001516 ^ clkbuf_0_clk/A (sky130_fd_sc_hd__clkbuf_16)
    17    0.173206    0.185376    0.214307    0.215823 ^ clkbuf_0_clk/X (sky130_fd_sc_hd__clkbuf_16)
                                                         clknet_0_clk (net)
                      0.187440    0.015638    0.231461 ^ clkbuf_3_0__f_clk/A (sky130_fd_sc_hd__clkbuf_16)
    25    0.099188    0.116248    0.231725    0.463186 ^ clkbuf_3_0__f_clk/X (sky130_fd_sc_hd__clkbuf_16)
                                                         clknet_3_0__leaf_clk (net)
                      0.116851    0.006339    0.469525 ^ _3302_/CLK (sky130_fd_sc_hd__dfrtp_4)
     6    0.025787    0.087106    0.534406    1.003931 v _3302_/Q (sky130_fd_sc_hd__dfrtp_4)
                                                         B_reg[12] (net)
                      0.087162    0.002493    1.006424 v _1910_/C (sky130_fd_sc_hd__and3_1)
     3    0.007374    0.056987    0.215427    1.221851 v _1910_/X (sky130_fd_sc_hd__and3_1)
                                                         _1175_ (net)
                      0.056991    0.000503    1.222354 v _2300_/A (sky130_fd_sc_hd__or4_4)
     4    0.009479    0.093224    0.547593    1.769948 v _2300_/X (sky130_fd_sc_hd__or4_4)
                                                         _1553_ (net)
                      0.093224    0.000538    1.770486 v _2304_/A1 (sky130_fd_sc_hd__a21o_1)
     3    0.007660    0.054161    0.192408    1.962893 v _2304_/X (sky130_fd_sc_hd__a21o_1)
                                                         _1557_ (net)
                      0.054164    0.000430    1.963323 v _2307_/A2 (sky130_fd_sc_hd__a21oi_1)
     3    0.010738    0.252400    0.251587    2.214910 ^ _2307_/Y (sky130_fd_sc_hd__a21oi_1)
                                                         _1560_ (net)
                      0.252401    0.000379    2.215289 ^ _2311_/B (sky130_fd_sc_hd__xor2_1)
     3    0.011802    0.271984    0.289466    2.504755 ^ _2311_/X (sky130_fd_sc_hd__xor2_1)
                                                         _1564_ (net)
                      0.271987    0.000774    2.505529 ^ _2313_/A2 (sky130_fd_sc_hd__a21o_1)
     4    0.011071    0.104236    0.209693    2.715222 ^ _2313_/X (sky130_fd_sc_hd__a21o_1)
                                                         _1566_ (net)
                      0.104237    0.000594    2.715816 ^ _2318_/A1 (sky130_fd_sc_hd__a21oi_1)
     3    0.011612    0.099618    0.120223    2.836040 v _2318_/Y (sky130_fd_sc_hd__a21oi_1)
                                                         _1571_ (net)
                      0.099620    0.000638    2.836677 v _2321_/B (sky130_fd_sc_hd__or3_4)
     2    0.007120    0.070120    0.387308    3.223986 v _2321_/X (sky130_fd_sc_hd__or3_4)
                                                         _1574_ (net)
                      0.070120    0.000433    3.224419 v _2326_/A1 (sky130_fd_sc_hd__a21o_1)
     4    0.011171    0.067281    0.196945    3.421363 v _2326_/X (sky130_fd_sc_hd__a21o_1)
                                                         _1579_ (net)
                      0.067294    0.000917    3.422280 v rebuffer9/A (sky130_fd_sc_hd__buf_1)
     1    0.002398    0.024666    0.095019    3.517299 v rebuffer9/X (sky130_fd_sc_hd__buf_1)
                                                         net62 (net)
                      0.024666    0.000111    3.517411 v _2327_/A2 (sky130_fd_sc_hd__a21oi_1)
     3    0.012132    0.278999    0.258368    3.775779 ^ _2327_/Y (sky130_fd_sc_hd__a21oi_1)
                                                         _1580_ (net)
                      0.279001    0.000697    3.776475 ^ _2331_/B (sky130_fd_sc_hd__xnor2_1)
     3    0.013461    0.325666    0.236850    4.013325 ^ _2331_/Y (sky130_fd_sc_hd__xnor2_1)
                                                         _1584_ (net)
                      0.325668    0.000690    4.014015 ^ _2334_/A2 (sky130_fd_sc_hd__a21o_1)
     3    0.007505    0.076376    0.195705    4.209720 ^ _2334_/X (sky130_fd_sc_hd__a21o_1)
                                                         _1587_ (net)
                      0.076377    0.000450    4.210171 ^ _2337_/A1 (sky130_fd_sc_hd__a21oi_1)
     3    0.011719    0.102812    0.111117    4.321288 v _2337_/Y (sky130_fd_sc_hd__a21oi_1)
                                                         _1590_ (net)
                      0.102816    0.000759    4.322047 v _2345_/B (sky130_fd_sc_hd__or3_4)
     3    0.008472    0.072251    0.392600    4.714647 v _2345_/X (sky130_fd_sc_hd__or3_4)
                                                         _1598_ (net)
                      0.072251    0.000326    4.714972 v _2347_/A1 (sky130_fd_sc_hd__a21o_1)
     4    0.011879    0.070125    0.200374    4.915346 v _2347_/X (sky130_fd_sc_hd__a21o_1)
                                                         _1600_ (net)
                      0.070138    0.000930    4.916276 v _2348_/A2 (sky130_fd_sc_hd__a21oi_1)
     3    0.014317    0.320925    0.308186    5.224463 ^ _2348_/Y (sky130_fd_sc_hd__a21oi_1)
                                                         _1601_ (net)
                      0.320929    0.000911    5.225373 ^ _2349_/B (sky130_fd_sc_hd__xnor2_1)
     3    0.011858    0.293562    0.228713    5.454086 ^ _2349_/Y (sky130_fd_sc_hd__xnor2_1)
                                                         _1602_ (net)
                      0.293564    0.000659    5.454745 ^ _2355_/A2 (sky130_fd_sc_hd__a21o_1)
     4    0.011403    0.107080    0.215258    5.670004 ^ _2355_/X (sky130_fd_sc_hd__a21o_1)
                                                         _0109_ (net)
                      0.107082    0.000630    5.670633 ^ _2360_/A1 (sky130_fd_sc_hd__a21oi_1)
     3    0.011567    0.101689    0.120901    5.791534 v _2360_/Y (sky130_fd_sc_hd__a21oi_1)
                                                         _0114_ (net)
                      0.101733    0.000739    5.792274 v _2364_/B (sky130_fd_sc_hd__or3_4)
     3    0.008490    0.072313    0.392188    6.184462 v _2364_/X (sky130_fd_sc_hd__or3_4)
                                                         _0118_ (net)
                      0.072313    0.000579    6.185040 v _2366_/A1 (sky130_fd_sc_hd__a21o_1)
     4    0.010808    0.065770    0.196684    6.381724 v _2366_/X (sky130_fd_sc_hd__a21o_1)
                                                         _0120_ (net)
                      0.065776    0.000692    6.382417 v _2369_/A1 (sky130_fd_sc_hd__a21oi_1)
     3    0.011654    0.269882    0.250145    6.632561 ^ _2369_/Y (sky130_fd_sc_hd__a21oi_1)
                                                         _0123_ (net)
                      0.269884    0.000679    6.633241 ^ _2373_/B (sky130_fd_sc_hd__xnor2_1)
     4    0.012606    0.308603    0.228849    6.862090 ^ _2373_/Y (sky130_fd_sc_hd__xnor2_1)
                                                         _0127_ (net)
                      0.308604    0.000371    6.862461 ^ _2378_/A2 (sky130_fd_sc_hd__a21o_1)
     4    0.011347    0.106703    0.216701    7.079162 ^ _2378_/X (sky130_fd_sc_hd__a21o_1)
                                                         _0132_ (net)
                      0.106706    0.000745    7.079907 ^ _2382_/A2 (sky130_fd_sc_hd__a21oi_1)
     3    0.012661    0.109343    0.129380    7.209287 v _2382_/Y (sky130_fd_sc_hd__a21oi_1)
                                                         _0136_ (net)
                      0.109390    0.000847    7.210135 v _2385_/B (sky130_fd_sc_hd__or3_4)
     3    0.008435    0.072225    0.394877    7.605012 v _2385_/X (sky130_fd_sc_hd__or3_4)
                                                         _0139_ (net)
                      0.072225    0.000429    7.605441 v _2387_/A1 (sky130_fd_sc_hd__a21o_1)
     4    0.012761    0.073644    0.203596    7.809037 v _2387_/X (sky130_fd_sc_hd__a21o_1)
                                                         _0141_ (net)
                      0.073644    0.000392    7.809429 v _2390_/A (sky130_fd_sc_hd__and3_1)
     3    0.012748    0.078404    0.194952    8.004380 v _2390_/X (sky130_fd_sc_hd__and3_1)
                                                         _0144_ (net)
                      0.078406    0.000553    8.004933 v _2392_/C (sky130_fd_sc_hd__or3_4)
     3    0.007113    0.070074    0.341238    8.346172 v _2392_/X (sky130_fd_sc_hd__or3_4)
                                                         _0146_ (net)
                      0.070074    0.000402    8.346575 v _2397_/A1 (sky130_fd_sc_hd__a21o_1)
     4    0.011059    0.066747    0.196708    8.543282 v _2397_/X (sky130_fd_sc_hd__a21o_1)
                                                         _0151_ (net)
                      0.066750    0.000516    8.543797 v _2406_/A (sky130_fd_sc_hd__and3_1)
     2    0.006746    0.054011    0.167368    8.711166 v _2406_/X (sky130_fd_sc_hd__and3_1)
                                                         _0160_ (net)
                      0.054013    0.000388    8.711555 v _2408_/C (sky130_fd_sc_hd__or3_4)
     3    0.007363    0.070500    0.333889    9.045444 v _2408_/X (sky130_fd_sc_hd__or3_4)
                                                         _0162_ (net)
                      0.070500    0.000346    9.045790 v _2410_/A1 (sky130_fd_sc_hd__a21o_1)
     3    0.007633    0.054073    0.182881    9.228671 v _2410_/X (sky130_fd_sc_hd__a21o_1)
                                                         _0164_ (net)
                      0.054075    0.000420    9.229092 v _2413_/A (sky130_fd_sc_hd__and3_1)
     2    0.006310    0.052007    0.159709    9.388801 v _2413_/X (sky130_fd_sc_hd__and3_1)
                                                         _0167_ (net)
                      0.052008    0.000339    9.389139 v _2415_/C (sky130_fd_sc_hd__or3_4)
     3    0.006833    0.069726    0.331696    9.720836 v _2415_/X (sky130_fd_sc_hd__or3_4)
                                                         _0169_ (net)
                      0.069726    0.000366    9.721202 v _2420_/A1 (sky130_fd_sc_hd__a21o_1)
     4    0.012230    0.071495    0.200657    9.921859 v _2420_/X (sky130_fd_sc_hd__a21o_1)
                                                         _0174_ (net)
                      0.071499    0.000622    9.922481 v _2423_/A1 (sky130_fd_sc_hd__a21o_1)
     2    0.008915    0.058920    0.189019   10.111500 v _2423_/X (sky130_fd_sc_hd__a21o_1)
                                                         _0177_ (net)
                      0.058926    0.000632   10.112132 v _2426_/B (sky130_fd_sc_hd__xnor2_1)
     1    0.003422    0.056969    0.126660   10.238792 v _2426_/Y (sky130_fd_sc_hd__xnor2_1)
                                                         _0179_ (net)
                      0.056969    0.000146   10.238938 v _2427_/A1 (sky130_fd_sc_hd__mux2_4)
     1    0.003027    0.048163    0.255071   10.494009 v _2427_/X (sky130_fd_sc_hd__mux2_4)
                                                         _0024_ (net)
                      0.048163    0.000198   10.494206 v _3237_/D (sky130_fd_sc_hd__dfrtp_4)
                                             10.494206   data arrival time

                                 15.000000   15.000000   clock clk (rise edge)
                                  0.000000   15.000000   clock source latency
     2    0.042136    0.000000    0.000000   15.000000 ^ clk (in)
                                                         clk (net)
                      0.003033    0.001517   15.001517 ^ clkbuf_0_clk/A (sky130_fd_sc_hd__clkbuf_16)
    17    0.173206    0.185376    0.214307   15.215824 ^ clkbuf_0_clk/X (sky130_fd_sc_hd__clkbuf_16)
                                                         clknet_0_clk (net)
                      0.187298    0.015103   15.230927 ^ clkbuf_3_3__f_clk/A (sky130_fd_sc_hd__clkbuf_16)
    35    0.101825    0.119030    0.232191   15.463118 ^ clkbuf_3_3__f_clk/X (sky130_fd_sc_hd__clkbuf_16)
                                                         clknet_3_3__leaf_clk (net)
                      0.119714    0.007290   15.470407 ^ _3237_/CLK (sky130_fd_sc_hd__dfrtp_4)
                                 -0.100000   15.370408   clock uncertainty
                                  0.000000   15.370408   clock reconvergence pessimism
                                 -0.098552   15.271855   library setup time
                                             15.271855   data required time
---------------------------------------------------------------------------------------------
                                             15.271855   data required time
                                            -10.494206   data arrival time
---------------------------------------------------------------------------------------------
                                              4.777648   slack (MET)




===========================================================================
report_checks --slack_max -0.01
============================================================================
======================= max_tt_025C_1v80 Corner ===================================

No paths found.


===========================================================================
 report_check_types -max_slew -max_cap -max_fanout -violators
============================================================================
======================= max_tt_025C_1v80 Corner ===================================



===========================================================================
report_parasitic_annotation -report_unannotated
============================================================================
Found 7 unannotated drivers.
 clkload0/Y
 clkload1/Y
 clkload2/Y
 clkload3/Y
 clkload4/Y
 clkload5/Y
 clkload6/Y
Found 0 partially unannotated drivers.

===========================================================================
max slew violation count 0
max fanout violation count 0
max cap violation count 0
============================================================================

===========================================================================
check_setup -verbose -unconstrained_endpoints -multiple_clock -no_clock -no_input_delay -loops -generated_clocks
===========================================================================
Warning: There are 36 input ports missing set_input_delay.
  A_in[0]
  A_in[10]
  A_in[11]
  A_in[12]
  A_in[13]
  A_in[14]
  A_in[15]
  A_in[1]
  A_in[2]
  A_in[3]
  A_in[4]
  A_in[5]
  A_in[6]
  A_in[7]
  A_in[8]
  A_in[9]
  B_in[0]
  B_in[10]
  B_in[11]
  B_in[12]
  B_in[13]
  B_in[14]
  B_in[15]
  B_in[1]
  B_in[2]
  B_in[3]
  B_in[4]
  B_in[5]
  B_in[6]
  B_in[7]
  B_in[8]
  B_in[9]
  Op_Sel[0]
  Op_Sel[1]
  Start
  rst_n
Warning: There are 17 unconstrained endpoints.
  Done
  X_out[0]
  X_out[10]
  X_out[11]
  X_out[12]
  X_out[13]
  X_out[14]
  X_out[15]
  X_out[1]
  X_out[2]
  X_out[3]
  X_out[4]
  X_out[5]
  X_out[6]
  X_out[7]
  X_out[8]
  X_out[9]
