
===========================================================================
 report_power
============================================================================
======================= min_tt_025C_1v80 Corner ===================================

Group                    Internal    Switching      Leakage        Total
                            Power        Power        Power        Power (Watts)
------------------------------------------------------------------------
Sequential           1.933127e-03 1.099322e-03 1.267211e-09 3.032450e-03   1.7%
Combinational        9.157833e-02 8.094577e-02 7.098944e-09 1.725241e-01  97.8%
Clock                3.611427e-04 5.685538e-04 1.076092e-08 9.297073e-04   0.5%
Macro                0.000000e+00 0.000000e+00 0.000000e+00 0.000000e+00   0.0%
Pad                  0.000000e+00 0.000000e+00 0.000000e+00 0.000000e+00   0.0%
------------------------------------------------------------------------
Total                9.387262e-02 8.261366e-02 1.912713e-08 1.764863e-01 100.0%
                            53.2%        46.8%         0.0%

