
===========================================================================
report_checks -unconstrained
===========================================================================
======================= nom_ff_n40C_1v95 Corner ===================================

Startpoint: _3302_ (rising edge-triggered flip-flop clocked by clk)
Endpoint: _3237_ (rising edge-triggered flip-flop clocked by clk)
Path Group: clk
Path Type: max

Fanout         Cap        Slew       Delay        Time   Description
---------------------------------------------------------------------------------------------
                                  0.000000    0.000000   clock clk (rise edge)
                                  0.000000    0.000000   clock source latency
     2    0.041840    0.000000    0.000000    0.000000 ^ clk (in)
                                                         clk (net)
                      0.002233    0.001116    0.001116 ^ clkbuf_0_clk/A (sky130_fd_sc_hd__clkbuf_16)
    17    0.163969    0.136136    0.152379    0.153496 ^ clkbuf_0_clk/X (sky130_fd_sc_hd__clkbuf_16)
                                                         clknet_0_clk (net)
                      0.136802    0.007647    0.161143 ^ clkbuf_3_0__f_clk/A (sky130_fd_sc_hd__clkbuf_16)
    25    0.091125    0.083190    0.151063    0.312206 ^ clkbuf_3_0__f_clk/X (sky130_fd_sc_hd__clkbuf_16)
                                                         clknet_3_0__leaf_clk (net)
                      0.083453    0.003725    0.315931 ^ _3302_/CLK (sky130_fd_sc_hd__dfrtp_4)
    15    0.049800    0.086237    0.360348    0.676279 v _3302_/Q (sky130_fd_sc_hd__dfrtp_4)
                                                         B_reg[12] (net)
                      0.086315    0.002340    0.678619 v _1910_/C (sky130_fd_sc_hd__and3_1)
     3    0.006234    0.037274    0.145080    0.823699 v _1910_/X (sky130_fd_sc_hd__and3_1)
                                                         _1175_ (net)
                      0.037274    0.000098    0.823797 v _2300_/B (sky130_fd_sc_hd__or4_1)
     4    0.009992    0.084394    0.323140    1.146936 v _2300_/X (sky130_fd_sc_hd__or4_1)
                                                         _1553_ (net)
                      0.084394    0.000214    1.147150 v _2304_/A2 (sky130_fd_sc_hd__a21o_1)
     3    0.007618    0.038176    0.144822    1.291972 v _2304_/X (sky130_fd_sc_hd__a21o_1)
                                                         _1557_ (net)
                      0.038176    0.000181    1.292153 v _2307_/A2 (sky130_fd_sc_hd__a21oi_1)
     3    0.010127    0.175519    0.170322    1.462474 ^ _2307_/Y (sky130_fd_sc_hd__a21oi_1)
                                                         _1560_ (net)
                      0.175519    0.000161    1.462635 ^ _2311_/B (sky130_fd_sc_hd__xor2_1)
     3    0.010969    0.185417    0.170796    1.633431 ^ _2311_/X (sky130_fd_sc_hd__xor2_1)
                                                         _1564_ (net)
                      0.185418    0.000308    1.633738 ^ _2313_/A2 (sky130_fd_sc_hd__a21o_1)
     4    0.010848    0.076607    0.120709    1.754448 ^ _2313_/X (sky130_fd_sc_hd__a21o_1)
                                                         _1566_ (net)
                      0.076607    0.000247    1.754695 ^ _2318_/A1 (sky130_fd_sc_hd__a21oi_1)
     3    0.011129    0.063541    0.069113    1.823808 v _2318_/Y (sky130_fd_sc_hd__a21oi_1)
                                                         _1571_ (net)
                      0.063563    0.000239    1.824048 v _2321_/B (sky130_fd_sc_hd__or3_1)
     3    0.009015    0.067000    0.234225    2.058273 v _2321_/X (sky130_fd_sc_hd__or3_1)
                                                         _1574_ (net)
                      0.067000    0.000279    2.058552 v _2326_/A1 (sky130_fd_sc_hd__a21o_1)
     4    0.011360    0.048068    0.134696    2.193249 v _2326_/X (sky130_fd_sc_hd__a21o_1)
                                                         _1579_ (net)
                      0.048070    0.000341    2.193589 v _2328_/C (sky130_fd_sc_hd__and3_1)
     2    0.004705    0.033041    0.124121    2.317711 v _2328_/X (sky130_fd_sc_hd__and3_1)
                                                         _1581_ (net)
                      0.033041    0.000117    2.317827 v _2330_/C (sky130_fd_sc_hd__or3_2)
     4    0.014287    0.076798    0.265717    2.583544 v _2330_/X (sky130_fd_sc_hd__or3_2)
                                                         _1583_ (net)
                      0.076816    0.000489    2.584033 v _2334_/A1 (sky130_fd_sc_hd__a21o_1)
     5    0.016281    0.061819    0.150260    2.734293 v _2334_/X (sky130_fd_sc_hd__a21o_1)
                                                         _1587_ (net)
                      0.061820    0.000355    2.734648 v _2338_/B (sky130_fd_sc_hd__and3_1)
     2    0.006530    0.038185    0.125460    2.860108 v _2338_/X (sky130_fd_sc_hd__and3_1)
                                                         _1591_ (net)
                      0.038185    0.000162    2.860270 v _2345_/C (sky130_fd_sc_hd__or3_1)
     3    0.008391    0.064286    0.199900    3.060170 v _2345_/X (sky130_fd_sc_hd__or3_1)
                                                         _1598_ (net)
                      0.064286    0.000159    3.060329 v _2347_/A1 (sky130_fd_sc_hd__a21o_1)
     4    0.011644    0.048844    0.134404    3.194733 v _2347_/X (sky130_fd_sc_hd__a21o_1)
                                                         _1600_ (net)
                      0.048846    0.000347    3.195080 v _2350_/C (sky130_fd_sc_hd__and3_1)
     2    0.006938    0.039432    0.131850    3.326930 v _2350_/X (sky130_fd_sc_hd__and3_1)
                                                         _1603_ (net)
                      0.039432    0.000206    3.327136 v _2352_/C (sky130_fd_sc_hd__or3_1)
     3    0.009424    0.068801    0.205108    3.532244 v _2352_/X (sky130_fd_sc_hd__or3_1)
                                                         _0106_ (net)
                      0.068801    0.000262    3.532506 v _2355_/A2 (sky130_fd_sc_hd__a21o_1)
     4    0.010648    0.046261    0.148978    3.681483 v _2355_/X (sky130_fd_sc_hd__a21o_1)
                                                         _0109_ (net)
                      0.046262    0.000336    3.681820 v _2362_/B (sky130_fd_sc_hd__and3_1)
     2    0.006119    0.036976    0.117839    3.799659 v _2362_/X (sky130_fd_sc_hd__and3_1)
                                                         _0116_ (net)
                      0.036976    0.000167    3.799826 v _2364_/C (sky130_fd_sc_hd__or3_1)
     3    0.007802    0.061885    0.196689    3.996515 v _2364_/X (sky130_fd_sc_hd__or3_1)
                                                         _0118_ (net)
                      0.061885    0.000228    3.996743 v _2366_/A2 (sky130_fd_sc_hd__a21o_1)
     4    0.010458    0.045935    0.145998    4.142741 v _2366_/X (sky130_fd_sc_hd__a21o_1)
                                                         _0120_ (net)
                      0.045936    0.000291    4.143033 v _2370_/B (sky130_fd_sc_hd__and3_1)
     2    0.004621    0.032806    0.112767    4.255800 v _2370_/X (sky130_fd_sc_hd__and3_1)
                                                         _0124_ (net)
                      0.032806    0.000087    4.255887 v _2372_/C (sky130_fd_sc_hd__or3_1)
     3    0.008772    0.065917    0.200239    4.456126 v _2372_/X (sky130_fd_sc_hd__or3_1)
                                                         _0126_ (net)
                      0.065917    0.000184    4.456310 v _2378_/A1 (sky130_fd_sc_hd__a21o_1)
     4    0.011060    0.047235    0.133623    4.589933 v _2378_/X (sky130_fd_sc_hd__a21o_1)
                                                         _0132_ (net)
                      0.047236    0.000242    4.590176 v _2383_/C (sky130_fd_sc_hd__and3_1)
     2    0.007397    0.040817    0.132789    4.722965 v _2383_/X (sky130_fd_sc_hd__and3_1)
                                                         _0137_ (net)
                      0.040818    0.000211    4.723176 v _2385_/C (sky130_fd_sc_hd__or3_1)
     3    0.008321    0.064001    0.200273    4.923449 v _2385_/X (sky130_fd_sc_hd__or3_1)
                                                         _0139_ (net)
                      0.064001    0.000181    4.923630 v _2387_/A1 (sky130_fd_sc_hd__a21o_1)
     4    0.012669    0.051656    0.136828    5.060458 v _2387_/X (sky130_fd_sc_hd__a21o_1)
                                                         _0141_ (net)
                      0.051656    0.000189    5.060647 v _2390_/B (sky130_fd_sc_hd__and3_1)
     3    0.010333    0.048674    0.133717    5.194363 v _2390_/X (sky130_fd_sc_hd__and3_1)
                                                         _0144_ (net)
                      0.048675    0.000306    5.194669 v _2392_/C (sky130_fd_sc_hd__or3_1)
     3    0.006992    0.058676    0.196030    5.390699 v _2392_/X (sky130_fd_sc_hd__or3_1)
                                                         _0146_ (net)
                      0.058676    0.000167    5.390866 v _2397_/A1 (sky130_fd_sc_hd__a21o_1)
     4    0.011171    0.047521    0.131235    5.522101 v _2397_/X (sky130_fd_sc_hd__a21o_1)
                                                         _0151_ (net)
                      0.047521    0.000215    5.522316 v _2406_/B (sky130_fd_sc_hd__and3_1)
     2    0.005806    0.036079    0.117291    5.639607 v _2406_/X (sky130_fd_sc_hd__and3_1)
                                                         _0160_ (net)
                      0.036079    0.000143    5.639751 v _2408_/C (sky130_fd_sc_hd__or3_1)
     3    0.008147    0.063250    0.198149    5.837900 v _2408_/X (sky130_fd_sc_hd__or3_1)
                                                         _0162_ (net)
                      0.063250    0.000156    5.838057 v _2410_/A2 (sky130_fd_sc_hd__a21o_1)
     3    0.007301    0.037210    0.136494    5.974551 v _2410_/X (sky130_fd_sc_hd__a21o_1)
                                                         _0164_ (net)
                      0.037211    0.000176    5.974727 v _2413_/C (sky130_fd_sc_hd__and3_1)
     2    0.004827    0.033383    0.120417    6.095144 v _2413_/X (sky130_fd_sc_hd__and3_1)
                                                         _0167_ (net)
                      0.033383    0.000115    6.095259 v _2415_/C (sky130_fd_sc_hd__or3_1)
     3    0.007213    0.059481    0.192927    6.288186 v _2415_/X (sky130_fd_sc_hd__or3_1)
                                                         _0169_ (net)
                      0.059481    0.000166    6.288352 v _2420_/A1 (sky130_fd_sc_hd__a21o_1)
     4    0.011811    0.049293    0.133050    6.421402 v _2420_/X (sky130_fd_sc_hd__a21o_1)
                                                         _0174_ (net)
                      0.049294    0.000306    6.421707 v _2423_/A1 (sky130_fd_sc_hd__a21o_1)
     2    0.008354    0.040488    0.119268    6.540975 v _2423_/X (sky130_fd_sc_hd__a21o_1)
                                                         _0177_ (net)
                      0.040489    0.000253    6.541228 v _2426_/B (sky130_fd_sc_hd__xnor2_1)
     1    0.003158    0.039672    0.080280    6.621509 v _2426_/Y (sky130_fd_sc_hd__xnor2_1)
                                                         _0179_ (net)
                      0.039672    0.000071    6.621580 v _2427_/A1 (sky130_fd_sc_hd__mux2_1)
     1    0.003000    0.038736    0.149926    6.771506 v _2427_/X (sky130_fd_sc_hd__mux2_1)
                                                         _0024_ (net)
                      0.038736    0.000090    6.771596 v _3237_/D (sky130_fd_sc_hd__dfrtp_4)
                                              6.771596   data arrival time

                                180.000000  180.000000   clock clk (rise edge)
                                  0.000000  180.000000   clock source latency
     2    0.041840    0.000000    0.000000  180.000000 ^ clk (in)
                                                         clk (net)
                      0.002233    0.001123  180.001129 ^ clkbuf_0_clk/A (sky130_fd_sc_hd__clkbuf_16)
    17    0.163969    0.136136    0.152369  180.153503 ^ clkbuf_0_clk/X (sky130_fd_sc_hd__clkbuf_16)
                                                         clknet_0_clk (net)
                      0.136803    0.007660  180.161163 ^ clkbuf_3_3__f_clk/A (sky130_fd_sc_hd__clkbuf_16)
    35    0.099439    0.089268    0.155467  180.316620 ^ clkbuf_3_3__f_clk/X (sky130_fd_sc_hd__clkbuf_16)
                                                         clknet_3_3__leaf_clk (net)
                      0.089444    0.002728  180.319351 ^ _3237_/CLK (sky130_fd_sc_hd__dfrtp_4)
                                 -0.100000  180.219345   clock uncertainty
                                  0.000000  180.219345   clock reconvergence pessimism
                                 -0.069503  180.149841   library setup time
                                            180.149841   data required time
---------------------------------------------------------------------------------------------
                                            180.149841   data required time
                                             -6.771596   data arrival time
---------------------------------------------------------------------------------------------
                                            173.378250   slack (MET)




===========================================================================
report_checks --slack_max -0.01
============================================================================
======================= nom_ff_n40C_1v95 Corner ===================================

No paths found.


===========================================================================
 report_check_types -max_slew -max_cap -max_fanout -violators
============================================================================
======================= nom_ff_n40C_1v95 Corner ===================================



===========================================================================
report_parasitic_annotation -report_unannotated
============================================================================
Found 7 unannotated drivers.
 clkload0/Y
 clkload1/Y
 clkload2/Y
 clkload3/Y
 clkload4/Y
 clkload5/Y
 clkload6/Y
Found 0 partially unannotated drivers.

===========================================================================
max slew violation count 0
max fanout violation count 0
max cap violation count 0
============================================================================

===========================================================================
check_setup -verbose -unconstrained_endpoints -multiple_clock -no_clock -no_input_delay -loops -generated_clocks
===========================================================================
Warning: There are 36 input ports missing set_input_delay.
  A_in[0]
  A_in[10]
  A_in[11]
  A_in[12]
  A_in[13]
  A_in[14]
  A_in[15]
  A_in[1]
  A_in[2]
  A_in[3]
  A_in[4]
  A_in[5]
  A_in[6]
  A_in[7]
  A_in[8]
  A_in[9]
  B_in[0]
  B_in[10]
  B_in[11]
  B_in[12]
  B_in[13]
  B_in[14]
  B_in[15]
  B_in[1]
  B_in[2]
  B_in[3]
  B_in[4]
  B_in[5]
  B_in[6]
  B_in[7]
  B_in[8]
  B_in[9]
  Op_Sel[0]
  Op_Sel[1]
  Start
  rst_n
Warning: There are 17 unconstrained endpoints.
  Done
  X_out[0]
  X_out[10]
  X_out[11]
  X_out[12]
  X_out[13]
  X_out[14]
  X_out[15]
  X_out[1]
  X_out[2]
  X_out[3]
  X_out[4]
  X_out[5]
  X_out[6]
  X_out[7]
  X_out[8]
  X_out[9]
