
===========================================================================
report_checks -unconstrained
===========================================================================
======================= nom_tt_025C_1v80 Corner ===================================

Startpoint: _3302_ (rising edge-triggered flip-flop clocked by clk)
Endpoint: _3238_ (rising edge-triggered flip-flop clocked by clk)
Path Group: clk
Path Type: max

Fanout         Cap        Slew       Delay        Time   Description
---------------------------------------------------------------------------------------------
                                  0.000000    0.000000   clock clk (rise edge)
                                  0.000000    0.000000   clock source latency
   110    0.356602    0.000000    0.000000    0.000000 ^ clk (in)
                                                         clk (net)
                      0.042769    0.021385    0.021385 ^ _3302_/CLK (sky130_fd_sc_hd__dfrtp_2)
    15    0.058443    0.159625    0.514751    0.536135 v _3302_/Q (sky130_fd_sc_hd__dfrtp_2)
                                                         B_reg[12] (net)
                      0.159626    0.000676    0.536811 v _1910_/C (sky130_fd_sc_hd__and3_2)
     3    0.004903    0.044020    0.263223    0.800034 v _1910_/X (sky130_fd_sc_hd__and3_2)
                                                         _1175_ (net)
                      0.044020    0.000007    0.800041 v _2300_/B (sky130_fd_sc_hd__or4_2)
     4    0.010231    0.133029    0.686822    1.486862 v _2300_/X (sky130_fd_sc_hd__or4_2)
                                                         _1553_ (net)
                      0.133029    0.000037    1.486899 v _2304_/A2 (sky130_fd_sc_hd__a21o_2)
     3    0.011375    0.055377    0.267112    1.754011 v _2304_/X (sky130_fd_sc_hd__a21o_2)
                                                         _1557_ (net)
                      0.055377    0.000032    1.754043 v _2308_/C (sky130_fd_sc_hd__and3_2)
     2    0.006149    0.045929    0.219231    1.973274 v _2308_/X (sky130_fd_sc_hd__and3_2)
                                                         _1561_ (net)
                      0.045929    0.000012    1.973286 v _2310_/C (sky130_fd_sc_hd__or3_2)
     3    0.005801    0.088772    0.422021    2.395307 v _2310_/X (sky130_fd_sc_hd__or3_2)
                                                         _1563_ (net)
                      0.088772    0.000013    2.395319 v _2313_/A1 (sky130_fd_sc_hd__a21o_2)
     4    0.015641    0.063202    0.238080    2.633400 v _2313_/X (sky130_fd_sc_hd__a21o_2)
                                                         _1566_ (net)
                      0.063202    0.000072    2.633472 v _2319_/B (sky130_fd_sc_hd__and3_2)
     2    0.006829    0.047277    0.211088    2.844559 v _2319_/X (sky130_fd_sc_hd__and3_2)
                                                         _1572_ (net)
                      0.047277    0.000016    2.844575 v _2321_/C (sky130_fd_sc_hd__or3_2)
     3    0.006115    0.087705    0.424081    3.268656 v _2321_/X (sky130_fd_sc_hd__or3_2)
                                                         _1574_ (net)
                      0.087705    0.000028    3.268685 v _2326_/A1 (sky130_fd_sc_hd__a21o_2)
     4    0.013621    0.059087    0.233190    3.501875 v _2326_/X (sky130_fd_sc_hd__a21o_2)
                                                         _1579_ (net)
                      0.059087    0.000050    3.501925 v _2328_/C (sky130_fd_sc_hd__and3_2)
     2    0.006543    0.046703    0.222243    3.724168 v _2328_/X (sky130_fd_sc_hd__and3_2)
                                                         _1581_ (net)
                      0.046703    0.000021    3.724189 v _2330_/C (sky130_fd_sc_hd__or3_2)
     4    0.011311    0.108098    0.452922    4.177111 v _2330_/X (sky130_fd_sc_hd__or3_2)
                                                         _1583_ (net)
                      0.108098    0.000027    4.177137 v _2334_/A1 (sky130_fd_sc_hd__a21o_2)
     5    0.014714    0.061396    0.243811    4.420949 v _2334_/X (sky130_fd_sc_hd__a21o_2)
                                                         _1587_ (net)
                      0.061396    0.000030    4.420979 v _2338_/B (sky130_fd_sc_hd__and3_2)
     2    0.006424    0.046431    0.208921    4.629899 v _2338_/X (sky130_fd_sc_hd__and3_2)
                                                         _1591_ (net)
                      0.046431    0.000015    4.629914 v _2345_/C (sky130_fd_sc_hd__or3_2)
     3    0.006619    0.091639    0.426700    5.056614 v _2345_/X (sky130_fd_sc_hd__or3_2)
                                                         _1598_ (net)
                      0.091639    0.000013    5.056627 v _2347_/A1 (sky130_fd_sc_hd__a21o_2)
     4    0.011028    0.054467    0.227603    5.284231 v _2347_/X (sky130_fd_sc_hd__a21o_2)
                                                         _1600_ (net)
                      0.054467    0.000054    5.284284 v _2350_/C (sky130_fd_sc_hd__and3_2)
     2    0.006883    0.047439    0.221297    5.505581 v _2350_/X (sky130_fd_sc_hd__and3_2)
                                                         _1603_ (net)
                      0.047439    0.000035    5.505616 v _2352_/C (sky130_fd_sc_hd__or3_2)
     3    0.007039    0.090384    0.429262    5.934878 v _2352_/X (sky130_fd_sc_hd__or3_2)
                                                         _0106_ (net)
                      0.090384    0.000039    5.934917 v _2355_/A2 (sky130_fd_sc_hd__a21o_2)
     4    0.010338    0.052506    0.247317    6.182235 v _2355_/X (sky130_fd_sc_hd__a21o_2)
                                                         _0109_ (net)
                      0.052506    0.000031    6.182266 v _2362_/B (sky130_fd_sc_hd__and3_2)
     2    0.006505    0.046623    0.205238    6.387505 v _2362_/X (sky130_fd_sc_hd__and3_2)
                                                         _0116_ (net)
                      0.046623    0.000027    6.387532 v _2364_/C (sky130_fd_sc_hd__or3_2)
     3    0.005891    0.087048    0.422678    6.810209 v _2364_/X (sky130_fd_sc_hd__or3_2)
                                                         _0118_ (net)
                      0.087048    0.000021    6.810230 v _2366_/A2 (sky130_fd_sc_hd__a21o_2)
     4    0.013291    0.058389    0.254864    7.065094 v _2366_/X (sky130_fd_sc_hd__a21o_2)
                                                         _0120_ (net)
                      0.058389    0.000045    7.065140 v _2370_/B (sky130_fd_sc_hd__and3_2)
     2    0.006486    0.046577    0.207795    7.272935 v _2370_/X (sky130_fd_sc_hd__and3_2)
                                                         _0124_ (net)
                      0.046577    0.000019    7.272954 v _2372_/C (sky130_fd_sc_hd__or3_2)
     3    0.007201    0.093679    0.429976    7.702930 v _2372_/X (sky130_fd_sc_hd__or3_2)
                                                         _0126_ (net)
                      0.093679    0.000002    7.702932 v _2378_/A1 (sky130_fd_sc_hd__a21o_2)
     4    0.010735    0.053651    0.227490    7.930422 v _2378_/X (sky130_fd_sc_hd__a21o_2)
                                                         _0132_ (net)
                      0.053651    0.000033    7.930455 v _2383_/C (sky130_fd_sc_hd__and3_2)
     2    0.006751    0.048854    0.220496    8.150950 v _2383_/X (sky130_fd_sc_hd__and3_2)
                                                         _0137_ (net)
                      0.048854    0.000017    8.150968 v _2385_/C (sky130_fd_sc_hd__or3_2)
     3    0.006384    0.090829    0.425959    8.576926 v _2385_/X (sky130_fd_sc_hd__or3_2)
                                                         _0139_ (net)
                      0.090829    0.000014    8.576941 v _2387_/A1 (sky130_fd_sc_hd__a21o_2)
     4    0.010466    0.052872    0.225476    8.802416 v _2387_/X (sky130_fd_sc_hd__a21o_2)
                                                         _0141_ (net)
                      0.052872    0.000038    8.802454 v _2390_/B (sky130_fd_sc_hd__and3_2)
     3    0.009794    0.054460    0.216500    9.018954 v _2390_/X (sky130_fd_sc_hd__and3_2)
                                                         _0144_ (net)
                      0.054460    0.000027    9.018980 v _2392_/C (sky130_fd_sc_hd__or3_2)
     3    0.005261    0.086940    0.421125    9.440105 v _2392_/X (sky130_fd_sc_hd__or3_2)
                                                         _0146_ (net)
                      0.086940    0.000002    9.440107 v _2397_/A1 (sky130_fd_sc_hd__a21o_2)
     4    0.013089    0.057985    0.231711    9.671819 v _2397_/X (sky130_fd_sc_hd__a21o_2)
                                                         _0151_ (net)
                      0.057985    0.000029    9.671847 v _2406_/B (sky130_fd_sc_hd__and3_2)
     2    0.006441    0.046486    0.207464    9.879312 v _2406_/X (sky130_fd_sc_hd__and3_2)
                                                         _0160_ (net)
                      0.046486    0.000003    9.879314 v _2408_/C (sky130_fd_sc_hd__or3_2)
     3    0.009710    0.102481    0.443944   10.323259 v _2408_/X (sky130_fd_sc_hd__or3_2)
                                                         _0162_ (net)
                      0.102481    0.000024   10.323283 v _2410_/A2 (sky130_fd_sc_hd__a21o_2)
     3    0.008244    0.046886    0.245136   10.568419 v _2410_/X (sky130_fd_sc_hd__a21o_2)
                                                         _0164_ (net)
                      0.046886    0.000028   10.568447 v _2413_/C (sky130_fd_sc_hd__and3_2)
     2    0.006408    0.046343    0.216415   10.784863 v _2413_/X (sky130_fd_sc_hd__and3_2)
                                                         _0167_ (net)
                      0.046343    0.000012   10.784875 v _2415_/C (sky130_fd_sc_hd__or3_2)
     3    0.005917    0.089177    0.422768   11.207643 v _2415_/X (sky130_fd_sc_hd__or3_2)
                                                         _0169_ (net)
                      0.089177    0.000019   11.207661 v _2420_/A1 (sky130_fd_sc_hd__a21o_2)
     4    0.012408    0.056617    0.231056   11.438717 v _2420_/X (sky130_fd_sc_hd__a21o_2)
                                                         _0174_ (net)
                      0.056617    0.000020   11.438737 v _2428_/A1 (sky130_fd_sc_hd__a21bo_2)
     1    0.008090    0.049042    0.208296   11.647032 v _2428_/X (sky130_fd_sc_hd__a21bo_2)
                                                         _0180_ (net)
                      0.049042    0.000009   11.647041 v _2429_/B (sky130_fd_sc_hd__xor2_2)
     1    0.002404    0.055503    0.133175   11.780216 v _2429_/X (sky130_fd_sc_hd__xor2_2)
                                                         _0181_ (net)
                      0.055503    0.000005   11.780222 v _2430_/A1 (sky130_fd_sc_hd__mux2_1)
     1    0.002257    0.053413    0.285362   12.065583 v _2430_/X (sky130_fd_sc_hd__mux2_1)
                                                         _0025_ (net)
                      0.053413    0.000003   12.065586 v _3238_/D (sky130_fd_sc_hd__dfrtp_2)
                                             12.065586   data arrival time

                                 13.000000   13.000000   clock clk (rise edge)
                                  0.000000   13.000000   clock source latency
   110    0.356602    0.000000    0.000000   13.000000 ^ clk (in)
                                                         clk (net)
                      0.041608    0.020804   13.020803 ^ _3238_/CLK (sky130_fd_sc_hd__dfrtp_2)
                                 -0.100000   12.920803   clock uncertainty
                                  0.000000   12.920803   clock reconvergence pessimism
                                 -0.119971   12.800832   library setup time
                                             12.800832   data required time
---------------------------------------------------------------------------------------------
                                             12.800832   data required time
                                            -12.065586   data arrival time
---------------------------------------------------------------------------------------------
                                              0.735246   slack (MET)




===========================================================================
report_checks --slack_max -0.01
============================================================================
======================= nom_tt_025C_1v80 Corner ===================================

No paths found.


===========================================================================
 report_check_types -max_slew -max_cap -max_fanout -violators
============================================================================
======================= nom_tt_025C_1v80 Corner ===================================



===========================================================================
report_parasitic_annotation -report_unannotated
============================================================================
Found 0 unannotated drivers.
Found 0 partially unannotated drivers.

===========================================================================
max slew violation count 0
Writing metric design__max_slew_violation__count__corner:nom_tt_025C_1v80: 0
max fanout violation count 0
Writing metric design__max_fanout_violation__count__corner:nom_tt_025C_1v80: 0
max cap violation count 0
Writing metric design__max_cap_violation__count__corner:nom_tt_025C_1v80: 0
============================================================================

===========================================================================
check_setup -verbose -unconstrained_endpoints -multiple_clock -no_clock -no_input_delay -loops -generated_clocks
===========================================================================
Warning: There are 36 input ports missing set_input_delay.
  A_in[0]
  A_in[10]
  A_in[11]
  A_in[12]
  A_in[13]
  A_in[14]
  A_in[15]
  A_in[1]
  A_in[2]
  A_in[3]
  A_in[4]
  A_in[5]
  A_in[6]
  A_in[7]
  A_in[8]
  A_in[9]
  B_in[0]
  B_in[10]
  B_in[11]
  B_in[12]
  B_in[13]
  B_in[14]
  B_in[15]
  B_in[1]
  B_in[2]
  B_in[3]
  B_in[4]
  B_in[5]
  B_in[6]
  B_in[7]
  B_in[8]
  B_in[9]
  Op_Sel[0]
  Op_Sel[1]
  Start
  rst_n
Warning: There are 17 unconstrained endpoints.
  Done
  X_out[0]
  X_out[10]
  X_out[11]
  X_out[12]
  X_out[13]
  X_out[14]
  X_out[15]
  X_out[1]
  X_out[2]
  X_out[3]
  X_out[4]
  X_out[5]
  X_out[6]
  X_out[7]
  X_out[8]
  X_out[9]
