Clock: clk
Sources: clk 
Generated: no
Virtual: yes
Propagated: no
Period: 120.000000

===========================================================================
report_clock_properties
============================================================================
Clock                   Period          Waveform
----------------------------------------------------
clk                 120.000000    0.000000 60.000000

===========================================================================
report_clock_latency
============================================================================
Clock clk
rise -> rise
    min     max
0.000000 0.000000 source latency
0.001687         network latency _3265_/CLK
        0.022044 network latency _3295_/CLK
---------------
0.001687 0.022044 latency
        0.020357 skew

fall -> fall
    min     max
0.000000 0.000000 source latency
0.001613         network latency _3265_/CLK
        0.021032 network latency _3295_/CLK
---------------
0.001613 0.021032 latency
        0.019419 skew



===========================================================================
report_clock_min_period
============================================================================
clk period_min = 12.26 fmax = 81.54
