
===========================================================================
report_checks -unconstrained
===========================================================================
======================= max_ss_100C_1v60 Corner ===================================

Startpoint: _3302_ (rising edge-triggered flip-flop clocked by clk)
Endpoint: _3238_ (rising edge-triggered flip-flop clocked by clk)
Path Group: clk
Path Type: max

Fanout         Cap        Slew       Delay        Time   Description
---------------------------------------------------------------------------------------------
                                  0.000000    0.000000   clock clk (rise edge)
                                  0.000000    0.000000   clock source latency
     2    0.044551    0.000000    0.000000    0.000000 ^ clk (in)
                                                         clk (net)
                      0.003309    0.001654    0.001654 ^ clkbuf_0_clk/A (sky130_fd_sc_hd__clkbuf_16)
    17    0.170519    0.277563    0.356366    0.358021 ^ clkbuf_0_clk/X (sky130_fd_sc_hd__clkbuf_16)
                                                         clknet_0_clk (net)
                      0.278426    0.012671    0.370692 ^ clkbuf_3_0__f_clk/A (sky130_fd_sc_hd__clkbuf_16)
    25    0.094706    0.169147    0.400707    0.771399 ^ clkbuf_3_0__f_clk/X (sky130_fd_sc_hd__clkbuf_16)
                                                         clknet_3_0__leaf_clk (net)
                      0.169500    0.006715    0.778114 ^ _3302_/CLK (sky130_fd_sc_hd__dfrtp_4)
    15    0.050290    0.219712    1.178668    1.956782 v _3302_/Q (sky130_fd_sc_hd__dfrtp_4)
                                                         B_reg[12] (net)
                      0.219848    0.004994    1.961776 v _1910_/C (sky130_fd_sc_hd__and3_1)
     3    0.005953    0.096577    0.463666    2.425442 v _1910_/X (sky130_fd_sc_hd__and3_1)
                                                         _1175_ (net)
                      0.096577    0.000197    2.425639 v _2300_/B (sky130_fd_sc_hd__or4_1)
     4    0.009898    0.262488    1.308332    3.733971 v _2300_/X (sky130_fd_sc_hd__or4_1)
                                                         _1553_ (net)
                      0.262488    0.000563    3.734534 v _2304_/A2 (sky130_fd_sc_hd__a21o_1)
     3    0.007678    0.098198    0.434663    4.169197 v _2304_/X (sky130_fd_sc_hd__a21o_1)
                                                         _1557_ (net)
                      0.098198    0.000399    4.169596 v _2308_/C (sky130_fd_sc_hd__and3_1)
     2    0.005299    0.091561    0.397661    4.567257 v _2308_/X (sky130_fd_sc_hd__and3_1)
                                                         _1561_ (net)
                      0.091561    0.000309    4.567566 v _2310_/C (sky130_fd_sc_hd__or3_1)
     3    0.006834    0.177042    0.785084    5.352650 v _2310_/X (sky130_fd_sc_hd__or3_1)
                                                         _1563_ (net)
                      0.177042    0.000402    5.353052 v _2313_/A1 (sky130_fd_sc_hd__a21o_1)
     4    0.010455    0.120339    0.392127    5.745179 v _2313_/X (sky130_fd_sc_hd__a21o_1)
                                                         _1566_ (net)
                      0.120339    0.000486    5.745665 v _2319_/B (sky130_fd_sc_hd__and3_1)
     2    0.005822    0.095526    0.384467    6.130132 v _2319_/X (sky130_fd_sc_hd__and3_1)
                                                         _1572_ (net)
                      0.095526    0.000282    6.130414 v _2321_/C (sky130_fd_sc_hd__or3_1)
     3    0.008905    0.198421    0.814413    6.944826 v _2321_/X (sky130_fd_sc_hd__or3_1)
                                                         _1574_ (net)
                      0.198421    0.000575    6.945401 v _2326_/A1 (sky130_fd_sc_hd__a21o_1)
     4    0.011375    0.128071    0.408103    7.353504 v _2326_/X (sky130_fd_sc_hd__a21o_1)
                                                         _1579_ (net)
                      0.128076    0.000915    7.354420 v _2328_/C (sky130_fd_sc_hd__and3_1)
     2    0.004917    0.088750    0.409265    7.763684 v _2328_/X (sky130_fd_sc_hd__and3_1)
                                                         _1581_ (net)
                      0.088750    0.000295    7.763979 v _2330_/C (sky130_fd_sc_hd__or3_2)
     4    0.014503    0.234307    1.099228    8.863207 v _2330_/X (sky130_fd_sc_hd__or3_2)
                                                         _1583_ (net)
                      0.234309    0.001164    8.864370 v _2334_/A1 (sky130_fd_sc_hd__a21o_1)
     5    0.015592    0.156584    0.452869    9.317240 v _2334_/X (sky130_fd_sc_hd__a21o_1)
                                                         _1587_ (net)
                      0.156586    0.000840    9.318080 v _2338_/B (sky130_fd_sc_hd__and3_1)
     2    0.007273    0.107045    0.414578    9.732657 v _2338_/X (sky130_fd_sc_hd__and3_1)
                                                         _1591_ (net)
                      0.107045    0.000524    9.733182 v _2345_/C (sky130_fd_sc_hd__or3_1)
     3    0.008012    0.188695    0.806486   10.539668 v _2345_/X (sky130_fd_sc_hd__or3_1)
                                                         _1598_ (net)
                      0.188695    0.000300   10.539968 v _2347_/A1 (sky130_fd_sc_hd__a21o_1)
     4    0.010774    0.123050    0.399508   10.939476 v _2347_/X (sky130_fd_sc_hd__a21o_1)
                                                         _1600_ (net)
                      0.123051    0.000631   10.940107 v _2350_/C (sky130_fd_sc_hd__and3_1)
     2    0.006522    0.101011    0.420316   11.360424 v _2350_/X (sky130_fd_sc_hd__and3_1)
                                                         _1603_ (net)
                      0.101011    0.000419   11.360844 v _2352_/C (sky130_fd_sc_hd__or3_1)
     3    0.009199    0.202085    0.820292   12.181135 v _2352_/X (sky130_fd_sc_hd__or3_1)
                                                         _0106_ (net)
                      0.202085    0.000593   12.181729 v _2355_/A2 (sky130_fd_sc_hd__a21o_1)
     4    0.010675    0.122194    0.434085   12.615813 v _2355_/X (sky130_fd_sc_hd__a21o_1)
                                                         _0109_ (net)
                      0.122196    0.000636   12.616449 v _2362_/B (sky130_fd_sc_hd__and3_1)
     2    0.006376    0.099869    0.390035   13.006484 v _2362_/X (sky130_fd_sc_hd__and3_1)
                                                         _0116_ (net)
                      0.099869    0.000400   13.006884 v _2364_/C (sky130_fd_sc_hd__or3_1)
     3    0.008226    0.191542    0.806764   13.813648 v _2364_/X (sky130_fd_sc_hd__or3_1)
                                                         _0118_ (net)
                      0.191542    0.000513   13.814161 v _2366_/A2 (sky130_fd_sc_hd__a21o_1)
     4    0.010676    0.122266    0.429578   14.243740 v _2366_/X (sky130_fd_sc_hd__a21o_1)
                                                         _0120_ (net)
                      0.122269    0.000752   14.244493 v _2370_/B (sky130_fd_sc_hd__and3_1)
     2    0.005332    0.091789    0.381331   14.625823 v _2370_/X (sky130_fd_sc_hd__and3_1)
                                                         _0124_ (net)
                      0.091789    0.000282   14.626104 v _2372_/C (sky130_fd_sc_hd__or3_1)
     3    0.008818    0.197734    0.811997   15.438101 v _2372_/X (sky130_fd_sc_hd__or3_1)
                                                         _0126_ (net)
                      0.197734    0.000268   15.438369 v _2378_/A1 (sky130_fd_sc_hd__a21o_1)
     4    0.010251    0.118714    0.399609   15.837978 v _2378_/X (sky130_fd_sc_hd__a21o_1)
                                                         _0132_ (net)
                      0.118714    0.000334   15.838312 v _2383_/C (sky130_fd_sc_hd__and3_1)
     2    0.007050    0.105208    0.422668   16.260981 v _2383_/X (sky130_fd_sc_hd__and3_1)
                                                         _0137_ (net)
                      0.105208    0.000322   16.261303 v _2385_/C (sky130_fd_sc_hd__or3_1)
     3    0.007744    0.186416    0.802094   17.063396 v _2385_/X (sky130_fd_sc_hd__or3_1)
                                                         _0139_ (net)
                      0.186416    0.000583   17.063980 v _2387_/A1 (sky130_fd_sc_hd__a21o_1)
     4    0.012316    0.135723    0.410290   17.474270 v _2387_/X (sky130_fd_sc_hd__a21o_1)
                                                         _0141_ (net)
                      0.135723    0.000375   17.474644 v _2390_/B (sky130_fd_sc_hd__and3_1)
     3    0.010529    0.134647    0.431342   17.905987 v _2390_/X (sky130_fd_sc_hd__and3_1)
                                                         _0144_ (net)
                      0.134648    0.000707   17.906694 v _2392_/C (sky130_fd_sc_hd__or3_1)
     3    0.006915    0.178119    0.801244   18.707937 v _2392_/X (sky130_fd_sc_hd__or3_1)
                                                         _0146_ (net)
                      0.178119    0.000417   18.708355 v _2397_/A1 (sky130_fd_sc_hd__a21o_1)
     4    0.011415    0.128254    0.399826   19.108181 v _2397_/X (sky130_fd_sc_hd__a21o_1)
                                                         _0151_ (net)
                      0.128254    0.000528   19.108707 v _2406_/B (sky130_fd_sc_hd__and3_1)
     2    0.005950    0.096544    0.389484   19.498192 v _2406_/X (sky130_fd_sc_hd__and3_1)
                                                         _0160_ (net)
                      0.096544    0.000334   19.498526 v _2408_/C (sky130_fd_sc_hd__or3_1)
     3    0.008132    0.190398    0.804397   20.302923 v _2408_/X (sky130_fd_sc_hd__or3_1)
                                                         _0162_ (net)
                      0.190398    0.000380   20.303303 v _2410_/A2 (sky130_fd_sc_hd__a21o_1)
     3    0.007155    0.093939    0.402201   20.705503 v _2410_/X (sky130_fd_sc_hd__a21o_1)
                                                         _0164_ (net)
                      0.093939    0.000382   20.705885 v _2413_/C (sky130_fd_sc_hd__and3_1)
     2    0.004980    0.089171    0.392879   21.098764 v _2413_/X (sky130_fd_sc_hd__and3_1)
                                                         _0167_ (net)
                      0.089171    0.000163   21.098928 v _2415_/C (sky130_fd_sc_hd__or3_1)
     3    0.007385    0.183054    0.791680   21.890608 v _2415_/X (sky130_fd_sc_hd__or3_1)
                                                         _0169_ (net)
                      0.183054    0.000433   21.891041 v _2420_/A1 (sky130_fd_sc_hd__a21o_1)
     4    0.011822    0.131665    0.405000   22.296041 v _2420_/X (sky130_fd_sc_hd__a21o_1)
                                                         _0174_ (net)
                      0.131665    0.000419   22.296461 v _2428_/A1 (sky130_fd_sc_hd__a21bo_1)
     1    0.004380    0.075495    0.345811   22.642271 v _2428_/X (sky130_fd_sc_hd__a21bo_1)
                                                         _0180_ (net)
                      0.075495    0.000204   22.642475 v _2429_/B (sky130_fd_sc_hd__xor2_1)
     1    0.002496    0.122483    0.260682   22.903158 v _2429_/X (sky130_fd_sc_hd__xor2_1)
                                                         _0181_ (net)
                      0.122483    0.000105   22.903263 v _2430_/A1 (sky130_fd_sc_hd__mux2_1)
     1    0.002372    0.106269    0.662475   23.565737 v _2430_/X (sky130_fd_sc_hd__mux2_1)
                                                         _0025_ (net)
                      0.106269    0.000107   23.565844 v _3238_/D (sky130_fd_sc_hd__dfrtp_4)
                                             23.565844   data arrival time

                                200.000000  200.000000   clock clk (rise edge)
                                  0.000000  200.000000   clock source latency
     2    0.044551    0.000000    0.000000  200.000000 ^ clk (in)
                                                         clk (net)
                      0.003309    0.001648  200.001648 ^ clkbuf_0_clk/A (sky130_fd_sc_hd__clkbuf_16)
    17    0.170519    0.277563    0.356366  200.358002 ^ clkbuf_0_clk/X (sky130_fd_sc_hd__clkbuf_16)
                                                         clknet_0_clk (net)
                      0.278380    0.012349  200.370361 ^ clkbuf_3_3__f_clk/A (sky130_fd_sc_hd__clkbuf_16)
    35    0.102044    0.180203    0.407965  200.778320 ^ clkbuf_3_3__f_clk/X (sky130_fd_sc_hd__clkbuf_16)
                                                         clknet_3_3__leaf_clk (net)
                      0.180432    0.005741  200.784058 ^ _3238_/CLK (sky130_fd_sc_hd__dfrtp_4)
                                 -0.100000  200.684067   clock uncertainty
                                  0.000000  200.684067   clock reconvergence pessimism
                                 -0.260524  200.423538   library setup time
                                            200.423538   data required time
---------------------------------------------------------------------------------------------
                                            200.423538   data required time
                                            -23.565844   data arrival time
---------------------------------------------------------------------------------------------
                                            176.857681   slack (MET)




===========================================================================
report_checks --slack_max -0.01
============================================================================
======================= max_ss_100C_1v60 Corner ===================================

No paths found.


===========================================================================
 report_check_types -max_slew -max_cap -max_fanout -violators
============================================================================
======================= max_ss_100C_1v60 Corner ===================================



===========================================================================
report_parasitic_annotation -report_unannotated
============================================================================
Found 7 unannotated drivers.
 clkload0/Y
 clkload1/Y
 clkload2/Y
 clkload3/Y
 clkload4/Y
 clkload5/Y
 clkload6/Y
Found 0 partially unannotated drivers.

===========================================================================
max slew violation count 0
max fanout violation count 0
max cap violation count 0
============================================================================

===========================================================================
check_setup -verbose -unconstrained_endpoints -multiple_clock -no_clock -no_input_delay -loops -generated_clocks
===========================================================================
Warning: There are 36 input ports missing set_input_delay.
  A_in[0]
  A_in[10]
  A_in[11]
  A_in[12]
  A_in[13]
  A_in[14]
  A_in[15]
  A_in[1]
  A_in[2]
  A_in[3]
  A_in[4]
  A_in[5]
  A_in[6]
  A_in[7]
  A_in[8]
  A_in[9]
  B_in[0]
  B_in[10]
  B_in[11]
  B_in[12]
  B_in[13]
  B_in[14]
  B_in[15]
  B_in[1]
  B_in[2]
  B_in[3]
  B_in[4]
  B_in[5]
  B_in[6]
  B_in[7]
  B_in[8]
  B_in[9]
  Op_Sel[0]
  Op_Sel[1]
  Start
  rst_n
Warning: There are 17 unconstrained endpoints.
  Done
  X_out[0]
  X_out[10]
  X_out[11]
  X_out[12]
  X_out[13]
  X_out[14]
  X_out[15]
  X_out[1]
  X_out[2]
  X_out[3]
  X_out[4]
  X_out[5]
  X_out[6]
  X_out[7]
  X_out[8]
  X_out[9]
