
===========================================================================
 report_power
============================================================================
======================= max_ss_100C_1v60 Corner ===================================

Group                    Internal    Switching      Leakage        Total
                            Power        Power        Power        Power (Watts)
------------------------------------------------------------------------
Sequential           3.717011e-05 2.356254e-05 2.191280e-06 6.292394e-05   2.4%
Combinational        1.188326e-03 1.358667e-03 6.793613e-06 2.553787e-03  96.9%
Clock                7.322063e-06 1.203239e-05 2.310360e-07 1.958549e-05   0.7%
Macro                0.000000e+00 0.000000e+00 0.000000e+00 0.000000e+00   0.0%
Pad                  0.000000e+00 0.000000e+00 0.000000e+00 0.000000e+00   0.0%
------------------------------------------------------------------------
Total                1.232818e-03 1.394263e-03 9.215925e-06 2.636297e-03 100.0%
                            46.8%        52.9%         0.3%

