
===========================================================================
 report_power
============================================================================
======================= nom_tt_025C_1v80 Corner ===================================

Group                    Internal    Switching      Leakage        Total
                            Power        Power        Power        Power (Watts)
------------------------------------------------------------------------
Sequential           6.595932e-05 3.576839e-05 1.209037e-09 1.017289e-04   1.7%
Combinational        3.117783e-03 2.725552e-03 5.925983e-09 5.843341e-03  98.3%
Clock                0.000000e+00 0.000000e+00 9.979303e-10 9.979303e-10   0.0%
Macro                0.000000e+00 0.000000e+00 0.000000e+00 0.000000e+00   0.0%
Pad                  0.000000e+00 0.000000e+00 0.000000e+00 0.000000e+00   0.0%
------------------------------------------------------------------------
Total                3.183743e-03 2.761321e-03 8.132969e-09 5.945072e-03 100.0%
                            53.6%        46.4%         0.0%
Writing metric power__internal__total: 0.0031837427522987127
Writing metric power__switching__total: 0.0027613213751465082
Writing metric power__leakage__total: 8.132968964957854e-9
Writing metric power__total: 0.005945072043687105

