
===========================================================================
 report_power
============================================================================
======================= max_ss_100C_1v60 Corner ===================================

Group                    Internal    Switching      Leakage        Total
                            Power        Power        Power        Power (Watts)
------------------------------------------------------------------------
Sequential           6.767477e-04 4.269080e-04 2.191280e-06 1.105847e-03   1.8%
Combinational        3.054851e-02 2.890524e-02 9.286257e-06 5.946304e-02  97.6%
Clock                1.331169e-04 2.198468e-04 2.309131e-07 3.531946e-04   0.6%
Macro                0.000000e+00 0.000000e+00 0.000000e+00 0.000000e+00   0.0%
Pad                  0.000000e+00 0.000000e+00 0.000000e+00 0.000000e+00   0.0%
------------------------------------------------------------------------
Total                3.135836e-02 2.955200e-02 1.170845e-05 6.092207e-02 100.0%
                            51.5%        48.5%         0.0%

