
===========================================================================
report_checks -unconstrained
===========================================================================
======================= max_ss_100C_1v60 Corner ===================================

Startpoint: _3302_ (rising edge-triggered flip-flop clocked by clk)
Endpoint: _3238_ (rising edge-triggered flip-flop clocked by clk)
Path Group: clk
Path Type: max

Fanout         Cap        Slew       Delay        Time   Description
---------------------------------------------------------------------------------------------
                                  0.000000    0.000000   clock clk (rise edge)
                                  0.000000    0.000000   clock source latency
     2    0.042870    0.000000    0.000000    0.000000 ^ clk (in)
                                                         clk (net)
                      0.003060    0.001530    0.001530 ^ clkbuf_0_clk/A (sky130_fd_sc_hd__clkbuf_16)
    17    0.174902    0.284496    0.359749    0.361279 ^ clkbuf_0_clk/X (sky130_fd_sc_hd__clkbuf_16)
                                                         clknet_0_clk (net)
                      0.285835    0.015890    0.377169 ^ clkbuf_3_0__f_clk/A (sky130_fd_sc_hd__clkbuf_16)
    25    0.098828    0.175692    0.407978    0.785147 ^ clkbuf_3_0__f_clk/X (sky130_fd_sc_hd__clkbuf_16)
                                                         clknet_3_0__leaf_clk (net)
                      0.176006    0.006498    0.791645 ^ _3302_/CLK (sky130_fd_sc_hd__dfrtp_4)
     6    0.023910    0.162260    1.111548    1.903193 v _3302_/Q (sky130_fd_sc_hd__dfrtp_4)
                                                         B_reg[12] (net)
                      0.162263    0.002456    1.905649 v _1910_/C (sky130_fd_sc_hd__and3_1)
     3    0.007170    0.106201    0.445282    2.350931 v _1910_/X (sky130_fd_sc_hd__and3_1)
                                                         _1175_ (net)
                      0.106201    0.000442    2.351373 v _2300_/A (sky130_fd_sc_hd__or4_4)
     4    0.009654    0.172924    1.093673    3.445046 v _2300_/X (sky130_fd_sc_hd__or4_4)
                                                         _1553_ (net)
                      0.172924    0.000552    3.445598 v _2304_/A1 (sky130_fd_sc_hd__a21o_1)
     3    0.007600    0.097442    0.368741    3.814339 v _2304_/X (sky130_fd_sc_hd__a21o_1)
                                                         _1557_ (net)
                      0.097443    0.000428    3.814767 v _2307_/A2 (sky130_fd_sc_hd__a21oi_1)
     3    0.011186    0.421956    0.432847    4.247613 ^ _2307_/Y (sky130_fd_sc_hd__a21oi_1)
                                                         _1560_ (net)
                      0.421956    0.000392    4.248005 ^ _2311_/B (sky130_fd_sc_hd__xor2_1)
     3    0.010901    0.416253    0.533586    4.781591 ^ _2311_/X (sky130_fd_sc_hd__xor2_1)
                                                         _1564_ (net)
                      0.416393    0.000981    4.782572 ^ _2313_/A2 (sky130_fd_sc_hd__a21o_1)
     4    0.011023    0.166979    0.416829    5.199401 ^ _2313_/X (sky130_fd_sc_hd__a21o_1)
                                                         _1566_ (net)
                      0.166979    0.000554    5.199955 ^ _2318_/A1 (sky130_fd_sc_hd__a21oi_1)
     3    0.013709    0.248616    0.285204    5.485159 v _2318_/Y (sky130_fd_sc_hd__a21oi_1)
                                                         _1571_ (net)
                      0.248619    0.000735    5.485894 v _2321_/B (sky130_fd_sc_hd__or3_4)
     2    0.006985    0.127851    0.798959    6.284853 v _2321_/X (sky130_fd_sc_hd__or3_4)
                                                         _1574_ (net)
                      0.127852    0.000425    6.285278 v _2326_/A1 (sky130_fd_sc_hd__a21o_1)
     4    0.010200    0.118327    0.368726    6.654004 v _2326_/X (sky130_fd_sc_hd__a21o_1)
                                                         _1579_ (net)
                      0.118330    0.000762    6.654766 v _2328_/B (sky130_fd_sc_hd__and3_1)
     2    0.005905    0.096139    0.384156    7.038921 v _2328_/X (sky130_fd_sc_hd__and3_1)
                                                         _1581_ (net)
                      0.096200    0.000473    7.039394 v _2330_/A (sky130_fd_sc_hd__or3_4)
     3    0.007228    0.128463    0.774798    7.814192 v _2330_/X (sky130_fd_sc_hd__or3_4)
                                                         _1583_ (net)
                      0.128464    0.000242    7.814434 v _2334_/A1 (sky130_fd_sc_hd__a21o_1)
     4    0.010534    0.121059    0.371586    8.186020 v _2334_/X (sky130_fd_sc_hd__a21o_1)
                                                         _1587_ (net)
                      0.121060    0.000576    8.186597 v rebuffer5/A (sky130_fd_sc_hd__dlygate4sd1_1)
     2    0.007389    0.098209    0.536645    8.723241 v rebuffer5/X (sky130_fd_sc_hd__dlygate4sd1_1)
                                                         net58 (net)
                      0.098209    0.000459    8.723701 v _2340_/B1 (sky130_fd_sc_hd__a22oi_2)
     2    0.010571    0.316748    0.291781    9.015481 ^ _2340_/Y (sky130_fd_sc_hd__a22oi_2)
                                                         _1593_ (net)
                      0.316748    0.000460    9.015941 ^ _2344_/A1 (sky130_fd_sc_hd__a22o_1)
     2    0.009554    0.174719    0.437598    9.453539 ^ _2344_/X (sky130_fd_sc_hd__a22o_1)
                                                         _1597_ (net)
                      0.174719    0.000617    9.454156 ^ _2347_/B1 (sky130_fd_sc_hd__a21o_1)
     4    0.014771    0.213348    0.294093    9.748249 ^ _2347_/X (sky130_fd_sc_hd__a21o_1)
                                                         _1600_ (net)
                      0.213351    0.001251    9.749499 ^ _2348_/A2 (sky130_fd_sc_hd__a21oi_2)
     3    0.013890    0.141507    0.219866    9.969365 v _2348_/Y (sky130_fd_sc_hd__a21oi_2)
                                                         _1601_ (net)
                      0.141510    0.000842    9.970207 v _2352_/B (sky130_fd_sc_hd__or3_4)
     3    0.008943    0.132579    0.766372   10.736579 v _2352_/X (sky130_fd_sc_hd__or3_4)
                                                         _0106_ (net)
                      0.132579    0.000626   10.737206 v _2355_/A1 (sky130_fd_sc_hd__a21o_1)
     4    0.010628    0.121857    0.374083   11.111288 v _2355_/X (sky130_fd_sc_hd__a21o_1)
                                                         _0109_ (net)
                      0.121858    0.000610   11.111898 v _2362_/A (sky130_fd_sc_hd__and3_1)
     2    0.005799    0.095348    0.343761   11.455660 v _2362_/X (sky130_fd_sc_hd__and3_1)
                                                         _0116_ (net)
                      0.095348    0.000346   11.456005 v _2364_/C (sky130_fd_sc_hd__or3_4)
     3    0.007292    0.128569    0.673033   12.129039 v _2364_/X (sky130_fd_sc_hd__or3_4)
                                                         _0118_ (net)
                      0.128570    0.000409   12.129447 v _2366_/A1 (sky130_fd_sc_hd__a21o_1)
     4    0.010946    0.124412    0.374744   12.504191 v _2366_/X (sky130_fd_sc_hd__a21o_1)
                                                         _0120_ (net)
                      0.124413    0.000570   12.504761 v _2370_/A (sky130_fd_sc_hd__and3_1)
     2    0.007039    0.105121    0.355136   12.859897 v _2370_/X (sky130_fd_sc_hd__and3_1)
                                                         _0124_ (net)
                      0.105121    0.000393   12.860290 v _2372_/C (sky130_fd_sc_hd__or3_4)
     3    0.009358    0.133613    0.686507   13.546796 v _2372_/X (sky130_fd_sc_hd__or3_4)
                                                         _0126_ (net)
                      0.133613    0.000481   13.547277 v _2378_/A1 (sky130_fd_sc_hd__a21o_1)
     4    0.010322    0.119263    0.372350   13.919627 v _2378_/X (sky130_fd_sc_hd__a21o_1)
                                                         _0132_ (net)
                      0.119263    0.000325   13.919952 v _2383_/A (sky130_fd_sc_hd__and3_1)
     2    0.008249    0.115094    0.362450   14.282402 v _2383_/X (sky130_fd_sc_hd__and3_1)
                                                         _0137_ (net)
                      0.115094    0.000536   14.282939 v _2385_/C (sky130_fd_sc_hd__or3_4)
     3    0.008438    0.131283    0.685389   14.968328 v _2385_/X (sky130_fd_sc_hd__or3_4)
                                                         _0139_ (net)
                      0.131283    0.000430   14.968758 v _2387_/A1 (sky130_fd_sc_hd__a21o_1)
     4    0.012724    0.139188    0.389345   15.358103 v _2387_/X (sky130_fd_sc_hd__a21o_1)
                                                         _0141_ (net)
                      0.139188    0.000389   15.358492 v _2390_/A (sky130_fd_sc_hd__and3_1)
     3    0.012280    0.148701    0.404828   15.763320 v _2390_/X (sky130_fd_sc_hd__and3_1)
                                                         _0144_ (net)
                      0.148701    0.000545   15.763865 v _2392_/C (sky130_fd_sc_hd__or3_4)
     3    0.006967    0.127552    0.689571   16.453436 v _2392_/X (sky130_fd_sc_hd__or3_4)
                                                         _0146_ (net)
                      0.127552    0.000362   16.453798 v _2397_/A1 (sky130_fd_sc_hd__a21o_1)
     4    0.011112    0.125750    0.375614   16.829412 v _2397_/X (sky130_fd_sc_hd__a21o_1)
                                                         _0151_ (net)
                      0.125750    0.000336   16.829748 v _2406_/A (sky130_fd_sc_hd__and3_1)
     2    0.006693    0.102347    0.352951   17.182701 v _2406_/X (sky130_fd_sc_hd__and3_1)
                                                         _0160_ (net)
                      0.102347    0.000233   17.182934 v _2408_/C (sky130_fd_sc_hd__or3_4)
     3    0.008874    0.132444    0.683192   17.866125 v _2408_/X (sky130_fd_sc_hd__or3_4)
                                                         _0162_ (net)
                      0.132444    0.000417   17.866543 v _2410_/A1 (sky130_fd_sc_hd__a21o_1)
     3    0.007019    0.092919    0.346743   18.213285 v _2410_/X (sky130_fd_sc_hd__a21o_1)
                                                         _0164_ (net)
                      0.092919    0.000485   18.213770 v _2413_/A (sky130_fd_sc_hd__and3_1)
     2    0.006355    0.099678    0.334508   18.548279 v _2413_/X (sky130_fd_sc_hd__and3_1)
                                                         _0167_ (net)
                      0.099678    0.000222   18.548500 v _2415_/C (sky130_fd_sc_hd__or3_4)
     3    0.007234    0.128455    0.674220   19.222719 v _2415_/X (sky130_fd_sc_hd__or3_4)
                                                         _0169_ (net)
                      0.128455    0.000428   19.223148 v _2420_/A1 (sky130_fd_sc_hd__a21o_1)
     4    0.012415    0.136631    0.385771   19.608919 v _2420_/X (sky130_fd_sc_hd__a21o_1)
                                                         _0174_ (net)
                      0.136632    0.000590   19.609509 v _2428_/A1 (sky130_fd_sc_hd__a21bo_1)
     1    0.004406    0.075716    0.348191   19.957701 v _2428_/X (sky130_fd_sc_hd__a21bo_1)
                                                         _0180_ (net)
                      0.075716    0.000204   19.957905 v _2429_/B (sky130_fd_sc_hd__xor2_1)
     1    0.002640    0.124198    0.262261   20.220165 v _2429_/X (sky130_fd_sc_hd__xor2_1)
                                                         _0181_ (net)
                      0.124198    0.000123   20.220287 v _2430_/A1 (sky130_fd_sc_hd__mux2_4)
     1    0.002318    0.077020    0.484141   20.704430 v _2430_/X (sky130_fd_sc_hd__mux2_4)
                                                         _0025_ (net)
                      0.077020    0.000108   20.704536 v _3238_/D (sky130_fd_sc_hd__dfrtp_4)
                                             20.704536   data arrival time

                                 14.000000   14.000000   clock clk (rise edge)
                                  0.000000   14.000000   clock source latency
     2    0.042870    0.000000    0.000000   14.000000 ^ clk (in)
                                                         clk (net)
                      0.003060    0.001530   14.001530 ^ clkbuf_0_clk/A (sky130_fd_sc_hd__clkbuf_16)
    17    0.174902    0.284496    0.359749   14.361279 ^ clkbuf_0_clk/X (sky130_fd_sc_hd__clkbuf_16)
                                                         clknet_0_clk (net)
                      0.285699    0.015093   14.376371 ^ clkbuf_3_3__f_clk/A (sky130_fd_sc_hd__clkbuf_16)
    35    0.105003    0.184403    0.414429   14.790800 ^ clkbuf_3_3__f_clk/X (sky130_fd_sc_hd__clkbuf_16)
                                                         clknet_3_3__leaf_clk (net)
                      0.184561    0.004947   14.795747 ^ _3238_/CLK (sky130_fd_sc_hd__dfrtp_4)
                                 -0.100000   14.695747   clock uncertainty
                                  0.000000   14.695747   clock reconvergence pessimism
                                 -0.247253   14.448494   library setup time
                                             14.448494   data required time
---------------------------------------------------------------------------------------------
                                             14.448494   data required time
                                            -20.704536   data arrival time
---------------------------------------------------------------------------------------------
                                             -6.256043   slack (VIOLATED)




===========================================================================
report_checks --slack_max -0.01
============================================================================
======================= max_ss_100C_1v60 Corner ===================================

Startpoint: _3302_ (rising edge-triggered flip-flop clocked by clk)
Endpoint: _3238_ (rising edge-triggered flip-flop clocked by clk)
Path Group: clk
Path Type: max

Fanout         Cap        Slew       Delay        Time   Description
---------------------------------------------------------------------------------------------
                                  0.000000    0.000000   clock clk (rise edge)
                                  0.000000    0.000000   clock source latency
     2    0.042870    0.000000    0.000000    0.000000 ^ clk (in)
                                                         clk (net)
                      0.003060    0.001530    0.001530 ^ clkbuf_0_clk/A (sky130_fd_sc_hd__clkbuf_16)
    17    0.174902    0.284496    0.359749    0.361279 ^ clkbuf_0_clk/X (sky130_fd_sc_hd__clkbuf_16)
                                                         clknet_0_clk (net)
                      0.285835    0.015890    0.377169 ^ clkbuf_3_0__f_clk/A (sky130_fd_sc_hd__clkbuf_16)
    25    0.098828    0.175692    0.407978    0.785147 ^ clkbuf_3_0__f_clk/X (sky130_fd_sc_hd__clkbuf_16)
                                                         clknet_3_0__leaf_clk (net)
                      0.176006    0.006498    0.791645 ^ _3302_/CLK (sky130_fd_sc_hd__dfrtp_4)
     6    0.023910    0.162260    1.111548    1.903193 v _3302_/Q (sky130_fd_sc_hd__dfrtp_4)
                                                         B_reg[12] (net)
                      0.162263    0.002456    1.905649 v _1910_/C (sky130_fd_sc_hd__and3_1)
     3    0.007170    0.106201    0.445282    2.350931 v _1910_/X (sky130_fd_sc_hd__and3_1)
                                                         _1175_ (net)
                      0.106201    0.000442    2.351373 v _2300_/A (sky130_fd_sc_hd__or4_4)
     4    0.009654    0.172924    1.093673    3.445046 v _2300_/X (sky130_fd_sc_hd__or4_4)
                                                         _1553_ (net)
                      0.172924    0.000552    3.445598 v _2304_/A1 (sky130_fd_sc_hd__a21o_1)
     3    0.007600    0.097442    0.368741    3.814339 v _2304_/X (sky130_fd_sc_hd__a21o_1)
                                                         _1557_ (net)
                      0.097443    0.000428    3.814767 v _2307_/A2 (sky130_fd_sc_hd__a21oi_1)
     3    0.011186    0.421956    0.432847    4.247613 ^ _2307_/Y (sky130_fd_sc_hd__a21oi_1)
                                                         _1560_ (net)
                      0.421956    0.000392    4.248005 ^ _2311_/B (sky130_fd_sc_hd__xor2_1)
     3    0.010901    0.416253    0.533586    4.781591 ^ _2311_/X (sky130_fd_sc_hd__xor2_1)
                                                         _1564_ (net)
                      0.416393    0.000981    4.782572 ^ _2313_/A2 (sky130_fd_sc_hd__a21o_1)
     4    0.011023    0.166979    0.416829    5.199401 ^ _2313_/X (sky130_fd_sc_hd__a21o_1)
                                                         _1566_ (net)
                      0.166979    0.000554    5.199955 ^ _2318_/A1 (sky130_fd_sc_hd__a21oi_1)
     3    0.013709    0.248616    0.285204    5.485159 v _2318_/Y (sky130_fd_sc_hd__a21oi_1)
                                                         _1571_ (net)
                      0.248619    0.000735    5.485894 v _2321_/B (sky130_fd_sc_hd__or3_4)
     2    0.006985    0.127851    0.798959    6.284853 v _2321_/X (sky130_fd_sc_hd__or3_4)
                                                         _1574_ (net)
                      0.127852    0.000425    6.285278 v _2326_/A1 (sky130_fd_sc_hd__a21o_1)
     4    0.010200    0.118327    0.368726    6.654004 v _2326_/X (sky130_fd_sc_hd__a21o_1)
                                                         _1579_ (net)
                      0.118330    0.000762    6.654766 v _2328_/B (sky130_fd_sc_hd__and3_1)
     2    0.005905    0.096139    0.384156    7.038921 v _2328_/X (sky130_fd_sc_hd__and3_1)
                                                         _1581_ (net)
                      0.096200    0.000473    7.039394 v _2330_/A (sky130_fd_sc_hd__or3_4)
     3    0.007228    0.128463    0.774798    7.814192 v _2330_/X (sky130_fd_sc_hd__or3_4)
                                                         _1583_ (net)
                      0.128464    0.000242    7.814434 v _2334_/A1 (sky130_fd_sc_hd__a21o_1)
     4    0.010534    0.121059    0.371586    8.186020 v _2334_/X (sky130_fd_sc_hd__a21o_1)
                                                         _1587_ (net)
                      0.121060    0.000576    8.186597 v rebuffer5/A (sky130_fd_sc_hd__dlygate4sd1_1)
     2    0.007389    0.098209    0.536645    8.723241 v rebuffer5/X (sky130_fd_sc_hd__dlygate4sd1_1)
                                                         net58 (net)
                      0.098209    0.000459    8.723701 v _2340_/B1 (sky130_fd_sc_hd__a22oi_2)
     2    0.010571    0.316748    0.291781    9.015481 ^ _2340_/Y (sky130_fd_sc_hd__a22oi_2)
                                                         _1593_ (net)
                      0.316748    0.000460    9.015941 ^ _2344_/A1 (sky130_fd_sc_hd__a22o_1)
     2    0.009554    0.174719    0.437598    9.453539 ^ _2344_/X (sky130_fd_sc_hd__a22o_1)
                                                         _1597_ (net)
                      0.174719    0.000617    9.454156 ^ _2347_/B1 (sky130_fd_sc_hd__a21o_1)
     4    0.014771    0.213348    0.294093    9.748249 ^ _2347_/X (sky130_fd_sc_hd__a21o_1)
                                                         _1600_ (net)
                      0.213351    0.001251    9.749499 ^ _2348_/A2 (sky130_fd_sc_hd__a21oi_2)
     3    0.013890    0.141507    0.219866    9.969365 v _2348_/Y (sky130_fd_sc_hd__a21oi_2)
                                                         _1601_ (net)
                      0.141510    0.000842    9.970207 v _2352_/B (sky130_fd_sc_hd__or3_4)
     3    0.008943    0.132579    0.766372   10.736579 v _2352_/X (sky130_fd_sc_hd__or3_4)
                                                         _0106_ (net)
                      0.132579    0.000626   10.737206 v _2355_/A1 (sky130_fd_sc_hd__a21o_1)
     4    0.010628    0.121857    0.374083   11.111288 v _2355_/X (sky130_fd_sc_hd__a21o_1)
                                                         _0109_ (net)
                      0.121858    0.000610   11.111898 v _2362_/A (sky130_fd_sc_hd__and3_1)
     2    0.005799    0.095348    0.343761   11.455660 v _2362_/X (sky130_fd_sc_hd__and3_1)
                                                         _0116_ (net)
                      0.095348    0.000346   11.456005 v _2364_/C (sky130_fd_sc_hd__or3_4)
     3    0.007292    0.128569    0.673033   12.129039 v _2364_/X (sky130_fd_sc_hd__or3_4)
                                                         _0118_ (net)
                      0.128570    0.000409   12.129447 v _2366_/A1 (sky130_fd_sc_hd__a21o_1)
     4    0.010946    0.124412    0.374744   12.504191 v _2366_/X (sky130_fd_sc_hd__a21o_1)
                                                         _0120_ (net)
                      0.124413    0.000570   12.504761 v _2370_/A (sky130_fd_sc_hd__and3_1)
     2    0.007039    0.105121    0.355136   12.859897 v _2370_/X (sky130_fd_sc_hd__and3_1)
                                                         _0124_ (net)
                      0.105121    0.000393   12.860290 v _2372_/C (sky130_fd_sc_hd__or3_4)
     3    0.009358    0.133613    0.686507   13.546796 v _2372_/X (sky130_fd_sc_hd__or3_4)
                                                         _0126_ (net)
                      0.133613    0.000481   13.547277 v _2378_/A1 (sky130_fd_sc_hd__a21o_1)
     4    0.010322    0.119263    0.372350   13.919627 v _2378_/X (sky130_fd_sc_hd__a21o_1)
                                                         _0132_ (net)
                      0.119263    0.000325   13.919952 v _2383_/A (sky130_fd_sc_hd__and3_1)
     2    0.008249    0.115094    0.362450   14.282402 v _2383_/X (sky130_fd_sc_hd__and3_1)
                                                         _0137_ (net)
                      0.115094    0.000536   14.282939 v _2385_/C (sky130_fd_sc_hd__or3_4)
     3    0.008438    0.131283    0.685389   14.968328 v _2385_/X (sky130_fd_sc_hd__or3_4)
                                                         _0139_ (net)
                      0.131283    0.000430   14.968758 v _2387_/A1 (sky130_fd_sc_hd__a21o_1)
     4    0.012724    0.139188    0.389345   15.358103 v _2387_/X (sky130_fd_sc_hd__a21o_1)
                                                         _0141_ (net)
                      0.139188    0.000389   15.358492 v _2390_/A (sky130_fd_sc_hd__and3_1)
     3    0.012280    0.148701    0.404828   15.763320 v _2390_/X (sky130_fd_sc_hd__and3_1)
                                                         _0144_ (net)
                      0.148701    0.000545   15.763865 v _2392_/C (sky130_fd_sc_hd__or3_4)
     3    0.006967    0.127552    0.689571   16.453436 v _2392_/X (sky130_fd_sc_hd__or3_4)
                                                         _0146_ (net)
                      0.127552    0.000362   16.453798 v _2397_/A1 (sky130_fd_sc_hd__a21o_1)
     4    0.011112    0.125750    0.375614   16.829412 v _2397_/X (sky130_fd_sc_hd__a21o_1)
                                                         _0151_ (net)
                      0.125750    0.000336   16.829748 v _2406_/A (sky130_fd_sc_hd__and3_1)
     2    0.006693    0.102347    0.352951   17.182701 v _2406_/X (sky130_fd_sc_hd__and3_1)
                                                         _0160_ (net)
                      0.102347    0.000233   17.182934 v _2408_/C (sky130_fd_sc_hd__or3_4)
     3    0.008874    0.132444    0.683192   17.866125 v _2408_/X (sky130_fd_sc_hd__or3_4)
                                                         _0162_ (net)
                      0.132444    0.000417   17.866543 v _2410_/A1 (sky130_fd_sc_hd__a21o_1)
     3    0.007019    0.092919    0.346743   18.213285 v _2410_/X (sky130_fd_sc_hd__a21o_1)
                                                         _0164_ (net)
                      0.092919    0.000485   18.213770 v _2413_/A (sky130_fd_sc_hd__and3_1)
     2    0.006355    0.099678    0.334508   18.548279 v _2413_/X (sky130_fd_sc_hd__and3_1)
                                                         _0167_ (net)
                      0.099678    0.000222   18.548500 v _2415_/C (sky130_fd_sc_hd__or3_4)
     3    0.007234    0.128455    0.674220   19.222719 v _2415_/X (sky130_fd_sc_hd__or3_4)
                                                         _0169_ (net)
                      0.128455    0.000428   19.223148 v _2420_/A1 (sky130_fd_sc_hd__a21o_1)
     4    0.012415    0.136631    0.385771   19.608919 v _2420_/X (sky130_fd_sc_hd__a21o_1)
                                                         _0174_ (net)
                      0.136632    0.000590   19.609509 v _2428_/A1 (sky130_fd_sc_hd__a21bo_1)
     1    0.004406    0.075716    0.348191   19.957701 v _2428_/X (sky130_fd_sc_hd__a21bo_1)
                                                         _0180_ (net)
                      0.075716    0.000204   19.957905 v _2429_/B (sky130_fd_sc_hd__xor2_1)
     1    0.002640    0.124198    0.262261   20.220165 v _2429_/X (sky130_fd_sc_hd__xor2_1)
                                                         _0181_ (net)
                      0.124198    0.000123   20.220287 v _2430_/A1 (sky130_fd_sc_hd__mux2_4)
     1    0.002318    0.077020    0.484141   20.704430 v _2430_/X (sky130_fd_sc_hd__mux2_4)
                                                         _0025_ (net)
                      0.077020    0.000108   20.704536 v _3238_/D (sky130_fd_sc_hd__dfrtp_4)
                                             20.704536   data arrival time

                                 14.000000   14.000000   clock clk (rise edge)
                                  0.000000   14.000000   clock source latency
     2    0.042870    0.000000    0.000000   14.000000 ^ clk (in)
                                                         clk (net)
                      0.003060    0.001530   14.001530 ^ clkbuf_0_clk/A (sky130_fd_sc_hd__clkbuf_16)
    17    0.174902    0.284496    0.359749   14.361279 ^ clkbuf_0_clk/X (sky130_fd_sc_hd__clkbuf_16)
                                                         clknet_0_clk (net)
                      0.285699    0.015093   14.376371 ^ clkbuf_3_3__f_clk/A (sky130_fd_sc_hd__clkbuf_16)
    35    0.105003    0.184403    0.414429   14.790800 ^ clkbuf_3_3__f_clk/X (sky130_fd_sc_hd__clkbuf_16)
                                                         clknet_3_3__leaf_clk (net)
                      0.184561    0.004947   14.795747 ^ _3238_/CLK (sky130_fd_sc_hd__dfrtp_4)
                                 -0.100000   14.695747   clock uncertainty
                                  0.000000   14.695747   clock reconvergence pessimism
                                 -0.247253   14.448494   library setup time
                                             14.448494   data required time
---------------------------------------------------------------------------------------------
                                             14.448494   data required time
                                            -20.704536   data arrival time
---------------------------------------------------------------------------------------------
                                             -6.256043   slack (VIOLATED)




===========================================================================
 report_check_types -max_slew -max_cap -max_fanout -violators
============================================================================
======================= max_ss_100C_1v60 Corner ===================================



===========================================================================
report_parasitic_annotation -report_unannotated
============================================================================
Found 7 unannotated drivers.
 clkload0/Y
 clkload1/Y
 clkload2/Y
 clkload3/Y
 clkload4/Y
 clkload5/Y
 clkload6/Y
Found 0 partially unannotated drivers.

===========================================================================
max slew violation count 0
max fanout violation count 0
max cap violation count 0
============================================================================

===========================================================================
check_setup -verbose -unconstrained_endpoints -multiple_clock -no_clock -no_input_delay -loops -generated_clocks
===========================================================================
Warning: There are 36 input ports missing set_input_delay.
  A_in[0]
  A_in[10]
  A_in[11]
  A_in[12]
  A_in[13]
  A_in[14]
  A_in[15]
  A_in[1]
  A_in[2]
  A_in[3]
  A_in[4]
  A_in[5]
  A_in[6]
  A_in[7]
  A_in[8]
  A_in[9]
  B_in[0]
  B_in[10]
  B_in[11]
  B_in[12]
  B_in[13]
  B_in[14]
  B_in[15]
  B_in[1]
  B_in[2]
  B_in[3]
  B_in[4]
  B_in[5]
  B_in[6]
  B_in[7]
  B_in[8]
  B_in[9]
  Op_Sel[0]
  Op_Sel[1]
  Start
  rst_n
Warning: There are 17 unconstrained endpoints.
  Done
  X_out[0]
  X_out[10]
  X_out[11]
  X_out[12]
  X_out[13]
  X_out[14]
  X_out[15]
  X_out[1]
  X_out[2]
  X_out[3]
  X_out[4]
  X_out[5]
  X_out[6]
  X_out[7]
  X_out[8]
  X_out[9]
