Clock: clk
Sources: clk 
Generated: no
Virtual: yes
Propagated: no
Period: 15.000000

===========================================================================
report_clock_properties
============================================================================
Clock                   Period          Waveform
----------------------------------------------------
clk                  15.000000    0.000000  7.500000

===========================================================================
report_clock_latency
============================================================================
Clock clk
rise -> rise
    min     max
0.000000 0.000000 source latency
0.733076         network latency _3221_/CLK
        0.757093 network latency _3296_/CLK
---------------
0.733076 0.757093 latency
        0.024017 skew

fall -> fall
    min     max
0.000000 0.000000 source latency
0.706363         network latency _3221_/CLK
        0.725265 network latency _3296_/CLK
---------------
0.706363 0.725265 latency
        0.018902 skew



===========================================================================
report_clock_min_period
============================================================================
clk period_min = 20.01 fmax = 49.98
