Clock: clk
Sources: clk 
Generated: no
Virtual: yes
Propagated: no
Period: 60.000000

===========================================================================
report_clock_properties
============================================================================
Clock                   Period          Waveform
----------------------------------------------------
clk                  60.000000    0.000000 30.000000

===========================================================================
report_clock_latency
============================================================================
Clock clk
rise -> rise
    min     max
0.000000 0.000000 source latency
0.762956         network latency _3222_/CLK
        0.802092 network latency _3295_/CLK
---------------
0.762956 0.802092 latency
        0.039136 skew

fall -> fall
    min     max
0.000000 0.000000 source latency
0.730413         network latency _3222_/CLK
        0.762164 network latency _3295_/CLK
---------------
0.730413 0.762164 latency
        0.031751 skew



===========================================================================
report_clock_min_period
============================================================================
clk period_min = 23.26 fmax = 42.99
